Java HotSpot(TM) 64-Bit Server VM (25.91-b14) for bsd-amd64 JRE (1.8.0_91-b14), built on Apr  1 2016 01:03:00 by "java_re" with gcc 4.2.1 (Based on Apple Inc. build 5658) (LLVM build 2336.11.00)
Memory: 4k page, physical 8388608k(240544k free)

/proc/meminfo:

CommandLine flags: -XX:CMSInitiatingOccupancyFraction=50 -XX:CMSMaxAbortablePrecleanTime=6000 -XX:+CMSParallelRemarkEnabled -XX:+CMSScavengeBeforeRemark -XX:ConcGCThreads=4 -XX:GCLogFileSize=20971520 -XX:InitialHeapSize=536870912 -XX:MaxHeapSize=536870912 -XX:MaxTenuringThreshold=8 -XX:NewRatio=3 -XX:NumberOfGCLogFiles=9 -XX:OldPLABSize=16 -XX:-OmitStackTraceInFastThrow -XX:OnOutOfMemoryError=/Users/zhoudong/Documents/java/git_repo/opensource/search/solr-7.5.0/bin/oom_solr.sh 8983 /Users/zhoudong/Documents/java/git_repo/opensource/search/solr-7.5.0/server/logs -XX:ParallelGCThreads=4 -XX:+ParallelRefProcEnabled -XX:PretenureSizeThreshold=67108864 -XX:+PrintGC -XX:+PrintGCApplicationStoppedTime -XX:+PrintGCDateStamps -XX:+PrintGCDetails -XX:+PrintGCTimeStamps -XX:+PrintHeapAtGC -XX:+PrintTenuringDistribution -XX:SurvivorRatio=4 -XX:TargetSurvivorRatio=90 -XX:ThreadStackSize=256 -XX:+UseCMSInitiatingOccupancyOnly -XX:+UseCompressedClassPointers -XX:+UseCompressedOops -XX:+UseConcMarkSweepGC -XX:+UseGCLogFileRotation -XX:+UseParNewGC 
2018-12-01T13:26:20.295-0800: 0.354: Total time for which application threads were stopped: 0.0001228 seconds, Stopping threads took: 0.0000111 seconds
2018-12-01T13:26:20.432-0800: 0.491: Total time for which application threads were stopped: 0.0002501 seconds, Stopping threads took: 0.0000162 seconds
2018-12-01T13:26:20.640-0800: 0.699: Total time for which application threads were stopped: 0.0001567 seconds, Stopping threads took: 0.0000121 seconds
2018-12-01T13:26:20.933-0800: 0.993: Total time for which application threads were stopped: 0.0002137 seconds, Stopping threads took: 0.0000106 seconds
2018-12-01T13:26:21.115-0800: 1.174: Total time for which application threads were stopped: 0.0001906 seconds, Stopping threads took: 0.0000117 seconds
2018-12-01T13:26:21.122-0800: 1.181: Total time for which application threads were stopped: 0.0001601 seconds, Stopping threads took: 0.0000104 seconds
2018-12-01T13:26:21.216-0800: 1.276: Total time for which application threads were stopped: 0.0002184 seconds, Stopping threads took: 0.0000203 seconds
2018-12-01T13:26:21.250-0800: 1.309: Total time for which application threads were stopped: 0.0013098 seconds, Stopping threads took: 0.0000215 seconds
{Heap before GC invocations=0 (full 0):
 par new generation   total 109248K, used 87424K [0x00000007a0000000, 0x00000007a8000000, 0x00000007a8000000)
  eden space 87424K, 100% used [0x00000007a0000000, 0x00000007a5560000, 0x00000007a5560000)
  from space 21824K,   0% used [0x00000007a5560000, 0x00000007a5560000, 0x00000007a6ab0000)
  to   space 21824K,   0% used [0x00000007a6ab0000, 0x00000007a6ab0000, 0x00000007a8000000)
 concurrent mark-sweep generation total 393216K, used 0K [0x00000007a8000000, 0x00000007c0000000, 0x00000007c0000000)
 Metaspace       used 17276K, capacity 17616K, committed 17920K, reserved 1064960K
  class space    used 2074K, capacity 2178K, committed 2304K, reserved 1048576K
2018-12-01T13:26:21.556-0800: 1.615: [GC (Allocation Failure) 2018-12-01T13:26:21.556-0800: 1.615: [ParNew
Desired survivor size 20112992 bytes, new threshold 8 (max 8)
- age   1:   10526952 bytes,   10526952 total
: 87424K->10373K(109248K), 0.0119701 secs] 87424K->10373K(502464K), 0.0120943 secs] [Times: user=0.03 sys=0.01, real=0.01 secs] 
Heap after GC invocations=1 (full 0):
 par new generation   total 109248K, used 10373K [0x00000007a0000000, 0x00000007a8000000, 0x00000007a8000000)
  eden space 87424K,   0% used [0x00000007a0000000, 0x00000007a0000000, 0x00000007a5560000)
  from space 21824K,  47% used [0x00000007a6ab0000, 0x00000007a74d1500, 0x00000007a8000000)
  to   space 21824K,   0% used [0x00000007a5560000, 0x00000007a5560000, 0x00000007a6ab0000)
 concurrent mark-sweep generation total 393216K, used 0K [0x00000007a8000000, 0x00000007c0000000, 0x00000007c0000000)
 Metaspace       used 17276K, capacity 17616K, committed 17920K, reserved 1064960K
  class space    used 2074K, capacity 2178K, committed 2304K, reserved 1048576K
}
2018-12-01T13:26:21.568-0800: 1.627: Total time for which application threads were stopped: 0.0122737 seconds, Stopping threads took: 0.0000141 seconds
2018-12-01T13:26:21.695-0800: 1.754: Total time for which application threads were stopped: 0.0002204 seconds, Stopping threads took: 0.0000131 seconds
2018-12-01T13:26:22.029-0800: 2.088: Total time for which application threads were stopped: 0.0000966 seconds, Stopping threads took: 0.0000153 seconds
2018-12-01T13:26:22.041-0800: 2.101: Total time for which application threads were stopped: 0.0000655 seconds, Stopping threads took: 0.0000133 seconds
2018-12-01T13:26:22.047-0800: 2.106: Total time for which application threads were stopped: 0.0000603 seconds, Stopping threads took: 0.0000129 seconds
2018-12-01T13:26:22.074-0800: 2.134: Total time for which application threads were stopped: 0.0001118 seconds, Stopping threads took: 0.0000180 seconds
2018-12-01T13:26:22.124-0800: 2.184: Total time for which application threads were stopped: 0.0000888 seconds, Stopping threads took: 0.0000178 seconds
2018-12-01T13:26:22.153-0800: 2.212: Total time for which application threads were stopped: 0.0001440 seconds, Stopping threads took: 0.0000773 seconds
{Heap before GC invocations=1 (full 0):
 par new generation   total 109248K, used 97797K [0x00000007a0000000, 0x00000007a8000000, 0x00000007a8000000)
  eden space 87424K, 100% used [0x00000007a0000000, 0x00000007a5560000, 0x00000007a5560000)
  from space 21824K,  47% used [0x00000007a6ab0000, 0x00000007a74d1500, 0x00000007a8000000)
  to   space 21824K,   0% used [0x00000007a5560000, 0x00000007a5560000, 0x00000007a6ab0000)
 concurrent mark-sweep generation total 393216K, used 0K [0x00000007a8000000, 0x00000007c0000000, 0x00000007c0000000)
 Metaspace       used 22378K, capacity 22822K, committed 23288K, reserved 1069056K
  class space    used 2714K, capacity 2867K, committed 2968K, reserved 1048576K
2018-12-01T13:26:22.430-0800: 2.489: [GC (Allocation Failure) 2018-12-01T13:26:22.430-0800: 2.490: [ParNew
Desired survivor size 20112992 bytes, new threshold 8 (max 8)
- age   1:    4820640 bytes,    4820640 total
- age   2:    4936592 bytes,    9757232 total
: 97797K->12435K(109248K), 0.0178875 secs] 97797K->12435K(502464K), 0.0180482 secs] [Times: user=0.04 sys=0.00, real=0.01 secs] 
Heap after GC invocations=2 (full 0):
 par new generation   total 109248K, used 12435K [0x00000007a0000000, 0x00000007a8000000, 0x00000007a8000000)
  eden space 87424K,   0% used [0x00000007a0000000, 0x00000007a0000000, 0x00000007a5560000)
  from space 21824K,  56% used [0x00000007a5560000, 0x00000007a6184f40, 0x00000007a6ab0000)
  to   space 21824K,   0% used [0x00000007a6ab0000, 0x00000007a6ab0000, 0x00000007a8000000)
 concurrent mark-sweep generation total 393216K, used 0K [0x00000007a8000000, 0x00000007c0000000, 0x00000007c0000000)
 Metaspace       used 22378K, capacity 22822K, committed 23288K, reserved 1069056K
  class space    used 2714K, capacity 2867K, committed 2968K, reserved 1048576K
}
2018-12-01T13:26:22.448-0800: 2.508: Total time for which application threads were stopped: 0.0182777 seconds, Stopping threads took: 0.0000250 seconds
2018-12-01T13:26:22.448-0800: 2.508: [GC (CMS Initial Mark) [1 CMS-initial-mark: 0K(393216K)] 12436K(502464K), 0.0025039 secs] [Times: user=0.01 sys=0.01, real=0.01 secs] 
2018-12-01T13:26:22.451-0800: 2.510: Total time for which application threads were stopped: 0.0026721 seconds, Stopping threads took: 0.0000438 seconds
2018-12-01T13:26:22.451-0800: 2.510: [CMS-concurrent-mark-start]
2018-12-01T13:26:22.461-0800: 2.520: [CMS-concurrent-mark: 0.010/0.010 secs] [Times: user=0.03 sys=0.00, real=0.01 secs] 
2018-12-01T13:26:22.461-0800: 2.520: [CMS-concurrent-preclean-start]
2018-12-01T13:26:22.462-0800: 2.522: [CMS-concurrent-preclean: 0.001/0.001 secs] [Times: user=0.01 sys=0.00, real=0.00 secs] 
2018-12-01T13:26:22.462-0800: 2.522: [CMS-concurrent-abortable-preclean-start]
2018-12-01T13:26:22.519-0800: 2.578: Total time for which application threads were stopped: 0.0003252 seconds, Stopping threads took: 0.0000689 seconds
2018-12-01T13:26:22.557-0800: 2.616: Total time for which application threads were stopped: 0.0003411 seconds, Stopping threads took: 0.0000188 seconds
2018-12-01T13:26:22.558-0800: 2.617: Total time for which application threads were stopped: 0.0003696 seconds, Stopping threads took: 0.0000169 seconds
2018-12-01T13:26:22.568-0800: 2.628: Total time for which application threads were stopped: 0.0001001 seconds, Stopping threads took: 0.0000188 seconds
2018-12-01T13:26:22.629-0800: 2.689: Total time for which application threads were stopped: 0.0000832 seconds, Stopping threads took: 0.0000165 seconds
2018-12-01T13:26:22.637-0800: 2.696: Total time for which application threads were stopped: 0.0002763 seconds, Stopping threads took: 0.0000172 seconds
2018-12-01T13:26:22.646-0800: 2.705: Total time for which application threads were stopped: 0.0000984 seconds, Stopping threads took: 0.0000189 seconds
2018-12-01T13:26:22.649-0800: 2.708: Total time for which application threads were stopped: 0.0003538 seconds, Stopping threads took: 0.0000197 seconds
2018-12-01T13:26:22.678-0800: 2.738: Total time for which application threads were stopped: 0.0001128 seconds, Stopping threads took: 0.0000200 seconds
2018-12-01T13:26:22.728-0800: 2.787: Total time for which application threads were stopped: 0.0001387 seconds, Stopping threads took: 0.0000432 seconds
2018-12-01T13:26:22.818-0800: 2.877: Total time for which application threads were stopped: 0.0000769 seconds, Stopping threads took: 0.0000173 seconds
2018-12-01T13:26:22.871-0800: 2.930: Total time for which application threads were stopped: 0.0000728 seconds, Stopping threads took: 0.0000135 seconds
2018-12-01T13:26:22.915-0800: 2.974: Total time for which application threads were stopped: 0.0001025 seconds, Stopping threads took: 0.0000166 seconds
2018-12-01T13:26:23.021-0800: 3.080: Total time for which application threads were stopped: 0.0001309 seconds, Stopping threads took: 0.0000218 seconds
2018-12-01T13:26:23.043-0800: 3.103: Total time for which application threads were stopped: 0.0002948 seconds, Stopping threads took: 0.0000164 seconds
2018-12-01T13:26:23.125-0800: 3.185: Total time for which application threads were stopped: 0.0000955 seconds, Stopping threads took: 0.0000191 seconds
2018-12-01T13:26:23.125-0800: 3.185: [CMS-concurrent-abortable-preclean: 0.380/0.663 secs] [Times: user=1.68 sys=0.06, real=0.66 secs] 
2018-12-01T13:26:23.126-0800: 3.185: [GC (CMS Final Remark) [YG occupancy: 64091 K (109248 K)]{Heap before GC invocations=2 (full 1):
 par new generation   total 109248K, used 64091K [0x00000007a0000000, 0x00000007a8000000, 0x00000007a8000000)
  eden space 87424K,  59% used [0x00000007a0000000, 0x00000007a3272008, 0x00000007a5560000)
  from space 21824K,  56% used [0x00000007a5560000, 0x00000007a6184f40, 0x00000007a6ab0000)
  to   space 21824K,   0% used [0x00000007a6ab0000, 0x00000007a6ab0000, 0x00000007a8000000)
 concurrent mark-sweep generation total 393216K, used 0K [0x00000007a8000000, 0x00000007c0000000, 0x00000007c0000000)
 Metaspace       used 25643K, capacity 26144K, committed 26532K, reserved 1073152K
  class space    used 3134K, capacity 3314K, committed 3400K, reserved 1048576K
2018-12-01T13:26:23.126-0800: 3.185: [GC (CMS Final Remark) 2018-12-01T13:26:23.126-0800: 3.185: [ParNew
Desired survivor size 20112992 bytes, new threshold 8 (max 8)
- age   1:    4128112 bytes,    4128112 total
- age   2:    1191280 bytes,    5319392 total
- age   3:    4897216 bytes,   10216608 total
: 64091K->12817K(109248K), 0.0103661 secs] 64091K->12817K(502464K), 0.0104307 secs] [Times: user=0.04 sys=0.00, real=0.01 secs] 
Heap after GC invocations=3 (full 1):
 par new generation   total 109248K, used 12817K [0x00000007a0000000, 0x00000007a8000000, 0x00000007a8000000)
  eden space 87424K,   0% used [0x00000007a0000000, 0x00000007a0000000, 0x00000007a5560000)
  from space 21824K,  58% used [0x00000007a6ab0000, 0x00000007a77344c0, 0x00000007a8000000)
  to   space 21824K,   0% used [0x00000007a5560000, 0x00000007a5560000, 0x00000007a6ab0000)
 concurrent mark-sweep generation total 393216K, used 0K [0x00000007a8000000, 0x00000007c0000000, 0x00000007c0000000)
 Metaspace       used 25643K, capacity 26144K, committed 26532K, reserved 1073152K
  class space    used 3134K, capacity 3314K, committed 3400K, reserved 1048576K
}
2018-12-01T13:26:23.136-0800: 3.195: [Rescan (parallel) , 0.0030523 secs]2018-12-01T13:26:23.139-0800: 3.199: [weak refs processing, 0.0007826 secs]2018-12-01T13:26:23.140-0800: 3.199: [class unloading, 0.0035233 secs]2018-12-01T13:26:23.144-0800: 3.203: [scrub symbol table, 0.0037636 secs]2018-12-01T13:26:23.147-0800: 3.207: [scrub string table, 0.0002943 secs][1 CMS-remark: 0K(393216K)] 12817K(502464K), 0.0228748 secs] [Times: user=0.06 sys=0.00, real=0.02 secs] 
2018-12-01T13:26:23.148-0800: 3.208: Total time for which application threads were stopped: 0.0229711 seconds, Stopping threads took: 0.0000116 seconds
2018-12-01T13:26:23.149-0800: 3.208: [CMS-concurrent-sweep-start]
2018-12-01T13:26:23.149-0800: 3.208: [CMS-concurrent-sweep: 0.000/0.000 secs] [Times: user=0.00 sys=0.00, real=0.00 secs] 
2018-12-01T13:26:23.149-0800: 3.208: [CMS-concurrent-reset-start]
2018-12-01T13:26:23.153-0800: 3.213: [CMS-concurrent-reset: 0.005/0.005 secs] [Times: user=0.01 sys=0.00, real=0.01 secs] 
2018-12-01T13:26:23.415-0800: 3.474: Total time for which application threads were stopped: 0.0006145 seconds, Stopping threads took: 0.0000594 seconds
{Heap before GC invocations=3 (full 1):
 par new generation   total 109248K, used 100241K [0x00000007a0000000, 0x00000007a8000000, 0x00000007a8000000)
  eden space 87424K, 100% used [0x00000007a0000000, 0x00000007a5560000, 0x00000007a5560000)
  from space 21824K,  58% used [0x00000007a6ab0000, 0x00000007a77344c0, 0x00000007a8000000)
  to   space 21824K,   0% used [0x00000007a5560000, 0x00000007a5560000, 0x00000007a6ab0000)
 concurrent mark-sweep generation total 393216K, used 0K [0x00000007a8000000, 0x00000007c0000000, 0x00000007c0000000)
 Metaspace       used 29251K, capacity 29952K, committed 30280K, reserved 1075200K
  class space    used 3621K, capacity 3848K, committed 3912K, reserved 1048576K
2018-12-01T13:26:23.741-0800: 3.801: [GC (Allocation Failure) 2018-12-01T13:26:23.741-0800: 3.801: [ParNew
Desired survivor size 20112992 bytes, new threshold 8 (max 8)
- age   1:    4847728 bytes,    4847728 total
- age   2:    2326536 bytes,    7174264 total
- age   3:    1184176 bytes,    8358440 total
- age   4:    4802016 bytes,   13160456 total
: 100241K->17527K(109248K), 0.0162271 secs] 100241K->17527K(502464K), 0.0163439 secs] [Times: user=0.05 sys=0.00, real=0.01 secs] 
Heap after GC invocations=4 (full 1):
 par new generation   total 109248K, used 17527K [0x00000007a0000000, 0x00000007a8000000, 0x00000007a8000000)
  eden space 87424K,   0% used [0x00000007a0000000, 0x00000007a0000000, 0x00000007a5560000)
  from space 21824K,  80% used [0x00000007a5560000, 0x00000007a667dd00, 0x00000007a6ab0000)
  to   space 21824K,   0% used [0x00000007a6ab0000, 0x00000007a6ab0000, 0x00000007a8000000)
 concurrent mark-sweep generation total 393216K, used 0K [0x00000007a8000000, 0x00000007c0000000, 0x00000007c0000000)
 Metaspace       used 29251K, capacity 29952K, committed 30280K, reserved 1075200K
  class space    used 3621K, capacity 3848K, committed 3912K, reserved 1048576K
}
2018-12-01T13:26:23.758-0800: 3.817: Total time for which application threads were stopped: 0.0166416 seconds, Stopping threads took: 0.0000413 seconds
2018-12-01T13:26:23.851-0800: 3.911: Total time for which application threads were stopped: 0.0003913 seconds, Stopping threads took: 0.0000446 seconds
2018-12-01T13:26:23.873-0800: 3.932: Total time for which application threads were stopped: 0.0005315 seconds, Stopping threads took: 0.0000949 seconds
2018-12-01T13:26:24.055-0800: 4.115: Total time for which application threads were stopped: 0.0005869 seconds, Stopping threads took: 0.0000251 seconds
{Heap before GC invocations=4 (full 1):
 par new generation   total 109248K, used 104951K [0x00000007a0000000, 0x00000007a8000000, 0x00000007a8000000)
  eden space 87424K, 100% used [0x00000007a0000000, 0x00000007a5560000, 0x00000007a5560000)
  from space 21824K,  80% used [0x00000007a5560000, 0x00000007a667dd00, 0x00000007a6ab0000)
  to   space 21824K,   0% used [0x00000007a6ab0000, 0x00000007a6ab0000, 0x00000007a8000000)
 concurrent mark-sweep generation total 393216K, used 0K [0x00000007a8000000, 0x00000007c0000000, 0x00000007c0000000)
 Metaspace       used 30382K, capacity 31062K, committed 31432K, reserved 1077248K
  class space    used 3741K, capacity 3987K, committed 4040K, reserved 1048576K
2018-12-01T13:26:24.061-0800: 4.120: [GC (Allocation Failure) 2018-12-01T13:26:24.061-0800: 4.121: [ParNew
Desired survivor size 20112992 bytes, new threshold 8 (max 8)
- age   1:    2062864 bytes,    2062864 total
- age   2:    1619216 bytes,    3682080 total
- age   3:    2323896 bytes,    6005976 total
- age   4:    1183664 bytes,    7189640 total
- age   5:    4800584 bytes,   11990224 total
: 104951K->15772K(109248K), 0.0138894 secs] 104951K->15772K(502464K), 0.0140143 secs] [Times: user=0.05 sys=0.00, real=0.01 secs] 
Heap after GC invocations=5 (full 1):
 par new generation   total 109248K, used 15772K [0x00000007a0000000, 0x00000007a8000000, 0x00000007a8000000)
  eden space 87424K,   0% used [0x00000007a0000000, 0x00000007a0000000, 0x00000007a5560000)
  from space 21824K,  72% used [0x00000007a6ab0000, 0x00000007a7a17170, 0x00000007a8000000)
  to   space 21824K,   0% used [0x00000007a5560000, 0x00000007a5560000, 0x00000007a6ab0000)
 concurrent mark-sweep generation total 393216K, used 0K [0x00000007a8000000, 0x00000007c0000000, 0x00000007c0000000)
 Metaspace       used 30382K, capacity 31062K, committed 31432K, reserved 1077248K
  class space    used 3741K, capacity 3987K, committed 4040K, reserved 1048576K
}
2018-12-01T13:26:24.075-0800: 4.135: Total time for which application threads were stopped: 0.0142373 seconds, Stopping threads took: 0.0000393 seconds
2018-12-01T13:26:24.076-0800: 4.135: Total time for which application threads were stopped: 0.0001355 seconds, Stopping threads took: 0.0000450 seconds
2018-12-01T13:26:24.088-0800: 4.148: Total time for which application threads were stopped: 0.0001818 seconds, Stopping threads took: 0.0000285 seconds
2018-12-01T13:26:24.100-0800: 4.159: Total time for which application threads were stopped: 0.0001704 seconds, Stopping threads took: 0.0000416 seconds
2018-12-01T13:26:24.101-0800: 4.160: Total time for which application threads were stopped: 0.0001455 seconds, Stopping threads took: 0.0000373 seconds
2018-12-01T13:26:24.101-0800: 4.161: Total time for which application threads were stopped: 0.0001459 seconds, Stopping threads took: 0.0000393 seconds
2018-12-01T13:26:24.102-0800: 4.161: Total time for which application threads were stopped: 0.0001273 seconds, Stopping threads took: 0.0000345 seconds
2018-12-01T13:26:24.102-0800: 4.161: Total time for which application threads were stopped: 0.0001294 seconds, Stopping threads took: 0.0000297 seconds
2018-12-01T13:26:24.102-0800: 4.162: Total time for which application threads were stopped: 0.0001320 seconds, Stopping threads took: 0.0000337 seconds
2018-12-01T13:26:24.103-0800: 4.162: Total time for which application threads were stopped: 0.0001546 seconds, Stopping threads took: 0.0000421 seconds
2018-12-01T13:26:24.103-0800: 4.163: Total time for which application threads were stopped: 0.0001329 seconds, Stopping threads took: 0.0000349 seconds
2018-12-01T13:26:24.106-0800: 4.165: Total time for which application threads were stopped: 0.0001620 seconds, Stopping threads took: 0.0000400 seconds
2018-12-01T13:26:24.106-0800: 4.165: Total time for which application threads were stopped: 0.0001419 seconds, Stopping threads took: 0.0000336 seconds
2018-12-01T13:26:24.106-0800: 4.166: Total time for which application threads were stopped: 0.0001200 seconds, Stopping threads took: 0.0000296 seconds
2018-12-01T13:26:24.107-0800: 4.166: Total time for which application threads were stopped: 0.0001177 seconds, Stopping threads took: 0.0000330 seconds
2018-12-01T13:26:24.107-0800: 4.166: Total time for which application threads were stopped: 0.0001202 seconds, Stopping threads took: 0.0000319 seconds
2018-12-01T13:26:24.108-0800: 4.167: Total time for which application threads were stopped: 0.0001827 seconds, Stopping threads took: 0.0000559 seconds
2018-12-01T13:26:24.110-0800: 4.170: Total time for which application threads were stopped: 0.0001535 seconds, Stopping threads took: 0.0000447 seconds
2018-12-01T13:26:24.110-0800: 4.170: Total time for which application threads were stopped: 0.0001208 seconds, Stopping threads took: 0.0000397 seconds
2018-12-01T13:26:24.128-0800: 4.188: Total time for which application threads were stopped: 0.0003725 seconds, Stopping threads took: 0.0002316 seconds
2018-12-01T13:26:24.129-0800: 4.188: Total time for which application threads were stopped: 0.0006488 seconds, Stopping threads took: 0.0005471 seconds
2018-12-01T13:26:24.132-0800: 4.191: Total time for which application threads were stopped: 0.0002687 seconds, Stopping threads took: 0.0000503 seconds
2018-12-01T13:26:24.395-0800: 4.455: Total time for which application threads were stopped: 0.0001696 seconds, Stopping threads took: 0.0000427 seconds
{Heap before GC invocations=5 (full 1):
 par new generation   total 109248K, used 103196K [0x00000007a0000000, 0x00000007a8000000, 0x00000007a8000000)
  eden space 87424K, 100% used [0x00000007a0000000, 0x00000007a5560000, 0x00000007a5560000)
  from space 21824K,  72% used [0x00000007a6ab0000, 0x00000007a7a17170, 0x00000007a8000000)
  to   space 21824K,   0% used [0x00000007a5560000, 0x00000007a5560000, 0x00000007a6ab0000)
 concurrent mark-sweep generation total 393216K, used 0K [0x00000007a8000000, 0x00000007c0000000, 0x00000007c0000000)
 Metaspace       used 31998K, capacity 32804K, committed 32968K, reserved 1077248K
  class space    used 3960K, capacity 4212K, committed 4296K, reserved 1048576K
2018-12-01T13:26:24.425-0800: 4.484: [GC (Allocation Failure) 2018-12-01T13:26:24.425-0800: 4.484: [ParNew
Desired survivor size 20112992 bytes, new threshold 8 (max 8)
- age   1:    1751352 bytes,    1751352 total
- age   2:    1037872 bytes,    2789224 total
- age   3:    1618728 bytes,    4407952 total
- age   4:    2320624 bytes,    6728576 total
- age   5:    1183152 bytes,    7911728 total
- age   6:    4800056 bytes,   12711784 total
: 103196K->15358K(109248K), 0.0127612 secs] 103196K->15358K(502464K), 0.0129144 secs] [Times: user=0.05 sys=0.01, real=0.01 secs] 
Heap after GC invocations=6 (full 1):
 par new generation   total 109248K, used 15358K [0x00000007a0000000, 0x00000007a8000000, 0x00000007a8000000)
  eden space 87424K,   0% used [0x00000007a0000000, 0x00000007a0000000, 0x00000007a5560000)
  from space 21824K,  70% used [0x00000007a5560000, 0x00000007a645fa10, 0x00000007a6ab0000)
  to   space 21824K,   0% used [0x00000007a6ab0000, 0x00000007a6ab0000, 0x00000007a8000000)
 concurrent mark-sweep generation total 393216K, used 0K [0x00000007a8000000, 0x00000007c0000000, 0x00000007c0000000)
 Metaspace       used 31998K, capacity 32804K, committed 32968K, reserved 1077248K
  class space    used 3960K, capacity 4212K, committed 4296K, reserved 1048576K
}
2018-12-01T13:26:24.438-0800: 4.497: Total time for which application threads were stopped: 0.0131921 seconds, Stopping threads took: 0.0000858 seconds
2018-12-01T13:26:24.441-0800: 4.500: Total time for which application threads were stopped: 0.0003603 seconds, Stopping threads took: 0.0002417 seconds
2018-12-01T13:26:24.552-0800: 4.611: Total time for which application threads were stopped: 0.0001391 seconds, Stopping threads took: 0.0000232 seconds
{Heap before GC invocations=6 (full 1):
 par new generation   total 109248K, used 102782K [0x00000007a0000000, 0x00000007a8000000, 0x00000007a8000000)
  eden space 87424K, 100% used [0x00000007a0000000, 0x00000007a5560000, 0x00000007a5560000)
  from space 21824K,  70% used [0x00000007a5560000, 0x00000007a645fa10, 0x00000007a6ab0000)
  to   space 21824K,   0% used [0x00000007a6ab0000, 0x00000007a6ab0000, 0x00000007a8000000)
 concurrent mark-sweep generation total 393216K, used 0K [0x00000007a8000000, 0x00000007c0000000, 0x00000007c0000000)
 Metaspace       used 32936K, capacity 33726K, committed 33864K, reserved 1079296K
  class space    used 4153K, capacity 4409K, committed 4424K, reserved 1048576K
2018-12-01T13:26:24.632-0800: 4.691: [GC (Allocation Failure) 2018-12-01T13:26:24.632-0800: 4.691: [ParNew
Desired survivor size 20112992 bytes, new threshold 8 (max 8)
- age   1:    1575320 bytes,    1575320 total
- age   2:     454536 bytes,    2029856 total
- age   3:    1037592 bytes,    3067448 total
- age   4:    1618264 bytes,    4685712 total
- age   5:    2320672 bytes,    7006384 total
- age   6:    1183184 bytes,    8189568 total
- age   7:    4800280 bytes,   12989848 total
: 102782K->18980K(109248K), 0.0170970 secs] 102782K->18980K(502464K), 0.0172390 secs] [Times: user=0.06 sys=0.00, real=0.01 secs] 
Heap after GC invocations=7 (full 1):
 par new generation   total 109248K, used 18980K [0x00000007a0000000, 0x00000007a8000000, 0x00000007a8000000)
  eden space 87424K,   0% used [0x00000007a0000000, 0x00000007a0000000, 0x00000007a5560000)
  from space 21824K,  86% used [0x00000007a6ab0000, 0x00000007a7d393c0, 0x00000007a8000000)
  to   space 21824K,   0% used [0x00000007a5560000, 0x00000007a5560000, 0x00000007a6ab0000)
 concurrent mark-sweep generation total 393216K, used 0K [0x00000007a8000000, 0x00000007c0000000, 0x00000007c0000000)
 Metaspace       used 32936K, capacity 33726K, committed 33864K, reserved 1079296K
  class space    used 4153K, capacity 4409K, committed 4424K, reserved 1048576K
}
2018-12-01T13:26:24.649-0800: 4.708: Total time for which application threads were stopped: 0.0175994 seconds, Stopping threads took: 0.0001295 seconds
2018-12-01T13:26:24.669-0800: 4.728: Total time for which application threads were stopped: 0.0001595 seconds, Stopping threads took: 0.0000792 seconds
2018-12-01T13:26:24.685-0800: 4.744: Total time for which application threads were stopped: 0.0001922 seconds, Stopping threads took: 0.0000898 seconds
2018-12-01T13:26:24.805-0800: 4.864: Total time for which application threads were stopped: 0.0002305 seconds, Stopping threads took: 0.0000437 seconds
2018-12-01T13:26:24.805-0800: 4.865: Total time for which application threads were stopped: 0.0001044 seconds, Stopping threads took: 0.0000256 seconds
2018-12-01T13:26:24.879-0800: 4.938: Total time for which application threads were stopped: 0.0002350 seconds, Stopping threads took: 0.0000572 seconds
2018-12-01T13:26:24.952-0800: 5.011: Total time for which application threads were stopped: 0.0002478 seconds, Stopping threads took: 0.0001132 seconds
2018-12-01T13:26:24.952-0800: 5.012: Total time for which application threads were stopped: 0.0001408 seconds, Stopping threads took: 0.0000197 seconds
2018-12-01T13:26:24.960-0800: 5.019: Total time for which application threads were stopped: 0.0001735 seconds, Stopping threads took: 0.0000557 seconds
2018-12-01T13:26:24.969-0800: 5.029: Total time for which application threads were stopped: 0.0001835 seconds, Stopping threads took: 0.0000271 seconds
2018-12-01T13:26:24.969-0800: 5.029: Total time for which application threads were stopped: 0.0001357 seconds, Stopping threads took: 0.0000185 seconds
2018-12-01T13:26:24.970-0800: 5.030: Total time for which application threads were stopped: 0.0006386 seconds, Stopping threads took: 0.0004435 seconds
2018-12-01T13:26:24.970-0800: 5.030: Total time for which application threads were stopped: 0.0001895 seconds, Stopping threads took: 0.0000423 seconds
2018-12-01T13:26:24.971-0800: 5.030: Total time for which application threads were stopped: 0.0001456 seconds, Stopping threads took: 0.0000345 seconds
2018-12-01T13:26:25.010-0800: 5.070: Total time for which application threads were stopped: 0.0001803 seconds, Stopping threads took: 0.0000715 seconds
2018-12-01T13:26:25.013-0800: 5.072: Total time for which application threads were stopped: 0.0004593 seconds, Stopping threads took: 0.0003597 seconds
2018-12-01T13:26:25.013-0800: 5.073: Total time for which application threads were stopped: 0.0001246 seconds, Stopping threads took: 0.0000366 seconds
2018-12-01T13:26:25.014-0800: 5.073: Total time for which application threads were stopped: 0.0001267 seconds, Stopping threads took: 0.0000445 seconds
2018-12-01T13:26:25.014-0800: 5.074: Total time for which application threads were stopped: 0.0001183 seconds, Stopping threads took: 0.0000468 seconds
2018-12-01T13:26:25.014-0800: 5.074: Total time for which application threads were stopped: 0.0001619 seconds, Stopping threads took: 0.0000849 seconds
2018-12-01T13:26:25.015-0800: 5.074: Total time for which application threads were stopped: 0.0001115 seconds, Stopping threads took: 0.0000497 seconds
2018-12-01T13:26:25.015-0800: 5.074: Total time for which application threads were stopped: 0.0001941 seconds, Stopping threads took: 0.0000245 seconds
2018-12-01T13:26:25.018-0800: 5.077: Total time for which application threads were stopped: 0.0005695 seconds, Stopping threads took: 0.0000457 seconds
{Heap before GC invocations=7 (full 1):
 par new generation   total 109248K, used 106404K [0x00000007a0000000, 0x00000007a8000000, 0x00000007a8000000)
  eden space 87424K, 100% used [0x00000007a0000000, 0x00000007a5560000, 0x00000007a5560000)
  from space 21824K,  86% used [0x00000007a6ab0000, 0x00000007a7d393c0, 0x00000007a8000000)
  to   space 21824K,   0% used [0x00000007a5560000, 0x00000007a5560000, 0x00000007a6ab0000)
 concurrent mark-sweep generation total 393216K, used 0K [0x00000007a8000000, 0x00000007c0000000, 0x00000007c0000000)
 Metaspace       used 35230K, capacity 36072K, committed 36168K, reserved 1081344K
  class space    used 4385K, capacity 4648K, committed 4680K, reserved 1048576K
2018-12-01T13:26:25.085-0800: 5.144: [GC (Allocation Failure) 2018-12-01T13:26:25.085-0800: 5.144: [ParNew
Desired survivor size 20112992 bytes, new threshold 8 (max 8)
- age   1:    3569544 bytes,    3569544 total
- age   2:     219152 bytes,    3788696 total
- age   3:     440080 bytes,    4228776 total
- age   4:    1033128 bytes,    5261904 total
- age   5:    1590824 bytes,    6852728 total
- age   6:    2316848 bytes,    9169576 total
- age   7:    1179360 bytes,   10348936 total
- age   8:    4799840 bytes,   15148776 total
: 106404K->18671K(109248K), 0.0177240 secs] 106404K->18671K(502464K), 0.0178764 secs] [Times: user=0.06 sys=0.00, real=0.02 secs] 
Heap after GC invocations=8 (full 1):
 par new generation   total 109248K, used 18671K [0x00000007a0000000, 0x00000007a8000000, 0x00000007a8000000)
  eden space 87424K,   0% used [0x00000007a0000000, 0x00000007a0000000, 0x00000007a5560000)
  from space 21824K,  85% used [0x00000007a5560000, 0x00000007a679bc60, 0x00000007a6ab0000)
  to   space 21824K,   0% used [0x00000007a6ab0000, 0x00000007a6ab0000, 0x00000007a8000000)
 concurrent mark-sweep generation total 393216K, used 0K [0x00000007a8000000, 0x00000007c0000000, 0x00000007c0000000)
 Metaspace       used 35230K, capacity 36072K, committed 36168K, reserved 1081344K
  class space    used 4385K, capacity 4648K, committed 4680K, reserved 1048576K
}
2018-12-01T13:26:25.103-0800: 5.162: Total time for which application threads were stopped: 0.0181640 seconds, Stopping threads took: 0.0000502 seconds
2018-12-01T13:26:25.115-0800: 5.174: Total time for which application threads were stopped: 0.0002458 seconds, Stopping threads took: 0.0000374 seconds
2018-12-01T13:26:25.116-0800: 5.175: Total time for which application threads were stopped: 0.0001568 seconds, Stopping threads took: 0.0000377 seconds
2018-12-01T13:26:25.218-0800: 5.277: Total time for which application threads were stopped: 0.0002580 seconds, Stopping threads took: 0.0001215 seconds
2018-12-01T13:26:25.218-0800: 5.277: Total time for which application threads were stopped: 0.0001332 seconds, Stopping threads took: 0.0000154 seconds
2018-12-01T13:26:25.218-0800: 5.278: Total time for which application threads were stopped: 0.0001201 seconds, Stopping threads took: 0.0000320 seconds
2018-12-01T13:26:25.218-0800: 5.278: Total time for which application threads were stopped: 0.0001113 seconds, Stopping threads took: 0.0000346 seconds
2018-12-01T13:26:25.228-0800: 5.288: Total time for which application threads were stopped: 0.0001825 seconds, Stopping threads took: 0.0000328 seconds
2018-12-01T13:26:25.232-0800: 5.291: Total time for which application threads were stopped: 0.0001608 seconds, Stopping threads took: 0.0000538 seconds
2018-12-01T13:26:25.233-0800: 5.292: Total time for which application threads were stopped: 0.0001649 seconds, Stopping threads took: 0.0000773 seconds
2018-12-01T13:26:25.235-0800: 5.294: Total time for which application threads were stopped: 0.0001280 seconds, Stopping threads took: 0.0000212 seconds
2018-12-01T13:26:25.236-0800: 5.295: Total time for which application threads were stopped: 0.0002443 seconds, Stopping threads took: 0.0001172 seconds
2018-12-01T13:26:25.239-0800: 5.298: Total time for which application threads were stopped: 0.0001822 seconds, Stopping threads took: 0.0000486 seconds
2018-12-01T13:26:25.244-0800: 5.303: Total time for which application threads were stopped: 0.0001923 seconds, Stopping threads took: 0.0000839 seconds
2018-12-01T13:26:25.244-0800: 5.303: Total time for which application threads were stopped: 0.0001090 seconds, Stopping threads took: 0.0000399 seconds
2018-12-01T13:26:25.245-0800: 5.304: Total time for which application threads were stopped: 0.0001677 seconds, Stopping threads took: 0.0000425 seconds
2018-12-01T13:26:25.246-0800: 5.306: Total time for which application threads were stopped: 0.0002038 seconds, Stopping threads took: 0.0000814 seconds
2018-12-01T13:26:25.247-0800: 5.307: Total time for which application threads were stopped: 0.0001411 seconds, Stopping threads took: 0.0000481 seconds
2018-12-01T13:26:25.247-0800: 5.307: Total time for which application threads were stopped: 0.0001134 seconds, Stopping threads took: 0.0000247 seconds
2018-12-01T13:26:25.248-0800: 5.307: Total time for which application threads were stopped: 0.0001000 seconds, Stopping threads took: 0.0000255 seconds
2018-12-01T13:26:25.248-0800: 5.307: Total time for which application threads were stopped: 0.0001726 seconds, Stopping threads took: 0.0000826 seconds
2018-12-01T13:26:25.248-0800: 5.307: Total time for which application threads were stopped: 0.0000969 seconds, Stopping threads took: 0.0000235 seconds
2018-12-01T13:26:25.248-0800: 5.308: Total time for which application threads were stopped: 0.0001467 seconds, Stopping threads took: 0.0000668 seconds
2018-12-01T13:26:25.248-0800: 5.308: Total time for which application threads were stopped: 0.0001037 seconds, Stopping threads took: 0.0000277 seconds
2018-12-01T13:26:25.250-0800: 5.309: Total time for which application threads were stopped: 0.0002022 seconds, Stopping threads took: 0.0000717 seconds
2018-12-01T13:26:25.251-0800: 5.310: Total time for which application threads were stopped: 0.0001926 seconds, Stopping threads took: 0.0000826 seconds
2018-12-01T13:26:25.252-0800: 5.312: Total time for which application threads were stopped: 0.0002066 seconds, Stopping threads took: 0.0000920 seconds
2018-12-01T13:26:25.252-0800: 5.312: Total time for which application threads were stopped: 0.0001111 seconds, Stopping threads took: 0.0000259 seconds
2018-12-01T13:26:25.253-0800: 5.312: Total time for which application threads were stopped: 0.0001185 seconds, Stopping threads took: 0.0000311 seconds
2018-12-01T13:26:25.253-0800: 5.313: Total time for which application threads were stopped: 0.0001601 seconds, Stopping threads took: 0.0000371 seconds
2018-12-01T13:26:25.254-0800: 5.313: Total time for which application threads were stopped: 0.0001935 seconds, Stopping threads took: 0.0000251 seconds
2018-12-01T13:26:25.255-0800: 5.315: Total time for which application threads were stopped: 0.0001510 seconds, Stopping threads took: 0.0000505 seconds
2018-12-01T13:26:25.261-0800: 5.320: Total time for which application threads were stopped: 0.0001628 seconds, Stopping threads took: 0.0000466 seconds
2018-12-01T13:26:25.263-0800: 5.323: Total time for which application threads were stopped: 0.0001940 seconds, Stopping threads took: 0.0000586 seconds
2018-12-01T13:26:25.267-0800: 5.327: Total time for which application threads were stopped: 0.0001884 seconds, Stopping threads took: 0.0000788 seconds
2018-12-01T13:26:25.275-0800: 5.335: Total time for which application threads were stopped: 0.0001452 seconds, Stopping threads took: 0.0000420 seconds
2018-12-01T13:26:25.286-0800: 5.345: Total time for which application threads were stopped: 0.0001698 seconds, Stopping threads took: 0.0000547 seconds
2018-12-01T13:26:25.288-0800: 5.347: Total time for which application threads were stopped: 0.0001572 seconds, Stopping threads took: 0.0000475 seconds
2018-12-01T13:26:25.302-0800: 5.362: Total time for which application threads were stopped: 0.0001208 seconds, Stopping threads took: 0.0000426 seconds
2018-12-01T13:26:25.304-0800: 5.363: Total time for which application threads were stopped: 0.0001453 seconds, Stopping threads took: 0.0000381 seconds
2018-12-01T13:26:25.307-0800: 5.367: Total time for which application threads were stopped: 0.0002362 seconds, Stopping threads took: 0.0000511 seconds
2018-12-01T13:26:25.323-0800: 5.382: Total time for which application threads were stopped: 0.0001854 seconds, Stopping threads took: 0.0000542 seconds
2018-12-01T13:26:25.367-0800: 5.427: Total time for which application threads were stopped: 0.0002349 seconds, Stopping threads took: 0.0001081 seconds
2018-12-01T13:26:25.400-0800: 5.459: Total time for which application threads were stopped: 0.0002331 seconds, Stopping threads took: 0.0000916 seconds
2018-12-01T13:26:25.437-0800: 5.496: Total time for which application threads were stopped: 0.0004893 seconds, Stopping threads took: 0.0000208 seconds
2018-12-01T13:26:25.461-0800: 5.520: Total time for which application threads were stopped: 0.0001282 seconds, Stopping threads took: 0.0000207 seconds
2018-12-01T13:26:25.506-0800: 5.565: Total time for which application threads were stopped: 0.0001404 seconds, Stopping threads took: 0.0000558 seconds
{Heap before GC invocations=8 (full 1):
 par new generation   total 109248K, used 106095K [0x00000007a0000000, 0x00000007a8000000, 0x00000007a8000000)
  eden space 87424K, 100% used [0x00000007a0000000, 0x00000007a5560000, 0x00000007a5560000)
  from space 21824K,  85% used [0x00000007a5560000, 0x00000007a679bc60, 0x00000007a6ab0000)
  to   space 21824K,   0% used [0x00000007a6ab0000, 0x00000007a6ab0000, 0x00000007a8000000)
 concurrent mark-sweep generation total 393216K, used 0K [0x00000007a8000000, 0x00000007c0000000, 0x00000007c0000000)
 Metaspace       used 37870K, capacity 38854K, committed 39112K, reserved 1083392K
  class space    used 4726K, capacity 4997K, committed 5064K, reserved 1048576K
2018-12-01T13:26:25.509-0800: 5.568: [GC (Allocation Failure) 2018-12-01T13:26:25.509-0800: 5.568: [ParNew
Desired survivor size 20112992 bytes, new threshold 8 (max 8)
- age   1:    6219432 bytes,    6219432 total
- age   2:     929928 bytes,    7149360 total
- age   3:     216504 bytes,    7365864 total
- age   4:     436632 bytes,    7802496 total
- age   5:     238616 bytes,    8041112 total
- age   6:    1579368 bytes,    9620480 total
- age   7:    2316592 bytes,   11937072 total
- age   8:    1179248 bytes,   13116320 total
: 106095K->19443K(109248K), 0.0483521 secs] 106095K->24603K(502464K), 0.0484676 secs] [Times: user=0.14 sys=0.01, real=0.05 secs] 
Heap after GC invocations=9 (full 1):
 par new generation   total 109248K, used 19443K [0x00000007a0000000, 0x00000007a8000000, 0x00000007a8000000)
  eden space 87424K,   0% used [0x00000007a0000000, 0x00000007a0000000, 0x00000007a5560000)
  from space 21824K,  89% used [0x00000007a6ab0000, 0x00000007a7dacea0, 0x00000007a8000000)
  to   space 21824K,   0% used [0x00000007a5560000, 0x00000007a5560000, 0x00000007a6ab0000)
 concurrent mark-sweep generation total 393216K, used 5159K [0x00000007a8000000, 0x00000007c0000000, 0x00000007c0000000)
 Metaspace       used 37870K, capacity 38854K, committed 39112K, reserved 1083392K
  class space    used 4726K, capacity 4997K, committed 5064K, reserved 1048576K
}
2018-12-01T13:26:25.558-0800: 5.617: Total time for which application threads were stopped: 0.0486761 seconds, Stopping threads took: 0.0000252 seconds
2018-12-01T13:26:25.579-0800: 5.638: Total time for which application threads were stopped: 0.0005454 seconds, Stopping threads took: 0.0000229 seconds
2018-12-01T13:26:25.635-0800: 5.695: Total time for which application threads were stopped: 0.0001989 seconds, Stopping threads took: 0.0000644 seconds
2018-12-01T13:26:25.831-0800: 5.890: Total time for which application threads were stopped: 0.0001323 seconds, Stopping threads took: 0.0000262 seconds
2018-12-01T13:26:30.261-0800: 10.320: Total time for which application threads were stopped: 0.0004034 seconds, Stopping threads took: 0.0000165 seconds
2018-12-01T13:26:30.316-0800: 10.376: Total time for which application threads were stopped: 0.0000700 seconds, Stopping threads took: 0.0000184 seconds
2018-12-01T13:26:30.328-0800: 10.388: Total time for which application threads were stopped: 0.0000623 seconds, Stopping threads took: 0.0000160 seconds
2018-12-01T13:26:30.329-0800: 10.388: Total time for which application threads were stopped: 0.0000376 seconds, Stopping threads took: 0.0000071 seconds
2018-12-01T13:26:31.329-0800: 11.388: Total time for which application threads were stopped: 0.0001236 seconds, Stopping threads took: 0.0000284 seconds
2018-12-01T13:26:39.163-0800: 19.222: Total time for which application threads were stopped: 0.0003313 seconds, Stopping threads took: 0.0000747 seconds
2018-12-01T13:26:40.167-0800: 20.226: Total time for which application threads were stopped: 0.0002662 seconds, Stopping threads took: 0.0001189 seconds
2018-12-01T13:26:43.175-0800: 23.233: Total time for which application threads were stopped: 0.0001291 seconds, Stopping threads took: 0.0000301 seconds
2018-12-01T13:26:45.181-0800: 25.240: Total time for which application threads were stopped: 0.0001622 seconds, Stopping threads took: 0.0000343 seconds
2018-12-01T13:27:13.255-0800: 53.312: Total time for which application threads were stopped: 0.0001189 seconds, Stopping threads took: 0.0000317 seconds
{Heap before GC invocations=9 (full 1):
 par new generation   total 109248K, used 106867K [0x00000007a0000000, 0x00000007a8000000, 0x00000007a8000000)
  eden space 87424K, 100% used [0x00000007a0000000, 0x00000007a5560000, 0x00000007a5560000)
  from space 21824K,  89% used [0x00000007a6ab0000, 0x00000007a7dacea0, 0x00000007a8000000)
  to   space 21824K,   0% used [0x00000007a5560000, 0x00000007a5560000, 0x00000007a6ab0000)
 concurrent mark-sweep generation total 393216K, used 5159K [0x00000007a8000000, 0x00000007c0000000, 0x00000007c0000000)
 Metaspace       used 40810K, capacity 41870K, committed 42184K, reserved 1085440K
  class space    used 5137K, capacity 5453K, committed 5576K, reserved 1048576K
2018-12-01T13:27:15.789-0800: 55.847: [GC (Allocation Failure) 2018-12-01T13:27:15.791-0800: 55.849: [ParNew
Desired survivor size 20112992 bytes, new threshold 8 (max 8)
- age   1:   13199232 bytes,   13199232 total
- age   2:    3493184 bytes,   16692416 total
- age   3:     917016 bytes,   17609432 total
- age   4:     216248 bytes,   17825680 total
- age   5:     434608 bytes,   18260288 total
- age   6:     237680 bytes,   18497968 total
- age   7:    1531624 bytes,   20029592 total
- age   8:    2316496 bytes,   22346088 total
: 106867K->21824K(109248K), 0.0366011 secs] 112027K->30932K(502464K), 0.0387583 secs] [Times: user=0.11 sys=0.01, real=0.04 secs] 
Heap after GC invocations=10 (full 1):
 par new generation   total 109248K, used 21824K [0x00000007a0000000, 0x00000007a8000000, 0x00000007a8000000)
  eden space 87424K,   0% used [0x00000007a0000000, 0x00000007a0000000, 0x00000007a5560000)
  from space 21824K, 100% used [0x00000007a5560000, 0x00000007a6ab0000, 0x00000007a6ab0000)
  to   space 21824K,   0% used [0x00000007a6ab0000, 0x00000007a6ab0000, 0x00000007a8000000)
 concurrent mark-sweep generation total 393216K, used 9108K [0x00000007a8000000, 0x00000007c0000000, 0x00000007c0000000)
 Metaspace       used 40810K, capacity 41870K, committed 42184K, reserved 1085440K
  class space    used 5137K, capacity 5453K, committed 5576K, reserved 1048576K
}
2018-12-01T13:27:15.828-0800: 55.886: Total time for which application threads were stopped: 0.0389813 seconds, Stopping threads took: 0.0000315 seconds
2018-12-01T13:27:15.829-0800: 55.887: Total time for which application threads were stopped: 0.0001652 seconds, Stopping threads took: 0.0001063 seconds
2018-12-01T13:27:15.829-0800: 55.887: Total time for which application threads were stopped: 0.0000482 seconds, Stopping threads took: 0.0000122 seconds
2018-12-01T13:27:16.833-0800: 56.891: Total time for which application threads were stopped: 0.0001603 seconds, Stopping threads took: 0.0000302 seconds
2018-12-01T13:27:20.093-0800: 60.151: Total time for which application threads were stopped: 0.0000836 seconds, Stopping threads took: 0.0000192 seconds
2018-12-01T13:27:20.096-0800: 60.154: Total time for which application threads were stopped: 0.0000682 seconds, Stopping threads took: 0.0000177 seconds
2018-12-01T13:27:20.096-0800: 60.154: Total time for which application threads were stopped: 0.0000364 seconds, Stopping threads took: 0.0000066 seconds
2018-12-01T13:27:21.773-0800: 61.830: Total time for which application threads were stopped: 0.0005657 seconds, Stopping threads took: 0.0000255 seconds
2018-12-01T13:27:21.773-0800: 61.831: Total time for which application threads were stopped: 0.0001794 seconds, Stopping threads took: 0.0000534 seconds
2018-12-01T13:27:21.784-0800: 61.842: Total time for which application threads were stopped: 0.0003987 seconds, Stopping threads took: 0.0000329 seconds
2018-12-01T13:27:21.831-0800: 61.888: Total time for which application threads were stopped: 0.0009648 seconds, Stopping threads took: 0.0004875 seconds
2018-12-01T13:27:21.833-0800: 61.891: Total time for which application threads were stopped: 0.0004404 seconds, Stopping threads took: 0.0000335 seconds
2018-12-01T13:27:21.855-0800: 61.913: Total time for which application threads were stopped: 0.0001593 seconds, Stopping threads took: 0.0000429 seconds
2018-12-01T13:27:22.015-0800: 62.073: Total time for which application threads were stopped: 0.0001658 seconds, Stopping threads took: 0.0000240 seconds
2018-12-01T13:27:22.057-0800: 62.115: Total time for which application threads were stopped: 0.0001150 seconds, Stopping threads took: 0.0000231 seconds
2018-12-01T13:27:22.095-0800: 62.153: Total time for which application threads were stopped: 0.0001179 seconds, Stopping threads took: 0.0000401 seconds
2018-12-01T13:27:22.107-0800: 62.165: Total time for which application threads were stopped: 0.0008659 seconds, Stopping threads took: 0.0000374 seconds
2018-12-01T13:27:22.141-0800: 62.198: Total time for which application threads were stopped: 0.0000978 seconds, Stopping threads took: 0.0000202 seconds
2018-12-01T13:27:22.161-0800: 62.219: Total time for which application threads were stopped: 0.0000787 seconds, Stopping threads took: 0.0000168 seconds
2018-12-01T13:27:22.176-0800: 62.234: Total time for which application threads were stopped: 0.0001876 seconds, Stopping threads took: 0.0000487 seconds
2018-12-01T13:27:22.188-0800: 62.245: Total time for which application threads were stopped: 0.0001047 seconds, Stopping threads took: 0.0000271 seconds
2018-12-01T13:27:22.188-0800: 62.246: Total time for which application threads were stopped: 0.0000559 seconds, Stopping threads took: 0.0000104 seconds
2018-12-01T13:27:22.188-0800: 62.246: Total time for which application threads were stopped: 0.0000718 seconds, Stopping threads took: 0.0000279 seconds
2018-12-01T13:27:22.188-0800: 62.246: Total time for which application threads were stopped: 0.0000764 seconds, Stopping threads took: 0.0000331 seconds
2018-12-01T13:27:22.188-0800: 62.246: Total time for which application threads were stopped: 0.0000599 seconds, Stopping threads took: 0.0000303 seconds
2018-12-01T13:27:22.189-0800: 62.246: Total time for which application threads were stopped: 0.0000904 seconds, Stopping threads took: 0.0000604 seconds
2018-12-01T13:27:22.190-0800: 62.247: Total time for which application threads were stopped: 0.0000652 seconds, Stopping threads took: 0.0000195 seconds
2018-12-01T13:27:22.190-0800: 62.248: Total time for which application threads were stopped: 0.0000423 seconds, Stopping threads took: 0.0000121 seconds
2018-12-01T13:27:22.190-0800: 62.248: Total time for which application threads were stopped: 0.0000554 seconds, Stopping threads took: 0.0000205 seconds
2018-12-01T13:27:22.190-0800: 62.248: Total time for which application threads were stopped: 0.0000394 seconds, Stopping threads took: 0.0000102 seconds
2018-12-01T13:27:22.190-0800: 62.248: Total time for which application threads were stopped: 0.0000423 seconds, Stopping threads took: 0.0000106 seconds
2018-12-01T13:27:22.194-0800: 62.252: Total time for which application threads were stopped: 0.0001028 seconds, Stopping threads took: 0.0000454 seconds
2018-12-01T13:27:22.196-0800: 62.253: Total time for which application threads were stopped: 0.0000753 seconds, Stopping threads took: 0.0000229 seconds
{Heap before GC invocations=10 (full 1):
 par new generation   total 109248K, used 109248K [0x00000007a0000000, 0x00000007a8000000, 0x00000007a8000000)
  eden space 87424K, 100% used [0x00000007a0000000, 0x00000007a5560000, 0x00000007a5560000)
  from space 21824K, 100% used [0x00000007a5560000, 0x00000007a6ab0000, 0x00000007a6ab0000)
  to   space 21824K,   0% used [0x00000007a6ab0000, 0x00000007a6ab0000, 0x00000007a8000000)
 concurrent mark-sweep generation total 393216K, used 9108K [0x00000007a8000000, 0x00000007c0000000, 0x00000007c0000000)
 Metaspace       used 44427K, capacity 45452K, committed 45804K, reserved 1089536K
  class space    used 5510K, capacity 5786K, committed 5832K, reserved 1048576K
2018-12-01T13:27:23.216-0800: 63.274: [GC (Allocation Failure) 2018-12-01T13:27:23.216-0800: 63.274: [ParNew
Desired survivor size 20112992 bytes, new threshold 5 (max 8)
- age   1:   10817704 bytes,   10817704 total
- age   2:    4697408 bytes,   15515112 total
- age   3:    3490728 bytes,   19005840 total
- age   4:     915560 bytes,   19921400 total
- age   5:     216152 bytes,   20137552 total
- age   6:     434376 bytes,   20571928 total
- age   7:     237552 bytes,   20809480 total
- age   8:    1531200 bytes,   22340680 total
: 109248K->21824K(109248K), 0.0824471 secs] 118356K->55631K(502464K), 0.0827619 secs] [Times: user=0.25 sys=0.02, real=0.08 secs] 
Heap after GC invocations=11 (full 1):
 par new generation   total 109248K, used 21824K [0x00000007a0000000, 0x00000007a8000000, 0x00000007a8000000)
  eden space 87424K,   0% used [0x00000007a0000000, 0x00000007a0000000, 0x00000007a5560000)
  from space 21824K, 100% used [0x00000007a6ab0000, 0x00000007a8000000, 0x00000007a8000000)
  to   space 21824K,   0% used [0x00000007a5560000, 0x00000007a5560000, 0x00000007a6ab0000)
 concurrent mark-sweep generation total 393216K, used 33807K [0x00000007a8000000, 0x00000007c0000000, 0x00000007c0000000)
 Metaspace       used 44427K, capacity 45452K, committed 45804K, reserved 1089536K
  class space    used 5510K, capacity 5786K, committed 5832K, reserved 1048576K
}
2018-12-01T13:27:23.299-0800: 63.357: Total time for which application threads were stopped: 0.0829367 seconds, Stopping threads took: 0.0000156 seconds
2018-12-01T13:27:23.299-0800: 63.357: [GC (CMS Initial Mark) [1 CMS-initial-mark: 33807K(393216K)] 55632K(502464K), 0.0088576 secs] [Times: user=0.03 sys=0.00, real=0.01 secs] 
2018-12-01T13:27:23.308-0800: 63.366: Total time for which application threads were stopped: 0.0090372 seconds, Stopping threads took: 0.0000373 seconds
2018-12-01T13:27:23.308-0800: 63.366: [CMS-concurrent-mark-start]
2018-12-01T13:27:23.312-0800: 63.370: Total time for which application threads were stopped: 0.0004836 seconds, Stopping threads took: 0.0000588 seconds
2018-12-01T13:27:23.339-0800: 63.397: [CMS-concurrent-mark: 0.030/0.031 secs] [Times: user=0.11 sys=0.01, real=0.03 secs] 
2018-12-01T13:27:23.339-0800: 63.397: [CMS-concurrent-preclean-start]
2018-12-01T13:27:23.341-0800: 63.399: [CMS-concurrent-preclean: 0.001/0.001 secs] [Times: user=0.01 sys=0.00, real=0.01 secs] 
2018-12-01T13:27:23.341-0800: 63.399: [GC (CMS Final Remark) [YG occupancy: 23572 K (109248 K)]{Heap before GC invocations=11 (full 2):
 par new generation   total 109248K, used 23572K [0x00000007a0000000, 0x00000007a8000000, 0x00000007a8000000)
  eden space 87424K,   2% used [0x00000007a0000000, 0x00000007a01b53d8, 0x00000007a5560000)
  from space 21824K, 100% used [0x00000007a6ab0000, 0x00000007a8000000, 0x00000007a8000000)
  to   space 21824K,   0% used [0x00000007a5560000, 0x00000007a5560000, 0x00000007a6ab0000)
 concurrent mark-sweep generation total 393216K, used 33807K [0x00000007a8000000, 0x00000007c0000000, 0x00000007c0000000)
 Metaspace       used 44573K, capacity 45670K, committed 45804K, reserved 1089536K
  class space    used 5535K, capacity 5805K, committed 5832K, reserved 1048576K
2018-12-01T13:27:23.341-0800: 63.399: [GC (CMS Final Remark) 2018-12-01T13:27:23.341-0800: 63.399: [ParNew
Desired survivor size 20112992 bytes, new threshold 8 (max 8)
- age   1:     113832 bytes,     113832 total
- age   2:    9432872 bytes,    9546704 total
- age   3:    4513128 bytes,   14059832 total
- age   4:    3488576 bytes,   17548408 total
- age   5:     904952 bytes,   18453360 total
: 23572K->21824K(109248K), 0.0442981 secs] 57380K->59562K(502464K), 0.0443889 secs] [Times: user=0.13 sys=0.00, real=0.04 secs] 
Heap after GC invocations=12 (full 2):
 par new generation   total 109248K, used 21824K [0x00000007a0000000, 0x00000007a8000000, 0x00000007a8000000)
  eden space 87424K,   0% used [0x00000007a0000000, 0x00000007a0000000, 0x00000007a5560000)
  from space 21824K, 100% used [0x00000007a5560000, 0x00000007a6ab0000, 0x00000007a6ab0000)
  to   space 21824K,   0% used [0x00000007a6ab0000, 0x00000007a6ab0000, 0x00000007a8000000)
 concurrent mark-sweep generation total 393216K, used 37738K [0x00000007a8000000, 0x00000007c0000000, 0x00000007c0000000)
 Metaspace       used 44573K, capacity 45670K, committed 45804K, reserved 1089536K
  class space    used 5535K, capacity 5805K, committed 5832K, reserved 1048576K
}
2018-12-01T13:27:23.386-0800: 63.443: [Rescan (parallel) , 0.0246733 secs]2018-12-01T13:27:23.410-0800: 63.468: [weak refs processing, 0.0023902 secs]2018-12-01T13:27:23.413-0800: 63.470: [class unloading, 0.0066153 secs]2018-12-01T13:27:23.420-0800: 63.477: [scrub symbol table, 0.0078647 secs]2018-12-01T13:27:23.427-0800: 63.485: [scrub string table, 0.0006284 secs][1 CMS-remark: 37738K(393216K)] 59562K(502464K), 0.0880103 secs] [Times: user=0.23 sys=0.00, real=0.08 secs] 
2018-12-01T13:27:23.429-0800: 63.487: Total time for which application threads were stopped: 0.0881929 seconds, Stopping threads took: 0.0000433 seconds
2018-12-01T13:27:23.429-0800: 63.487: [CMS-concurrent-sweep-start]
2018-12-01T13:27:23.447-0800: 63.505: Total time for which application threads were stopped: 0.0006085 seconds, Stopping threads took: 0.0000264 seconds
2018-12-01T13:27:23.451-0800: 63.509: [CMS-concurrent-sweep: 0.021/0.022 secs] [Times: user=0.06 sys=0.01, real=0.03 secs] 
2018-12-01T13:27:23.451-0800: 63.509: [CMS-concurrent-reset-start]
2018-12-01T13:27:23.452-0800: 63.509: [CMS-concurrent-reset: 0.001/0.001 secs] [Times: user=0.00 sys=0.00, real=0.00 secs] 
2018-12-01T13:27:23.465-0800: 63.522: Total time for which application threads were stopped: 0.0001113 seconds, Stopping threads took: 0.0000351 seconds
2018-12-01T13:27:24.469-0800: 64.527: Total time for which application threads were stopped: 0.0001480 seconds, Stopping threads took: 0.0000395 seconds
2018-12-01T13:27:26.838-0800: 66.896: Total time for which application threads were stopped: 0.0001109 seconds, Stopping threads took: 0.0000301 seconds
2018-12-01T13:27:26.838-0800: 66.896: Total time for which application threads were stopped: 0.0000654 seconds, Stopping threads took: 0.0000129 seconds
2018-12-01T13:27:26.838-0800: 66.896: Total time for which application threads were stopped: 0.0000597 seconds, Stopping threads took: 0.0000118 seconds
2018-12-01T13:27:27.843-0800: 67.900: Total time for which application threads were stopped: 0.0001259 seconds, Stopping threads took: 0.0000382 seconds
2018-12-01T13:28:21.777-0800: 121.833: Total time for which application threads were stopped: 0.0000903 seconds, Stopping threads took: 0.0000327 seconds
2018-12-01T13:28:21.781-0800: 121.837: Total time for which application threads were stopped: 0.0000783 seconds, Stopping threads took: 0.0000247 seconds
2018-12-01T13:28:21.788-0800: 121.844: Total time for which application threads were stopped: 0.0001280 seconds, Stopping threads took: 0.0000539 seconds
2018-12-01T13:28:21.789-0800: 121.845: Total time for which application threads were stopped: 0.0000965 seconds, Stopping threads took: 0.0000428 seconds
2018-12-01T13:28:21.789-0800: 121.845: Total time for which application threads were stopped: 0.0000936 seconds, Stopping threads took: 0.0000594 seconds
2018-12-01T13:28:21.793-0800: 121.849: Total time for which application threads were stopped: 0.0001141 seconds, Stopping threads took: 0.0000455 seconds
2018-12-01T13:28:21.793-0800: 121.849: Total time for which application threads were stopped: 0.0000796 seconds, Stopping threads took: 0.0000340 seconds
2018-12-01T13:28:21.793-0800: 121.849: Total time for which application threads were stopped: 0.0000854 seconds, Stopping threads took: 0.0000178 seconds
2018-12-01T13:28:22.796-0800: 122.852: Total time for which application threads were stopped: 0.0001223 seconds, Stopping threads took: 0.0000311 seconds
2018-12-01T13:28:23.799-0800: 123.855: Total time for which application threads were stopped: 0.0001402 seconds, Stopping threads took: 0.0000246 seconds
2018-12-01T13:28:26.783-0800: 126.839: Total time for which application threads were stopped: 0.0000779 seconds, Stopping threads took: 0.0000195 seconds
2018-12-01T13:28:26.783-0800: 126.839: Total time for which application threads were stopped: 0.0000369 seconds, Stopping threads took: 0.0000073 seconds
2018-12-01T13:28:31.800-0800: 131.856: Total time for which application threads were stopped: 0.0001447 seconds, Stopping threads took: 0.0000333 seconds
2018-12-01T13:28:39.829-0800: 139.884: Total time for which application threads were stopped: 0.0001299 seconds, Stopping threads took: 0.0000405 seconds
2018-12-01T13:28:45.850-0800: 145.905: Total time for which application threads were stopped: 0.0001459 seconds, Stopping threads took: 0.0000380 seconds
2018-12-01T13:28:47.856-0800: 147.912: Total time for which application threads were stopped: 0.0000800 seconds, Stopping threads took: 0.0000216 seconds
2018-12-01T13:29:21.775-0800: 181.829: Total time for which application threads were stopped: 0.0001257 seconds, Stopping threads took: 0.0000394 seconds
2018-12-01T13:29:21.785-0800: 181.839: Total time for which application threads were stopped: 0.0001067 seconds, Stopping threads took: 0.0000284 seconds
2018-12-01T13:29:21.786-0800: 181.840: Total time for which application threads were stopped: 0.0000743 seconds, Stopping threads took: 0.0000192 seconds
2018-12-01T13:29:21.786-0800: 181.840: Total time for which application threads were stopped: 0.0000659 seconds, Stopping threads took: 0.0000136 seconds
2018-12-01T13:29:21.790-0800: 181.844: Total time for which application threads were stopped: 0.0000946 seconds, Stopping threads took: 0.0000246 seconds
2018-12-01T13:29:23.797-0800: 183.851: Total time for which application threads were stopped: 0.0001921 seconds, Stopping threads took: 0.0000443 seconds
2018-12-01T13:29:26.782-0800: 186.836: Total time for which application threads were stopped: 0.0001051 seconds, Stopping threads took: 0.0000274 seconds
2018-12-01T13:29:26.782-0800: 186.836: Total time for which application threads were stopped: 0.0001152 seconds, Stopping threads took: 0.0000141 seconds
2018-12-01T13:30:21.788-0800: 241.835: Total time for which application threads were stopped: 0.0001136 seconds, Stopping threads took: 0.0000456 seconds
2018-12-01T13:30:21.798-0800: 241.845: Total time for which application threads were stopped: 0.0001108 seconds, Stopping threads took: 0.0000331 seconds
2018-12-01T13:30:21.799-0800: 241.846: Total time for which application threads were stopped: 0.0000995 seconds, Stopping threads took: 0.0000293 seconds
2018-12-01T13:30:21.799-0800: 241.846: Total time for which application threads were stopped: 0.0000602 seconds, Stopping threads took: 0.0000124 seconds
2018-12-01T13:30:21.806-0800: 241.853: Total time for which application threads were stopped: 0.0000829 seconds, Stopping threads took: 0.0000300 seconds
2018-12-01T13:30:26.792-0800: 246.838: Total time for which application threads were stopped: 0.0000970 seconds, Stopping threads took: 0.0000266 seconds
2018-12-01T13:30:26.792-0800: 246.838: Total time for which application threads were stopped: 0.0000917 seconds, Stopping threads took: 0.0000109 seconds
2018-12-01T13:30:57.880-0800: 277.924: Total time for which application threads were stopped: 0.0001252 seconds, Stopping threads took: 0.0000305 seconds
2018-12-01T13:31:11.925-0800: 291.969: Total time for which application threads were stopped: 0.0001897 seconds, Stopping threads took: 0.0000410 seconds
2018-12-01T13:31:14.930-0800: 294.974: Total time for which application threads were stopped: 0.0001777 seconds, Stopping threads took: 0.0000292 seconds
2018-12-01T13:31:16.933-0800: 296.977: Total time for which application threads were stopped: 0.0001813 seconds, Stopping threads took: 0.0000343 seconds
2018-12-01T13:31:19.944-0800: 299.987: Total time for which application threads were stopped: 0.0001464 seconds, Stopping threads took: 0.0000363 seconds
2018-12-01T13:31:21.776-0800: 301.819: Total time for which application threads were stopped: 0.0000726 seconds, Stopping threads took: 0.0000190 seconds
2018-12-01T13:31:21.784-0800: 301.828: Total time for which application threads were stopped: 0.0000812 seconds, Stopping threads took: 0.0000265 seconds
2018-12-01T13:31:21.785-0800: 301.828: Total time for which application threads were stopped: 0.0001030 seconds, Stopping threads took: 0.0000374 seconds
2018-12-01T13:31:21.785-0800: 301.829: Total time for which application threads were stopped: 0.0000775 seconds, Stopping threads took: 0.0000301 seconds
2018-12-01T13:31:21.789-0800: 301.832: Total time for which application threads were stopped: 0.0000929 seconds, Stopping threads took: 0.0000365 seconds
2018-12-01T13:31:22.792-0800: 302.836: Total time for which application threads were stopped: 0.0001765 seconds, Stopping threads took: 0.0000378 seconds
2018-12-01T13:31:23.794-0800: 303.837: Total time for which application threads were stopped: 0.0001757 seconds, Stopping threads took: 0.0000498 seconds
2018-12-01T13:31:25.799-0800: 305.842: Total time for which application threads were stopped: 0.0001122 seconds, Stopping threads took: 0.0000282 seconds
2018-12-01T13:31:26.779-0800: 306.822: Total time for which application threads were stopped: 0.0001261 seconds, Stopping threads took: 0.0000303 seconds
2018-12-01T13:31:26.779-0800: 306.823: Total time for which application threads were stopped: 0.0000894 seconds, Stopping threads took: 0.0000200 seconds
{Heap before GC invocations=12 (full 2):
 par new generation   total 109248K, used 109248K [0x00000007a0000000, 0x00000007a8000000, 0x00000007a8000000)
  eden space 87424K, 100% used [0x00000007a0000000, 0x00000007a5560000, 0x00000007a5560000)
  from space 21824K, 100% used [0x00000007a5560000, 0x00000007a6ab0000, 0x00000007a6ab0000)
  to   space 21824K,   0% used [0x00000007a6ab0000, 0x00000007a6ab0000, 0x00000007a8000000)
 concurrent mark-sweep generation total 393216K, used 35597K [0x00000007a8000000, 0x00000007c0000000, 0x00000007c0000000)
 Metaspace       used 45011K, capacity 46054K, committed 46136K, reserved 1089536K
  class space    used 5563K, capacity 5843K, committed 5908K, reserved 1048576K
2018-12-01T13:31:31.453-0800: 311.496: [GC (Allocation Failure) 2018-12-01T13:31:31.454-0800: 311.497: [ParNew
Desired survivor size 20112992 bytes, new threshold 8 (max 8)
- age   1:    1032096 bytes,    1032096 total
- age   2:      79936 bytes,    1112032 total
- age   3:    9296192 bytes,   10408224 total
- age   4:    4467768 bytes,   14875992 total
- age   5:    3488512 bytes,   18364504 total
- age   6:     904696 bytes,   19269200 total
: 109248K->21824K(109248K), 0.0286867 secs] 144845K->57531K(502464K), 0.0298133 secs] [Times: user=0.11 sys=0.00, real=0.03 secs] 
Heap after GC invocations=13 (full 2):
 par new generation   total 109248K, used 21824K [0x00000007a0000000, 0x00000007a8000000, 0x00000007a8000000)
  eden space 87424K,   0% used [0x00000007a0000000, 0x00000007a0000000, 0x00000007a5560000)
  from space 21824K, 100% used [0x00000007a6ab0000, 0x00000007a8000000, 0x00000007a8000000)
  to   space 21824K,   0% used [0x00000007a5560000, 0x00000007a5560000, 0x00000007a6ab0000)
 concurrent mark-sweep generation total 393216K, used 35707K [0x00000007a8000000, 0x00000007c0000000, 0x00000007c0000000)
 Metaspace       used 45011K, capacity 46054K, committed 46136K, reserved 1089536K
  class space    used 5563K, capacity 5843K, committed 5908K, reserved 1048576K
}
2018-12-01T13:31:31.483-0800: 311.526: Total time for which application threads were stopped: 0.0300374 seconds, Stopping threads took: 0.0000462 seconds
2018-12-01T13:31:32.488-0800: 312.531: Total time for which application threads were stopped: 0.0001881 seconds, Stopping threads took: 0.0000606 seconds
2018-12-01T13:31:35.075-0800: 315.118: Total time for which application threads were stopped: 0.0000878 seconds, Stopping threads took: 0.0000279 seconds
2018-12-01T13:32:12.415-0800: 352.457: Total time for which application threads were stopped: 0.0001679 seconds, Stopping threads took: 0.0000646 seconds
2018-12-01T13:32:13.418-0800: 353.459: Total time for which application threads were stopped: 0.0000927 seconds, Stopping threads took: 0.0000234 seconds
2018-12-01T13:32:21.777-0800: 361.819: Total time for which application threads were stopped: 0.0000954 seconds, Stopping threads took: 0.0000403 seconds
2018-12-01T13:32:21.787-0800: 361.829: Total time for which application threads were stopped: 0.0001001 seconds, Stopping threads took: 0.0000267 seconds
2018-12-01T13:32:21.787-0800: 361.829: Total time for which application threads were stopped: 0.0000614 seconds, Stopping threads took: 0.0000145 seconds
2018-12-01T13:32:21.788-0800: 361.829: Total time for which application threads were stopped: 0.0000498 seconds, Stopping threads took: 0.0000093 seconds
2018-12-01T13:32:21.791-0800: 361.833: Total time for which application threads were stopped: 0.0000961 seconds, Stopping threads took: 0.0000369 seconds
2018-12-01T13:32:23.800-0800: 363.842: Total time for which application threads were stopped: 0.0001329 seconds, Stopping threads took: 0.0000411 seconds
2018-12-01T13:32:26.787-0800: 366.829: Total time for which application threads were stopped: 0.0001378 seconds, Stopping threads took: 0.0000332 seconds
2018-12-01T13:32:26.788-0800: 366.829: Total time for which application threads were stopped: 0.0000887 seconds, Stopping threads took: 0.0000199 seconds
2018-12-01T13:32:34.810-0800: 374.851: Total time for which application threads were stopped: 0.0001508 seconds, Stopping threads took: 0.0000355 seconds
2018-12-01T13:32:40.827-0800: 380.868: Total time for which application threads were stopped: 0.0001154 seconds, Stopping threads took: 0.0000323 seconds
2018-12-01T13:32:56.879-0800: 396.919: Total time for which application threads were stopped: 0.0001832 seconds, Stopping threads took: 0.0000378 seconds
2018-12-01T13:33:02.896-0800: 402.936: Total time for which application threads were stopped: 0.0001507 seconds, Stopping threads took: 0.0000368 seconds
2018-12-01T13:33:21.776-0800: 421.816: Total time for which application threads were stopped: 0.0001060 seconds, Stopping threads took: 0.0000487 seconds
2018-12-01T13:33:21.784-0800: 421.824: Total time for which application threads were stopped: 0.0001707 seconds, Stopping threads took: 0.0000883 seconds
2018-12-01T13:33:21.785-0800: 421.825: Total time for which application threads were stopped: 0.0000959 seconds, Stopping threads took: 0.0000201 seconds
2018-12-01T13:33:21.785-0800: 421.825: Total time for which application threads were stopped: 0.0000716 seconds, Stopping threads took: 0.0000151 seconds
2018-12-01T13:33:21.789-0800: 421.829: Total time for which application threads were stopped: 0.0001036 seconds, Stopping threads took: 0.0000241 seconds
2018-12-01T13:33:22.792-0800: 422.832: Total time for which application threads were stopped: 0.0001581 seconds, Stopping threads took: 0.0000323 seconds
2018-12-01T13:33:23.796-0800: 423.836: Total time for which application threads were stopped: 0.0001602 seconds, Stopping threads took: 0.0000487 seconds
2018-12-01T13:33:26.780-0800: 426.820: Total time for which application threads were stopped: 0.0001518 seconds, Stopping threads took: 0.0000393 seconds
2018-12-01T13:33:26.780-0800: 426.820: Total time for which application threads were stopped: 0.0000831 seconds, Stopping threads took: 0.0000174 seconds
2018-12-01T13:33:39.816-0800: 439.855: Total time for which application threads were stopped: 0.0001358 seconds, Stopping threads took: 0.0000347 seconds
2018-12-01T13:33:56.868-0800: 456.906: Total time for which application threads were stopped: 0.0001397 seconds, Stopping threads took: 0.0000350 seconds
2018-12-01T13:33:58.764-0800: 458.802: Total time for which application threads were stopped: 0.0001212 seconds, Stopping threads took: 0.0000635 seconds
2018-12-01T13:33:58.764-0800: 458.802: Total time for which application threads were stopped: 0.0000661 seconds, Stopping threads took: 0.0000107 seconds
2018-12-01T13:33:59.764-0800: 459.803: Total time for which application threads were stopped: 0.0001907 seconds, Stopping threads took: 0.0000332 seconds
2018-12-01T13:34:21.777-0800: 481.815: Total time for which application threads were stopped: 0.0001052 seconds, Stopping threads took: 0.0000480 seconds
2018-12-01T13:34:21.787-0800: 481.826: Total time for which application threads were stopped: 0.0000744 seconds, Stopping threads took: 0.0000199 seconds
2018-12-01T13:34:21.788-0800: 481.826: Total time for which application threads were stopped: 0.0000534 seconds, Stopping threads took: 0.0000110 seconds
2018-12-01T13:34:21.788-0800: 481.826: Total time for which application threads were stopped: 0.0000340 seconds, Stopping threads took: 0.0000074 seconds
2018-12-01T13:34:21.791-0800: 481.829: Total time for which application threads were stopped: 0.0001071 seconds, Stopping threads took: 0.0000243 seconds
2018-12-01T13:34:23.799-0800: 483.837: Total time for which application threads were stopped: 0.0001346 seconds, Stopping threads took: 0.0000368 seconds
2018-12-01T13:34:26.780-0800: 486.818: Total time for which application threads were stopped: 0.0000720 seconds, Stopping threads took: 0.0000201 seconds
2018-12-01T13:34:26.780-0800: 486.818: Total time for which application threads were stopped: 0.0001059 seconds, Stopping threads took: 0.0000071 seconds
2018-12-01T13:34:31.800-0800: 491.838: Total time for which application threads were stopped: 0.0001631 seconds, Stopping threads took: 0.0000251 seconds
2018-12-01T13:34:31.808-0800: 491.846: Total time for which application threads were stopped: 0.0002539 seconds, Stopping threads took: 0.0001138 seconds
2018-12-01T13:34:31.809-0800: 491.847: Total time for which application threads were stopped: 0.0006510 seconds, Stopping threads took: 0.0002735 seconds
2018-12-01T13:34:31.810-0800: 491.848: Total time for which application threads were stopped: 0.0002265 seconds, Stopping threads took: 0.0001343 seconds
2018-12-01T13:34:31.813-0800: 491.851: Total time for which application threads were stopped: 0.0004209 seconds, Stopping threads took: 0.0002070 seconds
2018-12-01T13:34:31.816-0800: 491.853: Total time for which application threads were stopped: 0.0001646 seconds, Stopping threads took: 0.0000281 seconds
2018-12-01T13:34:31.822-0800: 491.859: Total time for which application threads were stopped: 0.0002446 seconds, Stopping threads took: 0.0000688 seconds
2018-12-01T13:34:31.822-0800: 491.860: Total time for which application threads were stopped: 0.0001555 seconds, Stopping threads took: 0.0000191 seconds
2018-12-01T13:34:31.826-0800: 491.864: Total time for which application threads were stopped: 0.0004698 seconds, Stopping threads took: 0.0001953 seconds
2018-12-01T13:34:31.841-0800: 491.879: Total time for which application threads were stopped: 0.0050673 seconds, Stopping threads took: 0.0000241 seconds
2018-12-01T13:34:31.848-0800: 491.886: Total time for which application threads were stopped: 0.0001542 seconds, Stopping threads took: 0.0000257 seconds
2018-12-01T13:34:31.851-0800: 491.889: Total time for which application threads were stopped: 0.0001706 seconds, Stopping threads took: 0.0000418 seconds
2018-12-01T13:34:31.851-0800: 491.889: Total time for which application threads were stopped: 0.0001441 seconds, Stopping threads took: 0.0000423 seconds
2018-12-01T13:34:31.851-0800: 491.889: Total time for which application threads were stopped: 0.0001462 seconds, Stopping threads took: 0.0000151 seconds
2018-12-01T13:34:31.854-0800: 491.892: Total time for which application threads were stopped: 0.0001316 seconds, Stopping threads took: 0.0000253 seconds
2018-12-01T13:34:31.854-0800: 491.892: Total time for which application threads were stopped: 0.0001597 seconds, Stopping threads took: 0.0000580 seconds
2018-12-01T13:34:31.871-0800: 491.909: Total time for which application threads were stopped: 0.0008630 seconds, Stopping threads took: 0.0000552 seconds
2018-12-01T13:34:31.874-0800: 491.912: Total time for which application threads were stopped: 0.0002342 seconds, Stopping threads took: 0.0000730 seconds
2018-12-01T13:34:31.875-0800: 491.912: Total time for which application threads were stopped: 0.0001747 seconds, Stopping threads took: 0.0000769 seconds
2018-12-01T13:34:31.875-0800: 491.913: Total time for which application threads were stopped: 0.0001838 seconds, Stopping threads took: 0.0001021 seconds
2018-12-01T13:34:31.875-0800: 491.913: Total time for which application threads were stopped: 0.0001264 seconds, Stopping threads took: 0.0000394 seconds
2018-12-01T13:34:31.876-0800: 491.913: Total time for which application threads were stopped: 0.0001209 seconds, Stopping threads took: 0.0000442 seconds
2018-12-01T13:34:31.876-0800: 491.914: Total time for which application threads were stopped: 0.0001445 seconds, Stopping threads took: 0.0000468 seconds
2018-12-01T13:34:31.876-0800: 491.914: Total time for which application threads were stopped: 0.0001389 seconds, Stopping threads took: 0.0000275 seconds
2018-12-01T13:34:31.890-0800: 491.928: Total time for which application threads were stopped: 0.0001365 seconds, Stopping threads took: 0.0000261 seconds
2018-12-01T13:34:31.890-0800: 491.928: Total time for which application threads were stopped: 0.0000894 seconds, Stopping threads took: 0.0000113 seconds
2018-12-01T13:34:31.890-0800: 491.928: Total time for which application threads were stopped: 0.0000989 seconds, Stopping threads took: 0.0000136 seconds
2018-12-01T13:34:31.890-0800: 491.928: Total time for which application threads were stopped: 0.0001063 seconds, Stopping threads took: 0.0000367 seconds
2018-12-01T13:34:31.890-0800: 491.928: Total time for which application threads were stopped: 0.0000656 seconds, Stopping threads took: 0.0000101 seconds
2018-12-01T13:34:31.892-0800: 491.930: Total time for which application threads were stopped: 0.0003669 seconds, Stopping threads took: 0.0002547 seconds
2018-12-01T13:34:31.892-0800: 491.930: Total time for which application threads were stopped: 0.0001090 seconds, Stopping threads took: 0.0000263 seconds
2018-12-01T13:34:31.892-0800: 491.930: Total time for which application threads were stopped: 0.0001237 seconds, Stopping threads took: 0.0000432 seconds
2018-12-01T13:34:31.892-0800: 491.930: Total time for which application threads were stopped: 0.0000911 seconds, Stopping threads took: 0.0000230 seconds
2018-12-01T13:34:35.268-0800: 495.306: Total time for which application threads were stopped: 0.0001524 seconds, Stopping threads took: 0.0000370 seconds
2018-12-01T13:34:35.268-0800: 495.306: Total time for which application threads were stopped: 0.0001177 seconds, Stopping threads took: 0.0000223 seconds
2018-12-01T13:34:35.282-0800: 495.320: Total time for which application threads were stopped: 0.0001889 seconds, Stopping threads took: 0.0000513 seconds
2018-12-01T13:34:35.283-0800: 495.320: Total time for which application threads were stopped: 0.0001676 seconds, Stopping threads took: 0.0000434 seconds
2018-12-01T13:34:38.294-0800: 498.331: Total time for which application threads were stopped: 0.0001556 seconds, Stopping threads took: 0.0000455 seconds
2018-12-01T13:35:21.776-0800: 541.813: Total time for which application threads were stopped: 0.0001076 seconds, Stopping threads took: 0.0000419 seconds
{Heap before GC invocations=13 (full 2):
 par new generation   total 109248K, used 109248K [0x00000007a0000000, 0x00000007a8000000, 0x00000007a8000000)
  eden space 87424K, 100% used [0x00000007a0000000, 0x00000007a5560000, 0x00000007a5560000)
  from space 21824K, 100% used [0x00000007a6ab0000, 0x00000007a8000000, 0x00000007a8000000)
  to   space 21824K,   0% used [0x00000007a5560000, 0x00000007a5560000, 0x00000007a6ab0000)
 concurrent mark-sweep generation total 393216K, used 35707K [0x00000007a8000000, 0x00000007c0000000, 0x00000007c0000000)
 Metaspace       used 45347K, capacity 46522K, committed 46776K, reserved 1089536K
  class space    used 5595K, capacity 5923K, committed 6036K, reserved 1048576K
2018-12-01T13:35:21.782-0800: 541.819: [GC (Allocation Failure) 2018-12-01T13:35:21.782-0800: 541.819: [ParNew
Desired survivor size 20112992 bytes, new threshold 8 (max 8)
- age   1:     977672 bytes,     977672 total
- age   2:     633416 bytes,    1611088 total
- age   3:      76616 bytes,    1687704 total
- age   4:    8873520 bytes,   10561224 total
- age   5:    4185656 bytes,   14746880 total
- age   6:    3488496 bytes,   18235376 total
- age   7:     904536 bytes,   19139912 total
: 109248K->21824K(109248K), 0.0311481 secs] 144955K->58289K(502464K), 0.0312927 secs] [Times: user=0.10 sys=0.00, real=0.03 secs] 
Heap after GC invocations=14 (full 2):
 par new generation   total 109248K, used 21824K [0x00000007a0000000, 0x00000007a8000000, 0x00000007a8000000)
  eden space 87424K,   0% used [0x00000007a0000000, 0x00000007a0000000, 0x00000007a5560000)
  from space 21824K, 100% used [0x00000007a5560000, 0x00000007a6ab0000, 0x00000007a6ab0000)
  to   space 21824K,   0% used [0x00000007a6ab0000, 0x00000007a6ab0000, 0x00000007a8000000)
 concurrent mark-sweep generation total 393216K, used 36465K [0x00000007a8000000, 0x00000007c0000000, 0x00000007c0000000)
 Metaspace       used 45347K, capacity 46522K, committed 46776K, reserved 1089536K
  class space    used 5595K, capacity 5923K, committed 6036K, reserved 1048576K
}
2018-12-01T13:35:21.814-0800: 541.850: Total time for which application threads were stopped: 0.0314947 seconds, Stopping threads took: 0.0000265 seconds
2018-12-01T13:35:21.819-0800: 541.855: Total time for which application threads were stopped: 0.0000949 seconds, Stopping threads took: 0.0000251 seconds
2018-12-01T13:35:21.819-0800: 541.856: Total time for which application threads were stopped: 0.0000778 seconds, Stopping threads took: 0.0000222 seconds
2018-12-01T13:35:21.819-0800: 541.856: Total time for which application threads were stopped: 0.0000813 seconds, Stopping threads took: 0.0000462 seconds
2018-12-01T13:35:21.822-0800: 541.858: Total time for which application threads were stopped: 0.0001527 seconds, Stopping threads took: 0.0000763 seconds
2018-12-01T13:35:23.827-0800: 543.863: Total time for which application threads were stopped: 0.0000903 seconds, Stopping threads took: 0.0000289 seconds
2018-12-01T13:35:26.781-0800: 546.817: Total time for which application threads were stopped: 0.0001355 seconds, Stopping threads took: 0.0000326 seconds
2018-12-01T13:35:26.781-0800: 546.818: Total time for which application threads were stopped: 0.0000929 seconds, Stopping threads took: 0.0000210 seconds
2018-12-01T13:35:31.897-0800: 551.933: Total time for which application threads were stopped: 0.0001288 seconds, Stopping threads took: 0.0000314 seconds
2018-12-01T13:35:35.290-0800: 555.326: Total time for which application threads were stopped: 0.0001112 seconds, Stopping threads took: 0.0000284 seconds
2018-12-01T13:35:52.343-0800: 572.378: Total time for which application threads were stopped: 0.0001886 seconds, Stopping threads took: 0.0000430 seconds
2018-12-01T13:36:21.776-0800: 601.810: Total time for which application threads were stopped: 0.0002646 seconds, Stopping threads took: 0.0000331 seconds
2018-12-01T13:36:21.779-0800: 601.813: Total time for which application threads were stopped: 0.0001158 seconds, Stopping threads took: 0.0000650 seconds
2018-12-01T13:36:21.787-0800: 601.822: Total time for which application threads were stopped: 0.0000888 seconds, Stopping threads took: 0.0000364 seconds
2018-12-01T13:36:21.788-0800: 601.822: Total time for which application threads were stopped: 0.0000818 seconds, Stopping threads took: 0.0000272 seconds
2018-12-01T13:36:21.788-0800: 601.822: Total time for which application threads were stopped: 0.0000765 seconds, Stopping threads took: 0.0000358 seconds
2018-12-01T13:36:21.791-0800: 601.825: Total time for which application threads were stopped: 0.0001076 seconds, Stopping threads took: 0.0000349 seconds
2018-12-01T13:36:23.793-0800: 603.828: Total time for which application threads were stopped: 0.0000828 seconds, Stopping threads took: 0.0000227 seconds
2018-12-01T13:36:26.784-0800: 606.818: Total time for which application threads were stopped: 0.0001076 seconds, Stopping threads took: 0.0000249 seconds
2018-12-01T13:36:26.784-0800: 606.819: Total time for which application threads were stopped: 0.0000595 seconds, Stopping threads took: 0.0000118 seconds
2018-12-01T13:37:21.777-0800: 661.810: Total time for which application threads were stopped: 0.0000813 seconds, Stopping threads took: 0.0000300 seconds
2018-12-01T13:37:21.821-0800: 661.854: Total time for which application threads were stopped: 0.0001937 seconds, Stopping threads took: 0.0000286 seconds
2018-12-01T13:37:26.793-0800: 666.825: Total time for which application threads were stopped: 0.0001358 seconds, Stopping threads took: 0.0000509 seconds
2018-12-01T13:37:26.793-0800: 666.826: Total time for which application threads were stopped: 0.0001061 seconds, Stopping threads took: 0.0000380 seconds
2018-12-01T13:37:52.873-0800: 692.905: Total time for which application threads were stopped: 0.0000861 seconds, Stopping threads took: 0.0000234 seconds
2018-12-01T13:38:21.778-0800: 721.809: Total time for which application threads were stopped: 0.0001096 seconds, Stopping threads took: 0.0000468 seconds
2018-12-01T13:38:21.790-0800: 721.821: Total time for which application threads were stopped: 0.0001292 seconds, Stopping threads took: 0.0000247 seconds
2018-12-01T13:38:23.794-0800: 723.825: Total time for which application threads were stopped: 0.0002539 seconds, Stopping threads took: 0.0000641 seconds
2018-12-01T13:38:26.783-0800: 726.814: Total time for which application threads were stopped: 0.0001289 seconds, Stopping threads took: 0.0000297 seconds
2018-12-01T13:38:26.784-0800: 726.814: Total time for which application threads were stopped: 0.0000910 seconds, Stopping threads took: 0.0000204 seconds
2018-12-01T13:39:21.790-0800: 781.819: Total time for which application threads were stopped: 0.0001153 seconds, Stopping threads took: 0.0000451 seconds
2018-12-01T13:39:21.806-0800: 781.835: Total time for which application threads were stopped: 0.0000809 seconds, Stopping threads took: 0.0000233 seconds
2018-12-01T13:39:21.807-0800: 781.836: Total time for which application threads were stopped: 0.0000920 seconds, Stopping threads took: 0.0000176 seconds
2018-12-01T13:39:21.807-0800: 781.836: Total time for which application threads were stopped: 0.0000612 seconds, Stopping threads took: 0.0000127 seconds
2018-12-01T13:39:21.812-0800: 781.841: Total time for which application threads were stopped: 0.0006652 seconds, Stopping threads took: 0.0002732 seconds
2018-12-01T13:39:26.796-0800: 786.825: Total time for which application threads were stopped: 0.0001799 seconds, Stopping threads took: 0.0000290 seconds
2018-12-01T13:39:26.796-0800: 786.825: Total time for which application threads were stopped: 0.0001229 seconds, Stopping threads took: 0.0000251 seconds
2018-12-01T13:40:21.777-0800: 841.804: Total time for which application threads were stopped: 0.0001278 seconds, Stopping threads took: 0.0000734 seconds
2018-12-01T13:40:21.789-0800: 841.816: Total time for which application threads were stopped: 0.0001441 seconds, Stopping threads took: 0.0000774 seconds
2018-12-01T13:40:23.791-0800: 843.819: Total time for which application threads were stopped: 0.0001435 seconds, Stopping threads took: 0.0000338 seconds
2018-12-01T13:40:26.784-0800: 846.811: Total time for which application threads were stopped: 0.0001239 seconds, Stopping threads took: 0.0000284 seconds
2018-12-01T13:40:26.784-0800: 846.811: Total time for which application threads were stopped: 0.0000740 seconds, Stopping threads took: 0.0000143 seconds
2018-12-01T13:41:21.777-0800: 901.802: Total time for which application threads were stopped: 0.0001579 seconds, Stopping threads took: 0.0001027 seconds
2018-12-01T13:41:21.790-0800: 901.815: Total time for which application threads were stopped: 0.0000950 seconds, Stopping threads took: 0.0000211 seconds
2018-12-01T13:41:23.792-0800: 903.817: Total time for which application threads were stopped: 0.0000987 seconds, Stopping threads took: 0.0000321 seconds
2018-12-01T13:41:26.783-0800: 906.808: Total time for which application threads were stopped: 0.0001123 seconds, Stopping threads took: 0.0000276 seconds
2018-12-01T13:41:26.783-0800: 906.808: Total time for which application threads were stopped: 0.0000606 seconds, Stopping threads took: 0.0000116 seconds
2018-12-01T13:42:21.777-0800: 961.801: Total time for which application threads were stopped: 0.0000880 seconds, Stopping threads took: 0.0000334 seconds
2018-12-01T13:42:21.793-0800: 961.816: Total time for which application threads were stopped: 0.0001546 seconds, Stopping threads took: 0.0000492 seconds
2018-12-01T13:42:23.798-0800: 963.822: Total time for which application threads were stopped: 0.0001460 seconds, Stopping threads took: 0.0000347 seconds
2018-12-01T13:42:26.784-0800: 966.808: Total time for which application threads were stopped: 0.0001298 seconds, Stopping threads took: 0.0000311 seconds
2018-12-01T13:42:26.785-0800: 966.808: Total time for which application threads were stopped: 0.0000896 seconds, Stopping threads took: 0.0000201 seconds
2018-12-01T13:43:21.774-0800: 1021.796: Total time for which application threads were stopped: 0.0001352 seconds, Stopping threads took: 0.0000758 seconds
2018-12-01T13:43:21.784-0800: 1021.806: Total time for which application threads were stopped: 0.0002295 seconds, Stopping threads took: 0.0000241 seconds
2018-12-01T13:43:23.789-0800: 1023.810: Total time for which application threads were stopped: 0.0001441 seconds, Stopping threads took: 0.0000514 seconds
2018-12-01T13:43:26.779-0800: 1026.801: Total time for which application threads were stopped: 0.0001101 seconds, Stopping threads took: 0.0000452 seconds
2018-12-01T13:44:21.774-0800: 1081.794: Total time for which application threads were stopped: 0.0001482 seconds, Stopping threads took: 0.0000824 seconds
2018-12-01T13:44:21.782-0800: 1081.802: Total time for which application threads were stopped: 0.0000888 seconds, Stopping threads took: 0.0000236 seconds
2018-12-01T13:44:21.782-0800: 1081.802: Total time for which application threads were stopped: 0.0000845 seconds, Stopping threads took: 0.0000316 seconds
2018-12-01T13:44:21.782-0800: 1081.802: Total time for which application threads were stopped: 0.0000557 seconds, Stopping threads took: 0.0000110 seconds
2018-12-01T13:44:21.786-0800: 1081.806: Total time for which application threads were stopped: 0.0001004 seconds, Stopping threads took: 0.0000343 seconds
2018-12-01T13:44:26.779-0800: 1086.799: Total time for which application threads were stopped: 0.0000743 seconds, Stopping threads took: 0.0000195 seconds
2018-12-01T13:44:26.779-0800: 1086.799: Total time for which application threads were stopped: 0.0000376 seconds, Stopping threads took: 0.0000071 seconds
2018-12-01T13:45:21.783-0800: 1141.798: Total time for which application threads were stopped: 0.0001701 seconds, Stopping threads took: 0.0001064 seconds
2018-12-01T13:45:21.790-0800: 1141.805: Total time for which application threads were stopped: 0.0001484 seconds, Stopping threads took: 0.0000165 seconds
2018-12-01T13:45:21.791-0800: 1141.806: Total time for which application threads were stopped: 0.0000601 seconds, Stopping threads took: 0.0000144 seconds
2018-12-01T13:45:21.791-0800: 1141.806: Total time for which application threads were stopped: 0.0000349 seconds, Stopping threads took: 0.0000068 seconds
2018-12-01T13:45:21.793-0800: 1141.808: Total time for which application threads were stopped: 0.0000719 seconds, Stopping threads took: 0.0000156 seconds
2018-12-01T13:45:26.787-0800: 1146.802: Total time for which application threads were stopped: 0.0001143 seconds, Stopping threads took: 0.0000272 seconds
2018-12-01T13:45:26.787-0800: 1146.802: Total time for which application threads were stopped: 0.0000742 seconds, Stopping threads took: 0.0000171 seconds
2018-12-01T13:46:21.780-0800: 1201.793: Total time for which application threads were stopped: 0.0001278 seconds, Stopping threads took: 0.0000714 seconds
2018-12-01T13:46:21.785-0800: 1201.797: Total time for which application threads were stopped: 0.0001729 seconds, Stopping threads took: 0.0000176 seconds
2018-12-01T13:46:21.785-0800: 1201.798: Total time for which application threads were stopped: 0.0001266 seconds, Stopping threads took: 0.0000095 seconds
2018-12-01T13:46:21.787-0800: 1201.799: Total time for which application threads were stopped: 0.0001770 seconds, Stopping threads took: 0.0000334 seconds
2018-12-01T13:46:21.788-0800: 1201.801: Total time for which application threads were stopped: 0.0000666 seconds, Stopping threads took: 0.0000157 seconds
2018-12-01T13:46:21.789-0800: 1201.801: Total time for which application threads were stopped: 0.0000448 seconds, Stopping threads took: 0.0000083 seconds
2018-12-01T13:46:21.789-0800: 1201.801: Total time for which application threads were stopped: 0.0000345 seconds, Stopping threads took: 0.0000067 seconds
2018-12-01T13:46:21.792-0800: 1201.804: Total time for which application threads were stopped: 0.0001106 seconds, Stopping threads took: 0.0000221 seconds
2018-12-01T13:46:22.793-0800: 1202.806: Total time for which application threads were stopped: 0.0001565 seconds, Stopping threads took: 0.0000432 seconds
2018-12-01T13:46:26.785-0800: 1206.798: Total time for which application threads were stopped: 0.0003824 seconds, Stopping threads took: 0.0000439 seconds
2018-12-01T13:46:26.785-0800: 1206.798: Total time for which application threads were stopped: 0.0000870 seconds, Stopping threads took: 0.0000219 seconds
2018-12-01T13:47:21.775-0800: 1261.786: Total time for which application threads were stopped: 0.0001788 seconds, Stopping threads took: 0.0000317 seconds
2018-12-01T13:47:21.783-0800: 1261.794: Total time for which application threads were stopped: 0.0001032 seconds, Stopping threads took: 0.0000262 seconds
2018-12-01T13:47:21.784-0800: 1261.794: Total time for which application threads were stopped: 0.0000861 seconds, Stopping threads took: 0.0000193 seconds
2018-12-01T13:47:21.784-0800: 1261.795: Total time for which application threads were stopped: 0.0000767 seconds, Stopping threads took: 0.0000282 seconds
2018-12-01T13:47:21.788-0800: 1261.798: Total time for which application threads were stopped: 0.0001005 seconds, Stopping threads took: 0.0000349 seconds
2018-12-01T13:47:26.779-0800: 1266.790: Total time for which application threads were stopped: 0.0000826 seconds, Stopping threads took: 0.0000221 seconds
2018-12-01T13:47:26.780-0800: 1266.790: Total time for which application threads were stopped: 0.0000472 seconds, Stopping threads took: 0.0000081 seconds
2018-12-01T13:48:21.777-0800: 1321.786: Total time for which application threads were stopped: 0.0001187 seconds, Stopping threads took: 0.0000449 seconds
2018-12-01T13:48:21.785-0800: 1321.794: Total time for which application threads were stopped: 0.0000668 seconds, Stopping threads took: 0.0000175 seconds
2018-12-01T13:48:21.785-0800: 1321.794: Total time for which application threads were stopped: 0.0000457 seconds, Stopping threads took: 0.0000083 seconds
2018-12-01T13:48:21.785-0800: 1321.794: Total time for which application threads were stopped: 0.0000346 seconds, Stopping threads took: 0.0000068 seconds
2018-12-01T13:48:21.787-0800: 1321.796: Total time for which application threads were stopped: 0.0000833 seconds, Stopping threads took: 0.0000218 seconds
2018-12-01T13:48:26.781-0800: 1326.790: Total time for which application threads were stopped: 0.0001030 seconds, Stopping threads took: 0.0000208 seconds
2018-12-01T13:48:26.781-0800: 1326.790: Total time for which application threads were stopped: 0.0000913 seconds, Stopping threads took: 0.0000214 seconds
2018-12-01T13:49:21.780-0800: 1381.787: Total time for which application threads were stopped: 0.0001597 seconds, Stopping threads took: 0.0000493 seconds
2018-12-01T13:49:21.791-0800: 1381.798: Total time for which application threads were stopped: 0.0002794 seconds, Stopping threads took: 0.0001297 seconds
2018-12-01T13:49:21.792-0800: 1381.799: Total time for which application threads were stopped: 0.0000979 seconds, Stopping threads took: 0.0000247 seconds
2018-12-01T13:49:21.792-0800: 1381.799: Total time for which application threads were stopped: 0.0000586 seconds, Stopping threads took: 0.0000110 seconds
2018-12-01T13:49:21.819-0800: 1381.826: Total time for which application threads were stopped: 0.0001255 seconds, Stopping threads took: 0.0000251 seconds
2018-12-01T13:49:23.824-0800: 1383.831: Total time for which application threads were stopped: 0.0000975 seconds, Stopping threads took: 0.0000248 seconds
2018-12-01T13:49:26.787-0800: 1386.794: Total time for which application threads were stopped: 0.0000758 seconds, Stopping threads took: 0.0000189 seconds
2018-12-01T13:49:26.787-0800: 1386.795: Total time for which application threads were stopped: 0.0000383 seconds, Stopping threads took: 0.0000074 seconds
2018-12-01T13:50:21.776-0800: 1441.781: Total time for which application threads were stopped: 0.0001058 seconds, Stopping threads took: 0.0000460 seconds
2018-12-01T13:50:21.783-0800: 1441.789: Total time for which application threads were stopped: 0.0000843 seconds, Stopping threads took: 0.0000241 seconds
2018-12-01T13:50:21.784-0800: 1441.789: Total time for which application threads were stopped: 0.0000549 seconds, Stopping threads took: 0.0000110 seconds
2018-12-01T13:50:21.784-0800: 1441.789: Total time for which application threads were stopped: 0.0000350 seconds, Stopping threads took: 0.0000070 seconds
2018-12-01T13:50:21.786-0800: 1441.791: Total time for which application threads were stopped: 0.0000753 seconds, Stopping threads took: 0.0000167 seconds
2018-12-01T13:50:26.783-0800: 1446.788: Total time for which application threads were stopped: 0.0001365 seconds, Stopping threads took: 0.0000327 seconds
2018-12-01T13:50:26.783-0800: 1446.789: Total time for which application threads were stopped: 0.0000952 seconds, Stopping threads took: 0.0000208 seconds
2018-12-01T13:51:21.774-0800: 1501.778: Total time for which application threads were stopped: 0.0001378 seconds, Stopping threads took: 0.0000796 seconds
2018-12-01T13:51:21.781-0800: 1501.785: Total time for which application threads were stopped: 0.0000756 seconds, Stopping threads took: 0.0000207 seconds
2018-12-01T13:51:21.782-0800: 1501.785: Total time for which application threads were stopped: 0.0000772 seconds, Stopping threads took: 0.0000154 seconds
2018-12-01T13:51:21.782-0800: 1501.785: Total time for which application threads were stopped: 0.0000530 seconds, Stopping threads took: 0.0000080 seconds
2018-12-01T13:51:21.784-0800: 1501.787: Total time for which application threads were stopped: 0.0000779 seconds, Stopping threads took: 0.0000205 seconds
2018-12-01T13:51:22.785-0800: 1502.788: Total time for which application threads were stopped: 0.0000739 seconds, Stopping threads took: 0.0000183 seconds
2018-12-01T13:51:23.787-0800: 1503.790: Total time for which application threads were stopped: 0.0001258 seconds, Stopping threads took: 0.0000304 seconds
2018-12-01T13:51:26.777-0800: 1506.780: Total time for which application threads were stopped: 0.0001150 seconds, Stopping threads took: 0.0000209 seconds
2018-12-01T13:51:26.777-0800: 1506.780: Total time for which application threads were stopped: 0.0000487 seconds, Stopping threads took: 0.0000100 seconds
2018-12-01T13:52:21.776-0800: 1561.777: Total time for which application threads were stopped: 0.0001162 seconds, Stopping threads took: 0.0000396 seconds
2018-12-01T13:52:21.784-0800: 1561.786: Total time for which application threads were stopped: 0.0001034 seconds, Stopping threads took: 0.0000367 seconds
2018-12-01T13:52:21.785-0800: 1561.787: Total time for which application threads were stopped: 0.0001766 seconds, Stopping threads took: 0.0000155 seconds
2018-12-01T13:52:21.785-0800: 1561.787: Total time for which application threads were stopped: 0.0001031 seconds, Stopping threads took: 0.0000112 seconds
2018-12-01T13:52:21.787-0800: 1561.789: Total time for which application threads were stopped: 0.0000769 seconds, Stopping threads took: 0.0000201 seconds
2018-12-01T13:52:23.797-0800: 1563.799: Total time for which application threads were stopped: 0.0001681 seconds, Stopping threads took: 0.0000480 seconds
2018-12-01T13:52:26.783-0800: 1566.784: Total time for which application threads were stopped: 0.0002866 seconds, Stopping threads took: 0.0001130 seconds
2018-12-01T13:52:26.783-0800: 1566.785: Total time for which application threads were stopped: 0.0001591 seconds, Stopping threads took: 0.0000225 seconds
2018-12-01T13:53:21.780-0800: 1621.780: Total time for which application threads were stopped: 0.0001434 seconds, Stopping threads took: 0.0000749 seconds
2018-12-01T13:53:21.787-0800: 1621.787: Total time for which application threads were stopped: 0.0000937 seconds, Stopping threads took: 0.0000221 seconds
2018-12-01T13:53:21.787-0800: 1621.787: Total time for which application threads were stopped: 0.0000784 seconds, Stopping threads took: 0.0000133 seconds
2018-12-01T13:53:21.788-0800: 1621.787: Total time for which application threads were stopped: 0.0000457 seconds, Stopping threads took: 0.0000071 seconds
2018-12-01T13:53:21.790-0800: 1621.790: Total time for which application threads were stopped: 0.0000827 seconds, Stopping threads took: 0.0000157 seconds
2018-12-01T13:53:26.783-0800: 1626.783: Total time for which application threads were stopped: 0.0001345 seconds, Stopping threads took: 0.0000313 seconds
2018-12-01T13:53:26.784-0800: 1626.783: Total time for which application threads were stopped: 0.0002289 seconds, Stopping threads took: 0.0000173 seconds
2018-12-01T13:53:58.621-0800: 1658.620: Total time for which application threads were stopped: 0.0001338 seconds, Stopping threads took: 0.0000448 seconds
2018-12-01T13:53:58.634-0800: 1658.633: Total time for which application threads were stopped: 0.0006204 seconds, Stopping threads took: 0.0000526 seconds
2018-12-01T13:53:58.639-0800: 1658.638: Total time for which application threads were stopped: 0.0008003 seconds, Stopping threads took: 0.0000362 seconds
2018-12-01T13:53:58.720-0800: 1658.719: Total time for which application threads were stopped: 0.0007700 seconds, Stopping threads took: 0.0000514 seconds
2018-12-01T13:53:58.753-0800: 1658.752: Total time for which application threads were stopped: 0.0007543 seconds, Stopping threads took: 0.0000259 seconds
2018-12-01T13:53:58.932-0800: 1658.930: Total time for which application threads were stopped: 0.0001280 seconds, Stopping threads took: 0.0000218 seconds
{Heap before GC invocations=14 (full 2):
 par new generation   total 109248K, used 109248K [0x00000007a0000000, 0x00000007a8000000, 0x00000007a8000000)
  eden space 87424K, 100% used [0x00000007a0000000, 0x00000007a5560000, 0x00000007a5560000)
  from space 21824K, 100% used [0x00000007a5560000, 0x00000007a6ab0000, 0x00000007a6ab0000)
  to   space 21824K,   0% used [0x00000007a6ab0000, 0x00000007a6ab0000, 0x00000007a8000000)
 concurrent mark-sweep generation total 393216K, used 36465K [0x00000007a8000000, 0x00000007c0000000, 0x00000007c0000000)
 Metaspace       used 46882K, capacity 48096K, committed 48404K, reserved 1091584K
  class space    used 5744K, capacity 6058K, committed 6164K, reserved 1048576K
2018-12-01T13:53:59.020-0800: 1659.019: [GC (Allocation Failure) 2018-12-01T13:53:59.020-0800: 1659.019: [ParNew
Desired survivor size 20112992 bytes, new threshold 7 (max 8)
- age   1:    3882120 bytes,    3882120 total
- age   2:     498160 bytes,    4380280 total
- age   3:     509696 bytes,    4889976 total
- age   4:      61920 bytes,    4951896 total
- age   5:    8622480 bytes,   13574376 total
- age   6:    4052504 bytes,   17626880 total
- age   7:    3421792 bytes,   21048672 total
- age   8:     821552 bytes,   21870224 total
: 109248K->21824K(109248K), 0.0355877 secs] 145713K->60821K(502464K), 0.0359047 secs] [Times: user=0.13 sys=0.00, real=0.03 secs] 
Heap after GC invocations=15 (full 2):
 par new generation   total 109248K, used 21824K [0x00000007a0000000, 0x00000007a8000000, 0x00000007a8000000)
  eden space 87424K,   0% used [0x00000007a0000000, 0x00000007a0000000, 0x00000007a5560000)
  from space 21824K, 100% used [0x00000007a6ab0000, 0x00000007a8000000, 0x00000007a8000000)
  to   space 21824K,   0% used [0x00000007a5560000, 0x00000007a5560000, 0x00000007a6ab0000)
 concurrent mark-sweep generation total 393216K, used 38997K [0x00000007a8000000, 0x00000007c0000000, 0x00000007c0000000)
 Metaspace       used 46882K, capacity 48096K, committed 48404K, reserved 1091584K
  class space    used 5744K, capacity 6058K, committed 6164K, reserved 1048576K
}
2018-12-01T13:53:59.056-0800: 1659.055: Total time for which application threads were stopped: 0.0361095 seconds, Stopping threads took: 0.0000445 seconds
2018-12-01T13:53:59.419-0800: 1659.418: Total time for which application threads were stopped: 0.0005581 seconds, Stopping threads took: 0.0000172 seconds
2018-12-01T13:53:59.653-0800: 1659.652: Total time for which application threads were stopped: 0.0006039 seconds, Stopping threads took: 0.0000215 seconds
{Heap before GC invocations=15 (full 2):
 par new generation   total 109248K, used 109248K [0x00000007a0000000, 0x00000007a8000000, 0x00000007a8000000)
  eden space 87424K, 100% used [0x00000007a0000000, 0x00000007a5560000, 0x00000007a5560000)
  from space 21824K, 100% used [0x00000007a6ab0000, 0x00000007a8000000, 0x00000007a8000000)
  to   space 21824K,   0% used [0x00000007a5560000, 0x00000007a5560000, 0x00000007a6ab0000)
 concurrent mark-sweep generation total 393216K, used 38997K [0x00000007a8000000, 0x00000007c0000000, 0x00000007c0000000)
 Metaspace       used 52621K, capacity 53854K, committed 54164K, reserved 1097728K
  class space    used 6405K, capacity 6735K, committed 6804K, reserved 1048576K
2018-12-01T13:54:00.006-0800: 1660.004: [GC (Allocation Failure) 2018-12-01T13:54:00.006-0800: 1660.004: [ParNew
Desired survivor size 20112992 bytes, new threshold 7 (max 8)
- age   1:    6953392 bytes,    6953392 total
- age   2:    2602296 bytes,    9555688 total
- age   3:     455120 bytes,   10010808 total
- age   4:     509264 bytes,   10520072 total
- age   5:      61840 bytes,   10581912 total
- age   6:    6982936 bytes,   17564848 total
- age   7:    3823656 bytes,   21388504 total
: 109248K->21824K(109248K), 0.0638721 secs] 148245K->67823K(502464K), 0.0639926 secs] [Times: user=0.16 sys=0.01, real=0.07 secs] 
Heap after GC invocations=16 (full 2):
 par new generation   total 109248K, used 21824K [0x00000007a0000000, 0x00000007a8000000, 0x00000007a8000000)
  eden space 87424K,   0% used [0x00000007a0000000, 0x00000007a0000000, 0x00000007a5560000)
  from space 21824K, 100% used [0x00000007a5560000, 0x00000007a6ab0000, 0x00000007a6ab0000)
  to   space 21824K,   0% used [0x00000007a6ab0000, 0x00000007a6ab0000, 0x00000007a8000000)
 concurrent mark-sweep generation total 393216K, used 45999K [0x00000007a8000000, 0x00000007c0000000, 0x00000007c0000000)
 Metaspace       used 52621K, capacity 53854K, committed 54164K, reserved 1097728K
  class space    used 6405K, capacity 6735K, committed 6804K, reserved 1048576K
}
2018-12-01T13:54:00.070-0800: 1660.068: Total time for which application threads were stopped: 0.0643325 seconds, Stopping threads took: 0.0000482 seconds
2018-12-01T13:54:00.219-0800: 1660.218: Total time for which application threads were stopped: 0.0001274 seconds, Stopping threads took: 0.0000511 seconds
2018-12-01T13:54:00.228-0800: 1660.227: Total time for which application threads were stopped: 0.0002477 seconds, Stopping threads took: 0.0000876 seconds
2018-12-01T13:54:00.229-0800: 1660.227: Total time for which application threads were stopped: 0.0001838 seconds, Stopping threads took: 0.0000421 seconds
2018-12-01T13:54:00.255-0800: 1660.254: Total time for which application threads were stopped: 0.0005784 seconds, Stopping threads took: 0.0000391 seconds
2018-12-01T13:54:00.260-0800: 1660.259: Total time for which application threads were stopped: 0.0001235 seconds, Stopping threads took: 0.0000215 seconds
2018-12-01T13:54:00.317-0800: 1660.316: Total time for which application threads were stopped: 0.0001224 seconds, Stopping threads took: 0.0000280 seconds
2018-12-01T13:54:00.468-0800: 1660.467: Total time for which application threads were stopped: 0.0005862 seconds, Stopping threads took: 0.0000234 seconds
2018-12-01T13:54:00.469-0800: 1660.468: Total time for which application threads were stopped: 0.0005440 seconds, Stopping threads took: 0.0000190 seconds
2018-12-01T13:54:01.006-0800: 1661.004: Total time for which application threads were stopped: 0.0009327 seconds, Stopping threads took: 0.0000447 seconds
{Heap before GC invocations=16 (full 2):
 par new generation   total 109248K, used 109248K [0x00000007a0000000, 0x00000007a8000000, 0x00000007a8000000)
  eden space 87424K, 100% used [0x00000007a0000000, 0x00000007a5560000, 0x00000007a5560000)
  from space 21824K, 100% used [0x00000007a5560000, 0x00000007a6ab0000, 0x00000007a6ab0000)
  to   space 21824K,   0% used [0x00000007a6ab0000, 0x00000007a6ab0000, 0x00000007a8000000)
 concurrent mark-sweep generation total 393216K, used 45999K [0x00000007a8000000, 0x00000007c0000000, 0x00000007c0000000)
 Metaspace       used 55761K, capacity 57012K, committed 57236K, reserved 1099776K
  class space    used 6741K, capacity 7060K, committed 7060K, reserved 1048576K
2018-12-01T13:54:01.370-0800: 1661.369: [GC (Allocation Failure) 2018-12-01T13:54:01.371-0800: 1661.369: [ParNew
Desired survivor size 20112992 bytes, new threshold 7 (max 8)
- age   1:    8246024 bytes,    8246024 total
- age   2:    3479512 bytes,   11725536 total
- age   3:    2599840 bytes,   14325376 total
- age   4:     455088 bytes,   14780464 total
- age   5:     509264 bytes,   15289728 total
- age   6:      61840 bytes,   15351568 total
- age   7:    6982904 bytes,   22334472 total
: 109248K->21824K(109248K), 0.0442867 secs] 155247K->73195K(502464K), 0.0444178 secs] [Times: user=0.13 sys=0.00, real=0.04 secs] 
Heap after GC invocations=17 (full 2):
 par new generation   total 109248K, used 21824K [0x00000007a0000000, 0x00000007a8000000, 0x00000007a8000000)
  eden space 87424K,   0% used [0x00000007a0000000, 0x00000007a0000000, 0x00000007a5560000)
  from space 21824K, 100% used [0x00000007a6ab0000, 0x00000007a8000000, 0x00000007a8000000)
  to   space 21824K,   0% used [0x00000007a5560000, 0x00000007a5560000, 0x00000007a6ab0000)
 concurrent mark-sweep generation total 393216K, used 51371K [0x00000007a8000000, 0x00000007c0000000, 0x00000007c0000000)
 Metaspace       used 55761K, capacity 57012K, committed 57236K, reserved 1099776K
  class space    used 6741K, capacity 7060K, committed 7060K, reserved 1048576K
}
2018-12-01T13:54:01.415-0800: 1661.414: Total time for which application threads were stopped: 0.0446894 seconds, Stopping threads took: 0.0000272 seconds
2018-12-01T13:54:01.415-0800: 1661.414: Total time for which application threads were stopped: 0.0001106 seconds, Stopping threads took: 0.0000397 seconds
2018-12-01T13:54:01.416-0800: 1661.414: Total time for which application threads were stopped: 0.0000728 seconds, Stopping threads took: 0.0000245 seconds
2018-12-01T13:54:01.416-0800: 1661.414: Total time for which application threads were stopped: 0.0000812 seconds, Stopping threads took: 0.0000440 seconds
2018-12-01T13:54:01.416-0800: 1661.415: Total time for which application threads were stopped: 0.0001136 seconds, Stopping threads took: 0.0000431 seconds
2018-12-01T13:54:01.416-0800: 1661.415: Total time for which application threads were stopped: 0.0000661 seconds, Stopping threads took: 0.0000103 seconds
2018-12-01T13:54:01.416-0800: 1661.415: Total time for which application threads were stopped: 0.0000766 seconds, Stopping threads took: 0.0000297 seconds
2018-12-01T13:54:01.416-0800: 1661.415: Total time for which application threads were stopped: 0.0000684 seconds, Stopping threads took: 0.0000313 seconds
2018-12-01T13:54:01.416-0800: 1661.415: Total time for which application threads were stopped: 0.0000702 seconds, Stopping threads took: 0.0000368 seconds
2018-12-01T13:54:01.416-0800: 1661.415: Total time for which application threads were stopped: 0.0000425 seconds, Stopping threads took: 0.0000077 seconds
2018-12-01T13:54:01.417-0800: 1661.415: Total time for which application threads were stopped: 0.0000711 seconds, Stopping threads took: 0.0000250 seconds
2018-12-01T13:54:01.417-0800: 1661.415: Total time for which application threads were stopped: 0.0000646 seconds, Stopping threads took: 0.0000258 seconds
2018-12-01T13:54:01.417-0800: 1661.416: Total time for which application threads were stopped: 0.0000709 seconds, Stopping threads took: 0.0000317 seconds
2018-12-01T13:54:01.417-0800: 1661.416: Total time for which application threads were stopped: 0.0000529 seconds, Stopping threads took: 0.0000130 seconds
2018-12-01T13:54:01.417-0800: 1661.416: Total time for which application threads were stopped: 0.0000592 seconds, Stopping threads took: 0.0000253 seconds
2018-12-01T13:54:01.417-0800: 1661.416: Total time for which application threads were stopped: 0.0000895 seconds, Stopping threads took: 0.0000410 seconds
2018-12-01T13:54:01.417-0800: 1661.416: Total time for which application threads were stopped: 0.0000663 seconds, Stopping threads took: 0.0000251 seconds
2018-12-01T13:54:01.417-0800: 1661.416: Total time for which application threads were stopped: 0.0001493 seconds, Stopping threads took: 0.0000320 seconds
2018-12-01T13:54:01.418-0800: 1661.416: Total time for which application threads were stopped: 0.0000728 seconds, Stopping threads took: 0.0000289 seconds
{Heap before GC invocations=17 (full 2):
 par new generation   total 109248K, used 109248K [0x00000007a0000000, 0x00000007a8000000, 0x00000007a8000000)
  eden space 87424K, 100% used [0x00000007a0000000, 0x00000007a5560000, 0x00000007a5560000)
  from space 21824K, 100% used [0x00000007a6ab0000, 0x00000007a8000000, 0x00000007a8000000)
  to   space 21824K,   0% used [0x00000007a5560000, 0x00000007a5560000, 0x00000007a6ab0000)
 concurrent mark-sweep generation total 393216K, used 51371K [0x00000007a8000000, 0x00000007c0000000, 0x00000007c0000000)
 Metaspace       used 57432K, capacity 58650K, committed 59028K, reserved 1101824K
  class space    used 6894K, capacity 7221K, committed 7316K, reserved 1048576K
2018-12-01T13:54:02.202-0800: 1662.201: [GC (Allocation Failure) 2018-12-01T13:54:02.202-0800: 1662.201: [ParNew
Desired survivor size 20112992 bytes, new threshold 4 (max 8)
- age   1:    7858544 bytes,    7858544 total
- age   2:    7044232 bytes,   14902776 total
- age   3:    3477976 bytes,   18380752 total
- age   4:    2597624 bytes,   20978376 total
- age   5:     455088 bytes,   21433464 total
- age   6:     509200 bytes,   21942664 total
- age   7:      61744 bytes,   22004408 total
: 109248K->21824K(109248K), 0.0702622 secs] 160619K->95872K(502464K), 0.0703807 secs] [Times: user=0.20 sys=0.02, real=0.07 secs] 
Heap after GC invocations=18 (full 2):
 par new generation   total 109248K, used 21824K [0x00000007a0000000, 0x00000007a8000000, 0x00000007a8000000)
  eden space 87424K,   0% used [0x00000007a0000000, 0x00000007a0000000, 0x00000007a5560000)
  from space 21824K, 100% used [0x00000007a5560000, 0x00000007a6ab0000, 0x00000007a6ab0000)
  to   space 21824K,   0% used [0x00000007a6ab0000, 0x00000007a6ab0000, 0x00000007a8000000)
 concurrent mark-sweep generation total 393216K, used 74048K [0x00000007a8000000, 0x00000007c0000000, 0x00000007c0000000)
 Metaspace       used 57432K, capacity 58650K, committed 59028K, reserved 1101824K
  class space    used 6894K, capacity 7221K, committed 7316K, reserved 1048576K
}
2018-12-01T13:54:02.273-0800: 1662.271: Total time for which application threads were stopped: 0.0706886 seconds, Stopping threads took: 0.0000284 seconds
2018-12-01T13:54:02.273-0800: 1662.272: Total time for which application threads were stopped: 0.0002108 seconds, Stopping threads took: 0.0001051 seconds
2018-12-01T13:54:02.273-0800: 1662.272: Total time for which application threads were stopped: 0.0000921 seconds, Stopping threads took: 0.0000139 seconds
2018-12-01T13:54:02.273-0800: 1662.272: Total time for which application threads were stopped: 0.0000727 seconds, Stopping threads took: 0.0000099 seconds
2018-12-01T13:54:02.274-0800: 1662.272: Total time for which application threads were stopped: 0.0001677 seconds, Stopping threads took: 0.0000841 seconds
2018-12-01T13:54:02.274-0800: 1662.273: Total time for which application threads were stopped: 0.0001208 seconds, Stopping threads took: 0.0000696 seconds
2018-12-01T13:54:02.274-0800: 1662.273: Total time for which application threads were stopped: 0.0001416 seconds, Stopping threads took: 0.0000651 seconds
2018-12-01T13:54:02.274-0800: 1662.273: Total time for which application threads were stopped: 0.0001144 seconds, Stopping threads took: 0.0000237 seconds
2018-12-01T13:54:02.274-0800: 1662.273: Total time for which application threads were stopped: 0.0000982 seconds, Stopping threads took: 0.0000091 seconds
2018-12-01T13:54:02.275-0800: 1662.273: Total time for which application threads were stopped: 0.0001912 seconds, Stopping threads took: 0.0000854 seconds
2018-12-01T13:54:02.275-0800: 1662.273: Total time for which application threads were stopped: 0.0001198 seconds, Stopping threads took: 0.0000558 seconds
2018-12-01T13:54:02.275-0800: 1662.274: Total time for which application threads were stopped: 0.0001883 seconds, Stopping threads took: 0.0000824 seconds
2018-12-01T13:54:02.275-0800: 1662.274: Total time for which application threads were stopped: 0.0000934 seconds, Stopping threads took: 0.0000259 seconds
2018-12-01T13:54:02.275-0800: 1662.274: Total time for which application threads were stopped: 0.0001219 seconds, Stopping threads took: 0.0000504 seconds
2018-12-01T13:54:02.275-0800: 1662.274: Total time for which application threads were stopped: 0.0001265 seconds, Stopping threads took: 0.0000102 seconds
2018-12-01T13:54:02.276-0800: 1662.274: Total time for which application threads were stopped: 0.0001255 seconds, Stopping threads took: 0.0000382 seconds
2018-12-01T13:54:02.295-0800: 1662.294: Total time for which application threads were stopped: 0.0008438 seconds, Stopping threads took: 0.0000285 seconds
2018-12-01T13:54:02.297-0800: 1662.296: Total time for which application threads were stopped: 0.0006037 seconds, Stopping threads took: 0.0005168 seconds
2018-12-01T13:54:02.634-0800: 1662.632: Total time for which application threads were stopped: 0.0002521 seconds, Stopping threads took: 0.0000797 seconds
{Heap before GC invocations=18 (full 2):
 par new generation   total 109248K, used 109248K [0x00000007a0000000, 0x00000007a8000000, 0x00000007a8000000)
  eden space 87424K, 100% used [0x00000007a0000000, 0x00000007a5560000, 0x00000007a5560000)
  from space 21824K, 100% used [0x00000007a5560000, 0x00000007a6ab0000, 0x00000007a6ab0000)
  to   space 21824K,   0% used [0x00000007a6ab0000, 0x00000007a6ab0000, 0x00000007a8000000)
 concurrent mark-sweep generation total 393216K, used 74048K [0x00000007a8000000, 0x00000007c0000000, 0x00000007c0000000)
 Metaspace       used 57631K, capacity 58842K, committed 59284K, reserved 1101824K
  class space    used 6912K, capacity 7221K, committed 7316K, reserved 1048576K
2018-12-01T13:54:02.708-0800: 1662.707: [GC (Allocation Failure) 2018-12-01T13:54:02.708-0800: 1662.707: [ParNew
Desired survivor size 20112992 bytes, new threshold 8 (max 8)
- age   1:    2618808 bytes,    2618808 total
- age   2:    6459208 bytes,    9078016 total
- age   3:    6522832 bytes,   15600848 total
- age   4:    3478000 bytes,   19078848 total
: 109248K->21824K(109248K), 0.0246921 secs] 183296K->99441K(502464K), 0.0248371 secs] [Times: user=0.08 sys=0.00, real=0.03 secs] 
Heap after GC invocations=19 (full 2):
 par new generation   total 109248K, used 21824K [0x00000007a0000000, 0x00000007a8000000, 0x00000007a8000000)
  eden space 87424K,   0% used [0x00000007a0000000, 0x00000007a0000000, 0x00000007a5560000)
  from space 21824K, 100% used [0x00000007a6ab0000, 0x00000007a8000000, 0x00000007a8000000)
  to   space 21824K,   0% used [0x00000007a5560000, 0x00000007a5560000, 0x00000007a6ab0000)
 concurrent mark-sweep generation total 393216K, used 77617K [0x00000007a8000000, 0x00000007c0000000, 0x00000007c0000000)
 Metaspace       used 57631K, capacity 58842K, committed 59284K, reserved 1101824K
  class space    used 6912K, capacity 7221K, committed 7316K, reserved 1048576K
}
2018-12-01T13:54:02.733-0800: 1662.732: Total time for which application threads were stopped: 0.0251254 seconds, Stopping threads took: 0.0000524 seconds
2018-12-01T13:54:02.733-0800: 1662.732: Total time for which application threads were stopped: 0.0001935 seconds, Stopping threads took: 0.0000805 seconds
2018-12-01T13:54:02.734-0800: 1662.733: Total time for which application threads were stopped: 0.0007180 seconds, Stopping threads took: 0.0006163 seconds
2018-12-01T13:54:02.735-0800: 1662.733: Total time for which application threads were stopped: 0.0007121 seconds, Stopping threads took: 0.0006124 seconds
2018-12-01T13:54:02.736-0800: 1662.734: Total time for which application threads were stopped: 0.0007629 seconds, Stopping threads took: 0.0006554 seconds
2018-12-01T13:54:02.736-0800: 1662.735: Total time for which application threads were stopped: 0.0002582 seconds, Stopping threads took: 0.0000801 seconds
2018-12-01T13:54:02.791-0800: 1662.789: Total time for which application threads were stopped: 0.0001395 seconds, Stopping threads took: 0.0000452 seconds
2018-12-01T13:54:03.029-0800: 1663.028: Total time for which application threads were stopped: 0.0001972 seconds, Stopping threads took: 0.0000662 seconds
{Heap before GC invocations=19 (full 2):
 par new generation   total 109248K, used 109248K [0x00000007a0000000, 0x00000007a8000000, 0x00000007a8000000)
  eden space 87424K, 100% used [0x00000007a0000000, 0x00000007a5560000, 0x00000007a5560000)
  from space 21824K, 100% used [0x00000007a6ab0000, 0x00000007a8000000, 0x00000007a8000000)
  to   space 21824K,   0% used [0x00000007a5560000, 0x00000007a5560000, 0x00000007a6ab0000)
 concurrent mark-sweep generation total 393216K, used 77617K [0x00000007a8000000, 0x00000007c0000000, 0x00000007c0000000)
 Metaspace       used 58389K, capacity 59610K, committed 59796K, reserved 1101824K
  class space    used 6961K, capacity 7285K, committed 7316K, reserved 1048576K
2018-12-01T13:54:03.171-0800: 1663.170: [GC (Allocation Failure) 2018-12-01T13:54:03.171-0800: 1663.170: [ParNew
Desired survivor size 20112992 bytes, new threshold 5 (max 8)
- age   1:    4312200 bytes,    4312200 total
- age   2:    2088728 bytes,    6400928 total
- age   3:    6458488 bytes,   12859416 total
- age   4:    6003536 bytes,   18862952 total
- age   5:    3477976 bytes,   22340928 total
: 109248K->21824K(109248K), 0.0399488 secs] 186865K->113941K(502464K), 0.0400752 secs] [Times: user=0.13 sys=0.02, real=0.04 secs] 
Heap after GC invocations=20 (full 2):
 par new generation   total 109248K, used 21824K [0x00000007a0000000, 0x00000007a8000000, 0x00000007a8000000)
  eden space 87424K,   0% used [0x00000007a0000000, 0x00000007a0000000, 0x00000007a5560000)
  from space 21824K, 100% used [0x00000007a5560000, 0x00000007a6ab0000, 0x00000007a6ab0000)
  to   space 21824K,   0% used [0x00000007a6ab0000, 0x00000007a6ab0000, 0x00000007a8000000)
 concurrent mark-sweep generation total 393216K, used 92117K [0x00000007a8000000, 0x00000007c0000000, 0x00000007c0000000)
 Metaspace       used 58389K, capacity 59610K, committed 59796K, reserved 1101824K
  class space    used 6961K, capacity 7285K, committed 7316K, reserved 1048576K
}
2018-12-01T13:54:03.211-0800: 1663.210: Total time for which application threads were stopped: 0.0403388 seconds, Stopping threads took: 0.0000257 seconds
2018-12-01T13:54:03.212-0800: 1663.210: Total time for which application threads were stopped: 0.0001767 seconds, Stopping threads took: 0.0000953 seconds
2018-12-01T13:54:03.611-0800: 1663.610: Total time for which application threads were stopped: 0.0002049 seconds, Stopping threads took: 0.0000235 seconds
2018-12-01T13:54:03.611-0800: 1663.610: Total time for which application threads were stopped: 0.0000686 seconds, Stopping threads took: 0.0000131 seconds
{Heap before GC invocations=20 (full 2):
 par new generation   total 109248K, used 109248K [0x00000007a0000000, 0x00000007a8000000, 0x00000007a8000000)
  eden space 87424K, 100% used [0x00000007a0000000, 0x00000007a5560000, 0x00000007a5560000)
  from space 21824K, 100% used [0x00000007a5560000, 0x00000007a6ab0000, 0x00000007a6ab0000)
  to   space 21824K,   0% used [0x00000007a6ab0000, 0x00000007a6ab0000, 0x00000007a8000000)
 concurrent mark-sweep generation total 393216K, used 92117K [0x00000007a8000000, 0x00000007c0000000, 0x00000007c0000000)
 Metaspace       used 59046K, capacity 60320K, committed 60692K, reserved 1101824K
  class space    used 7008K, capacity 7324K, committed 7444K, reserved 1048576K
2018-12-01T13:54:03.737-0800: 1663.735: [GC (Allocation Failure) 2018-12-01T13:54:03.737-0800: 1663.735: [ParNew
Desired survivor size 20112992 bytes, new threshold 8 (max 8)
- age   1:    2804424 bytes,    2804424 total
- age   2:    3171800 bytes,    5976224 total
- age   3:    2087760 bytes,    8063984 total
- age   4:    5346536 bytes,   13410520 total
- age   5:    5864480 bytes,   19275000 total
: 109248K->21824K(109248K), 0.0277379 secs] 201365K->119197K(502464K), 0.0278717 secs] [Times: user=0.09 sys=0.01, real=0.03 secs] 
Heap after GC invocations=21 (full 2):
 par new generation   total 109248K, used 21824K [0x00000007a0000000, 0x00000007a8000000, 0x00000007a8000000)
  eden space 87424K,   0% used [0x00000007a0000000, 0x00000007a0000000, 0x00000007a5560000)
  from space 21824K, 100% used [0x00000007a6ab0000, 0x00000007a8000000, 0x00000007a8000000)
  to   space 21824K,   0% used [0x00000007a5560000, 0x00000007a5560000, 0x00000007a6ab0000)
 concurrent mark-sweep generation total 393216K, used 97373K [0x00000007a8000000, 0x00000007c0000000, 0x00000007c0000000)
 Metaspace       used 59046K, capacity 60320K, committed 60692K, reserved 1101824K
  class space    used 7008K, capacity 7324K, committed 7444K, reserved 1048576K
}
2018-12-01T13:54:03.765-0800: 1663.763: Total time for which application threads were stopped: 0.0281955 seconds, Stopping threads took: 0.0000848 seconds
2018-12-01T13:54:03.765-0800: 1663.764: Total time for which application threads were stopped: 0.0001264 seconds, Stopping threads took: 0.0000370 seconds
2018-12-01T13:54:03.796-0800: 1663.795: Total time for which application threads were stopped: 0.0001024 seconds, Stopping threads took: 0.0000233 seconds
2018-12-01T13:54:03.815-0800: 1663.814: Total time for which application threads were stopped: 0.0000812 seconds, Stopping threads took: 0.0000187 seconds
2018-12-01T13:54:03.816-0800: 1663.814: Total time for which application threads were stopped: 0.0000806 seconds, Stopping threads took: 0.0000173 seconds
2018-12-01T13:54:03.824-0800: 1663.823: Total time for which application threads were stopped: 0.0001358 seconds, Stopping threads took: 0.0000475 seconds
2018-12-01T13:54:04.826-0800: 1664.825: Total time for which application threads were stopped: 0.0005047 seconds, Stopping threads took: 0.0000835 seconds
2018-12-01T13:54:06.687-0800: 1666.685: Total time for which application threads were stopped: 0.0001362 seconds, Stopping threads took: 0.0000351 seconds
2018-12-01T13:54:06.687-0800: 1666.686: Total time for which application threads were stopped: 0.0000927 seconds, Stopping threads took: 0.0000213 seconds
2018-12-01T13:54:10.498-0800: 1670.496: Total time for which application threads were stopped: 0.0001297 seconds, Stopping threads took: 0.0000348 seconds
2018-12-01T13:54:12.072-0800: 1672.071: Total time for which application threads were stopped: 0.0001442 seconds, Stopping threads took: 0.0000412 seconds
2018-12-01T13:54:17.320-0800: 1677.319: Total time for which application threads were stopped: 0.0001184 seconds, Stopping threads took: 0.0000319 seconds
2018-12-01T13:54:20.500-0800: 1680.499: Total time for which application threads were stopped: 0.0001638 seconds, Stopping threads took: 0.0000647 seconds
2018-12-01T13:54:21.779-0800: 1681.777: Total time for which application threads were stopped: 0.0001614 seconds, Stopping threads took: 0.0000369 seconds
2018-12-01T13:54:21.789-0800: 1681.787: Total time for which application threads were stopped: 0.0001053 seconds, Stopping threads took: 0.0000398 seconds
2018-12-01T13:54:21.790-0800: 1681.788: Total time for which application threads were stopped: 0.0000957 seconds, Stopping threads took: 0.0000353 seconds
2018-12-01T13:54:21.790-0800: 1681.788: Total time for which application threads were stopped: 0.0000605 seconds, Stopping threads took: 0.0000260 seconds
2018-12-01T13:54:21.794-0800: 1681.792: Total time for which application threads were stopped: 0.0001102 seconds, Stopping threads took: 0.0000408 seconds
2018-12-01T13:54:22.779-0800: 1682.777: Total time for which application threads were stopped: 0.0002165 seconds, Stopping threads took: 0.0000396 seconds
2018-12-01T13:54:26.787-0800: 1686.785: Total time for which application threads were stopped: 0.0001420 seconds, Stopping threads took: 0.0000351 seconds
2018-12-01T13:54:26.787-0800: 1686.785: Total time for which application threads were stopped: 0.0000984 seconds, Stopping threads took: 0.0000205 seconds
2018-12-01T13:54:27.778-0800: 1687.776: Total time for which application threads were stopped: 0.0001276 seconds, Stopping threads took: 0.0000330 seconds
2018-12-01T13:54:33.265-0800: 1693.263: Total time for which application threads were stopped: 0.0001355 seconds, Stopping threads took: 0.0000342 seconds
2018-12-01T13:54:38.270-0800: 1698.268: Total time for which application threads were stopped: 0.0001321 seconds, Stopping threads took: 0.0000339 seconds
2018-12-01T13:54:43.764-0800: 1703.761: Total time for which application threads were stopped: 0.0001121 seconds, Stopping threads took: 0.0000307 seconds
2018-12-01T13:54:46.779-0800: 1706.776: Total time for which application threads were stopped: 0.0001223 seconds, Stopping threads took: 0.0000335 seconds
2018-12-01T13:54:49.185-0800: 1709.182: Total time for which application threads were stopped: 0.0001135 seconds, Stopping threads took: 0.0000300 seconds
2018-12-01T13:54:52.370-0800: 1712.367: Total time for which application threads were stopped: 0.0001110 seconds, Stopping threads took: 0.0000307 seconds
2018-12-01T13:54:53.486-0800: 1713.483: Total time for which application threads were stopped: 0.0002152 seconds, Stopping threads took: 0.0000605 seconds
2018-12-01T13:54:54.186-0800: 1714.183: Total time for which application threads were stopped: 0.0001829 seconds, Stopping threads took: 0.0000372 seconds
2018-12-01T13:54:59.678-0800: 1719.675: Total time for which application threads were stopped: 0.0001490 seconds, Stopping threads took: 0.0000376 seconds
2018-12-01T13:55:04.678-0800: 1724.675: Total time for which application threads were stopped: 0.0002480 seconds, Stopping threads took: 0.0000308 seconds
2018-12-01T13:55:10.174-0800: 1730.170: Total time for which application threads were stopped: 0.0001620 seconds, Stopping threads took: 0.0000355 seconds
2018-12-01T13:55:13.367-0800: 1733.364: Total time for which application threads were stopped: 0.0001107 seconds, Stopping threads took: 0.0000296 seconds
2018-12-01T13:55:15.173-0800: 1735.169: Total time for which application threads were stopped: 0.0001308 seconds, Stopping threads took: 0.0000339 seconds
2018-12-01T13:55:17.105-0800: 1737.102: Total time for which application threads were stopped: 0.0001167 seconds, Stopping threads took: 0.0000303 seconds
2018-12-01T13:55:20.173-0800: 1740.169: Total time for which application threads were stopped: 0.0003763 seconds, Stopping threads took: 0.0001009 seconds
2018-12-01T13:55:21.779-0800: 1741.775: Total time for which application threads were stopped: 0.0001010 seconds, Stopping threads took: 0.0000350 seconds
2018-12-01T13:55:21.787-0800: 1741.784: Total time for which application threads were stopped: 0.0000810 seconds, Stopping threads took: 0.0000198 seconds
2018-12-01T13:55:21.787-0800: 1741.784: Total time for which application threads were stopped: 0.0000515 seconds, Stopping threads took: 0.0000093 seconds
2018-12-01T13:55:21.788-0800: 1741.784: Total time for which application threads were stopped: 0.0000362 seconds, Stopping threads took: 0.0000071 seconds
2018-12-01T13:55:21.791-0800: 1741.787: Total time for which application threads were stopped: 0.0001823 seconds, Stopping threads took: 0.0000945 seconds
2018-12-01T13:55:23.796-0800: 1743.792: Total time for which application threads were stopped: 0.0001517 seconds, Stopping threads took: 0.0000364 seconds
2018-12-01T13:55:25.619-0800: 1745.615: Total time for which application threads were stopped: 0.0001516 seconds, Stopping threads took: 0.0000370 seconds
2018-12-01T13:55:26.784-0800: 1746.780: Total time for which application threads were stopped: 0.0001654 seconds, Stopping threads took: 0.0000434 seconds
2018-12-01T13:55:26.784-0800: 1746.781: Total time for which application threads were stopped: 0.0000844 seconds, Stopping threads took: 0.0000157 seconds
2018-12-01T13:55:30.621-0800: 1750.617: Total time for which application threads were stopped: 0.0001604 seconds, Stopping threads took: 0.0000380 seconds
2018-12-01T13:55:36.027-0800: 1756.023: Total time for which application threads were stopped: 0.0001236 seconds, Stopping threads took: 0.0000342 seconds
2018-12-01T13:55:41.028-0800: 1761.024: Total time for which application threads were stopped: 0.0001593 seconds, Stopping threads took: 0.0000382 seconds
2018-12-01T13:55:46.446-0800: 1766.442: Total time for which application threads were stopped: 0.0000918 seconds, Stopping threads took: 0.0000280 seconds
2018-12-01T13:55:49.144-0800: 1769.140: Total time for which application threads were stopped: 0.0000936 seconds, Stopping threads took: 0.0000250 seconds
2018-12-01T13:55:51.447-0800: 1771.442: Total time for which application threads were stopped: 0.0001629 seconds, Stopping threads took: 0.0000423 seconds
2018-12-01T13:55:56.874-0800: 1776.869: Total time for which application threads were stopped: 0.0000814 seconds, Stopping threads took: 0.0000223 seconds
2018-12-01T13:56:01.877-0800: 1781.872: Total time for which application threads were stopped: 0.0001158 seconds, Stopping threads took: 0.0000317 seconds
2018-12-01T13:56:07.358-0800: 1787.353: Total time for which application threads were stopped: 0.0001336 seconds, Stopping threads took: 0.0000349 seconds
2018-12-01T13:56:12.354-0800: 1792.349: Total time for which application threads were stopped: 0.0001263 seconds, Stopping threads took: 0.0000323 seconds
2018-12-01T13:56:18.829-0800: 1798.824: Total time for which application threads were stopped: 0.0001262 seconds, Stopping threads took: 0.0000329 seconds
2018-12-01T13:56:21.777-0800: 1801.771: Total time for which application threads were stopped: 0.0001446 seconds, Stopping threads took: 0.0000774 seconds
2018-12-01T13:56:21.787-0800: 1801.781: Total time for which application threads were stopped: 0.0001271 seconds, Stopping threads took: 0.0000705 seconds
2018-12-01T13:56:21.788-0800: 1801.782: Total time for which application threads were stopped: 0.0000929 seconds, Stopping threads took: 0.0000330 seconds
2018-12-01T13:56:21.788-0800: 1801.782: Total time for which application threads were stopped: 0.0001108 seconds, Stopping threads took: 0.0000699 seconds
2018-12-01T13:56:21.791-0800: 1801.786: Total time for which application threads were stopped: 0.0001085 seconds, Stopping threads took: 0.0000328 seconds
2018-12-01T13:56:22.857-0800: 1802.851: Total time for which application threads were stopped: 0.0001943 seconds, Stopping threads took: 0.0000395 seconds
2018-12-01T13:56:24.647-0800: 1804.641: Total time for which application threads were stopped: 0.0001663 seconds, Stopping threads took: 0.0000401 seconds
2018-12-01T13:56:26.781-0800: 1806.776: Total time for which application threads were stopped: 0.0001629 seconds, Stopping threads took: 0.0000361 seconds
2018-12-01T13:56:26.781-0800: 1806.776: Total time for which application threads were stopped: 0.0001123 seconds, Stopping threads took: 0.0000240 seconds
2018-12-01T13:56:27.856-0800: 1807.851: Total time for which application threads were stopped: 0.0001271 seconds, Stopping threads took: 0.0000339 seconds
2018-12-01T13:56:33.828-0800: 1813.823: Total time for which application threads were stopped: 0.0001856 seconds, Stopping threads took: 0.0000343 seconds
2018-12-01T13:56:36.193-0800: 1816.187: Total time for which application threads were stopped: 0.0001144 seconds, Stopping threads took: 0.0000304 seconds
2018-12-01T13:56:38.007-0800: 1818.001: Total time for which application threads were stopped: 0.0000961 seconds, Stopping threads took: 0.0000292 seconds
2018-12-01T13:56:38.007-0800: 1818.001: Total time for which application threads were stopped: 0.0000644 seconds, Stopping threads took: 0.0000237 seconds
2018-12-01T13:56:38.007-0800: 1818.001: Total time for which application threads were stopped: 0.0001181 seconds, Stopping threads took: 0.0000496 seconds
2018-12-01T13:56:38.343-0800: 1818.337: Total time for which application threads were stopped: 0.0001259 seconds, Stopping threads took: 0.0000267 seconds
2018-12-01T13:56:40.643-0800: 1820.637: Total time for which application threads were stopped: 0.0003950 seconds, Stopping threads took: 0.0001059 seconds
2018-12-01T13:56:43.342-0800: 1823.336: Total time for which application threads were stopped: 0.0001121 seconds, Stopping threads took: 0.0000307 seconds
2018-12-01T13:56:44.956-0800: 1824.950: Total time for which application threads were stopped: 0.0001446 seconds, Stopping threads took: 0.0000415 seconds
2018-12-01T13:56:46.020-0800: 1826.014: Total time for which application threads were stopped: 0.0000783 seconds, Stopping threads took: 0.0000205 seconds
2018-12-01T13:56:48.025-0800: 1828.019: Total time for which application threads were stopped: 0.0001536 seconds, Stopping threads took: 0.0000365 seconds
2018-12-01T13:56:48.346-0800: 1828.340: Total time for which application threads were stopped: 0.0001323 seconds, Stopping threads took: 0.0000339 seconds
2018-12-01T13:56:51.586-0800: 1831.580: Total time for which application threads were stopped: 0.0004632 seconds, Stopping threads took: 0.0000982 seconds
2018-12-01T13:56:53.347-0800: 1833.340: Total time for which application threads were stopped: 0.0002301 seconds, Stopping threads took: 0.0000437 seconds
2018-12-01T13:56:58.820-0800: 1838.814: Total time for which application threads were stopped: 0.0000922 seconds, Stopping threads took: 0.0000357 seconds
2018-12-01T13:57:03.822-0800: 1843.815: Total time for which application threads were stopped: 0.0001320 seconds, Stopping threads took: 0.0000338 seconds
2018-12-01T13:57:09.189-0800: 1849.182: Total time for which application threads were stopped: 0.0001174 seconds, Stopping threads took: 0.0000375 seconds
2018-12-01T13:57:14.187-0800: 1854.180: Total time for which application threads were stopped: 0.0000734 seconds, Stopping threads took: 0.0000203 seconds
2018-12-01T13:57:17.060-0800: 1857.053: Total time for which application threads were stopped: 0.0002266 seconds, Stopping threads took: 0.0000790 seconds
2018-12-01T13:57:19.188-0800: 1859.181: Total time for which application threads were stopped: 0.0001097 seconds, Stopping threads took: 0.0000297 seconds
2018-12-01T13:57:21.779-0800: 1861.772: Total time for which application threads were stopped: 0.0001062 seconds, Stopping threads took: 0.0000444 seconds
2018-12-01T13:57:21.792-0800: 1861.785: Total time for which application threads were stopped: 0.0000994 seconds, Stopping threads took: 0.0000185 seconds
2018-12-01T13:57:23.799-0800: 1863.792: Total time for which application threads were stopped: 0.0001844 seconds, Stopping threads took: 0.0000687 seconds
2018-12-01T13:57:24.295-0800: 1864.287: Total time for which application threads were stopped: 0.0001074 seconds, Stopping threads took: 0.0000277 seconds
2018-12-01T13:57:26.786-0800: 1866.778: Total time for which application threads were stopped: 0.0001061 seconds, Stopping threads took: 0.0000247 seconds
2018-12-01T13:57:26.786-0800: 1866.778: Total time for which application threads were stopped: 0.0000574 seconds, Stopping threads took: 0.0000102 seconds
2018-12-01T13:57:29.297-0800: 1869.289: Total time for which application threads were stopped: 0.0001106 seconds, Stopping threads took: 0.0000296 seconds
2018-12-01T13:57:34.297-0800: 1874.289: Total time for which application threads were stopped: 0.0001029 seconds, Stopping threads took: 0.0000294 seconds
2018-12-01T13:57:39.298-0800: 1879.290: Total time for which application threads were stopped: 0.0001151 seconds, Stopping threads took: 0.0000339 seconds
2018-12-01T13:57:44.298-0800: 1884.290: Total time for which application threads were stopped: 0.0000980 seconds, Stopping threads took: 0.0000247 seconds
2018-12-01T13:57:49.758-0800: 1889.750: Total time for which application threads were stopped: 0.0001074 seconds, Stopping threads took: 0.0000308 seconds
2018-12-01T13:57:54.758-0800: 1894.749: Total time for which application threads were stopped: 0.0004221 seconds, Stopping threads took: 0.0001352 seconds
2018-12-01T13:58:00.150-0800: 1900.142: Total time for which application threads were stopped: 0.0001115 seconds, Stopping threads took: 0.0000292 seconds
2018-12-01T13:58:05.156-0800: 1905.147: Total time for which application threads were stopped: 0.0001665 seconds, Stopping threads took: 0.0000429 seconds
2018-12-01T13:58:10.451-0800: 1910.442: Total time for which application threads were stopped: 0.0000962 seconds, Stopping threads took: 0.0000269 seconds
2018-12-01T13:58:15.453-0800: 1915.444: Total time for which application threads were stopped: 0.0001650 seconds, Stopping threads took: 0.0000314 seconds
2018-12-01T13:58:16.762-0800: 1916.753: Total time for which application threads were stopped: 0.0000834 seconds, Stopping threads took: 0.0000220 seconds
2018-12-01T13:58:18.063-0800: 1918.055: Total time for which application threads were stopped: 0.0001456 seconds, Stopping threads took: 0.0000330 seconds
2018-12-01T13:58:19.448-0800: 1919.439: Total time for which application threads were stopped: 0.0002407 seconds, Stopping threads took: 0.0000309 seconds
{Heap before GC invocations=21 (full 2):
 par new generation   total 109248K, used 109248K [0x00000007a0000000, 0x00000007a8000000, 0x00000007a8000000)
  eden space 87424K, 100% used [0x00000007a0000000, 0x00000007a5560000, 0x00000007a5560000)
  from space 21824K, 100% used [0x00000007a6ab0000, 0x00000007a8000000, 0x00000007a8000000)
  to   space 21824K,   0% used [0x00000007a5560000, 0x00000007a5560000, 0x00000007a6ab0000)
 concurrent mark-sweep generation total 393216K, used 97373K [0x00000007a8000000, 0x00000007c0000000, 0x00000007c0000000)
 Metaspace       used 59335K, capacity 60608K, committed 60948K, reserved 1103872K
  class space    used 7040K, capacity 7343K, committed 7444K, reserved 1048576K
2018-12-01T13:58:20.452-0800: 1920.443: [GC (Allocation Failure) 2018-12-01T13:58:20.453-0800: 1920.444: [ParNew
Desired survivor size 20112992 bytes, new threshold 8 (max 8)
- age   1:     949208 bytes,     949208 total
- age   2:    1347448 bytes,    2296656 total
- age   3:    3020704 bytes,    5317360 total
- age   4:    2022048 bytes,    7339408 total
- age   5:    5346536 bytes,   12685944 total
- age   6:    5720864 bytes,   18406808 total
: 109248K->21824K(109248K), 0.0182515 secs] 206621K->119197K(502464K), 0.0198190 secs] [Times: user=0.07 sys=0.00, real=0.02 secs] 
Heap after GC invocations=22 (full 2):
 par new generation   total 109248K, used 21824K [0x00000007a0000000, 0x00000007a8000000, 0x00000007a8000000)
  eden space 87424K,   0% used [0x00000007a0000000, 0x00000007a0000000, 0x00000007a5560000)
  from space 21824K, 100% used [0x00000007a5560000, 0x00000007a6ab0000, 0x00000007a6ab0000)
  to   space 21824K,   0% used [0x00000007a6ab0000, 0x00000007a6ab0000, 0x00000007a8000000)
 concurrent mark-sweep generation total 393216K, used 97373K [0x00000007a8000000, 0x00000007c0000000, 0x00000007c0000000)
 Metaspace       used 59335K, capacity 60608K, committed 60948K, reserved 1103872K
  class space    used 7040K, capacity 7343K, committed 7444K, reserved 1048576K
}
2018-12-01T13:58:20.472-0800: 1920.463: Total time for which application threads were stopped: 0.0200488 seconds, Stopping threads took: 0.0000320 seconds
2018-12-01T13:58:20.472-0800: 1920.463: Total time for which application threads were stopped: 0.0001068 seconds, Stopping threads took: 0.0000345 seconds
2018-12-01T13:58:21.476-0800: 1921.467: Total time for which application threads were stopped: 0.0001188 seconds, Stopping threads took: 0.0000253 seconds
2018-12-01T13:58:21.774-0800: 1921.765: Total time for which application threads were stopped: 0.0001538 seconds, Stopping threads took: 0.0000923 seconds
2018-12-01T13:58:21.783-0800: 1921.774: Total time for which application threads were stopped: 0.0001056 seconds, Stopping threads took: 0.0000392 seconds
2018-12-01T13:58:21.784-0800: 1921.775: Total time for which application threads were stopped: 0.0000874 seconds, Stopping threads took: 0.0000246 seconds
2018-12-01T13:58:21.784-0800: 1921.775: Total time for which application threads were stopped: 0.0000609 seconds, Stopping threads took: 0.0000254 seconds
2018-12-01T13:58:21.788-0800: 1921.779: Total time for which application threads were stopped: 0.0000773 seconds, Stopping threads took: 0.0000193 seconds
2018-12-01T13:58:25.907-0800: 1925.898: Total time for which application threads were stopped: 0.0001311 seconds, Stopping threads took: 0.0000337 seconds
2018-12-01T13:58:26.779-0800: 1926.770: Total time for which application threads were stopped: 0.0000787 seconds, Stopping threads took: 0.0000198 seconds
2018-12-01T13:58:26.780-0800: 1926.770: Total time for which application threads were stopped: 0.0000443 seconds, Stopping threads took: 0.0000084 seconds
2018-12-01T13:58:30.904-0800: 1930.895: Total time for which application threads were stopped: 0.0000776 seconds, Stopping threads took: 0.0000216 seconds
2018-12-01T13:58:35.903-0800: 1935.894: Total time for which application threads were stopped: 0.0001424 seconds, Stopping threads took: 0.0000333 seconds
2018-12-01T13:58:41.395-0800: 1941.386: Total time for which application threads were stopped: 0.0001136 seconds, Stopping threads took: 0.0000328 seconds
2018-12-01T13:58:46.397-0800: 1946.388: Total time for which application threads were stopped: 0.0001003 seconds, Stopping threads took: 0.0000296 seconds
2018-12-01T13:58:48.404-0800: 1948.394: Total time for which application threads were stopped: 0.0001871 seconds, Stopping threads took: 0.0000396 seconds
2018-12-01T13:58:51.872-0800: 1951.862: Total time for which application threads were stopped: 0.0001206 seconds, Stopping threads took: 0.0000319 seconds
2018-12-01T13:58:56.872-0800: 1956.861: Total time for which application threads were stopped: 0.0001088 seconds, Stopping threads took: 0.0000313 seconds
2018-12-01T13:58:58.873-0800: 1958.863: Total time for which application threads were stopped: 0.0001367 seconds, Stopping threads took: 0.0000310 seconds
2018-12-01T13:59:02.324-0800: 1962.314: Total time for which application threads were stopped: 0.0001102 seconds, Stopping threads took: 0.0000291 seconds
{Heap before GC invocations=22 (full 2):
 par new generation   total 109248K, used 109248K [0x00000007a0000000, 0x00000007a8000000, 0x00000007a8000000)
  eden space 87424K, 100% used [0x00000007a0000000, 0x00000007a5560000, 0x00000007a5560000)
  from space 21824K, 100% used [0x00000007a5560000, 0x00000007a6ab0000, 0x00000007a6ab0000)
  to   space 21824K,   0% used [0x00000007a6ab0000, 0x00000007a6ab0000, 0x00000007a8000000)
 concurrent mark-sweep generation total 393216K, used 97373K [0x00000007a8000000, 0x00000007c0000000, 0x00000007c0000000)
 Metaspace       used 59386K, capacity 60672K, committed 60948K, reserved 1103872K
  class space    used 7040K, capacity 7343K, committed 7444K, reserved 1048576K
2018-12-01T13:59:03.573-0800: 1963.562: [GC (Allocation Failure) 2018-12-01T13:59:03.573-0800: 1963.562: [ParNew
Desired survivor size 20112992 bytes, new threshold 7 (max 8)
- age   1:    2360616 bytes,    2360616 total
- age   2:     408096 bytes,    2768712 total
- age   3:    1347336 bytes,    4116048 total
- age   4:    3020464 bytes,    7136512 total
- age   5:    2022048 bytes,    9158560 total
- age   6:    5346424 bytes,   14504984 total
- age   7:    5623712 bytes,   20128696 total
: 109248K->21824K(109248K), 0.0193692 secs] 206621K->119911K(502464K), 0.0194815 secs] [Times: user=0.06 sys=0.00, real=0.02 secs] 
Heap after GC invocations=23 (full 2):
 par new generation   total 109248K, used 21824K [0x00000007a0000000, 0x00000007a8000000, 0x00000007a8000000)
  eden space 87424K,   0% used [0x00000007a0000000, 0x00000007a0000000, 0x00000007a5560000)
  from space 21824K, 100% used [0x00000007a6ab0000, 0x00000007a8000000, 0x00000007a8000000)
  to   space 21824K,   0% used [0x00000007a5560000, 0x00000007a5560000, 0x00000007a6ab0000)
 concurrent mark-sweep generation total 393216K, used 98087K [0x00000007a8000000, 0x00000007c0000000, 0x00000007c0000000)
 Metaspace       used 59386K, capacity 60672K, committed 60948K, reserved 1103872K
  class space    used 7040K, capacity 7343K, committed 7444K, reserved 1048576K
}
2018-12-01T13:59:03.592-0800: 1963.582: Total time for which application threads were stopped: 0.0196971 seconds, Stopping threads took: 0.0000246 seconds
2018-12-01T13:59:04.593-0800: 1964.583: Total time for which application threads were stopped: 0.0001443 seconds, Stopping threads took: 0.0000326 seconds
2018-12-01T13:59:07.330-0800: 1967.320: Total time for which application threads were stopped: 0.0001315 seconds, Stopping threads took: 0.0000331 seconds
2018-12-01T13:59:12.785-0800: 1972.775: Total time for which application threads were stopped: 0.0001118 seconds, Stopping threads took: 0.0000298 seconds
2018-12-01T13:59:17.784-0800: 1977.773: Total time for which application threads were stopped: 0.0001116 seconds, Stopping threads took: 0.0000296 seconds
2018-12-01T13:59:21.775-0800: 1981.765: Total time for which application threads were stopped: 0.0001206 seconds, Stopping threads took: 0.0000550 seconds
2018-12-01T13:59:21.784-0800: 1981.773: Total time for which application threads were stopped: 0.0000833 seconds, Stopping threads took: 0.0000223 seconds
2018-12-01T13:59:21.785-0800: 1981.774: Total time for which application threads were stopped: 0.0000815 seconds, Stopping threads took: 0.0000193 seconds
2018-12-01T13:59:21.785-0800: 1981.774: Total time for which application threads were stopped: 0.0000631 seconds, Stopping threads took: 0.0000116 seconds
2018-12-01T13:59:21.787-0800: 1981.777: Total time for which application threads were stopped: 0.0001118 seconds, Stopping threads took: 0.0000277 seconds
2018-12-01T13:59:22.788-0800: 1982.777: Total time for which application threads were stopped: 0.0001404 seconds, Stopping threads took: 0.0000402 seconds
2018-12-01T13:59:24.078-0800: 1984.067: Total time for which application threads were stopped: 0.0000912 seconds, Stopping threads took: 0.0000206 seconds
2018-12-01T13:59:25.083-0800: 1985.072: Total time for which application threads were stopped: 0.0001469 seconds, Stopping threads took: 0.0000359 seconds
2018-12-01T13:59:26.783-0800: 1986.772: Total time for which application threads were stopped: 0.0001428 seconds, Stopping threads took: 0.0000775 seconds
2018-12-01T13:59:26.783-0800: 1986.772: Total time for which application threads were stopped: 0.0000541 seconds, Stopping threads took: 0.0000162 seconds
2018-12-01T13:59:27.787-0800: 1987.776: Total time for which application threads were stopped: 0.0001715 seconds, Stopping threads took: 0.0000406 seconds
2018-12-01T13:59:33.242-0800: 1993.231: Total time for which application threads were stopped: 0.0000950 seconds, Stopping threads took: 0.0000270 seconds
2018-12-01T13:59:38.244-0800: 1998.233: Total time for which application threads were stopped: 0.0001291 seconds, Stopping threads took: 0.0000336 seconds
2018-12-01T13:59:40.252-0800: 2000.241: Total time for which application threads were stopped: 0.0001802 seconds, Stopping threads took: 0.0000368 seconds
{Heap before GC invocations=23 (full 2):
 par new generation   total 109248K, used 109248K [0x00000007a0000000, 0x00000007a8000000, 0x00000007a8000000)
  eden space 87424K, 100% used [0x00000007a0000000, 0x00000007a5560000, 0x00000007a5560000)
  from space 21824K, 100% used [0x00000007a6ab0000, 0x00000007a8000000, 0x00000007a8000000)
  to   space 21824K,   0% used [0x00000007a5560000, 0x00000007a5560000, 0x00000007a6ab0000)
 concurrent mark-sweep generation total 393216K, used 98087K [0x00000007a8000000, 0x00000007c0000000, 0x00000007c0000000)
 Metaspace       used 59414K, capacity 60672K, committed 60948K, reserved 1103872K
  class space    used 7040K, capacity 7343K, committed 7444K, reserved 1048576K
2018-12-01T13:59:43.058-0800: 2003.046: [GC (Allocation Failure) 2018-12-01T13:59:43.059-0800: 2003.048: [ParNew
Desired survivor size 20112992 bytes, new threshold 8 (max 8)
- age   1:     295176 bytes,     295176 total
- age   2:     216888 bytes,     512064 total
- age   3:     386456 bytes,     898520 total
- age   4:    1347336 bytes,    2245856 total
- age   5:    3020464 bytes,    5266320 total
- age   6:    2022048 bytes,    7288368 total
- age   7:    5346424 bytes,   12634792 total
: 109248K->21824K(109248K), 0.0223457 secs] 207335K->125444K(502464K), 0.0236539 secs] [Times: user=0.08 sys=0.01, real=0.03 secs] 
Heap after GC invocations=24 (full 2):
 par new generation   total 109248K, used 21824K [0x00000007a0000000, 0x00000007a8000000, 0x00000007a8000000)
  eden space 87424K,   0% used [0x00000007a0000000, 0x00000007a0000000, 0x00000007a5560000)
  from space 21824K, 100% used [0x00000007a5560000, 0x00000007a6ab0000, 0x00000007a6ab0000)
  to   space 21824K,   0% used [0x00000007a6ab0000, 0x00000007a6ab0000, 0x00000007a8000000)
 concurrent mark-sweep generation total 393216K, used 103620K [0x00000007a8000000, 0x00000007c0000000, 0x00000007c0000000)
 Metaspace       used 59414K, capacity 60672K, committed 60948K, reserved 1103872K
  class space    used 7040K, capacity 7343K, committed 7444K, reserved 1048576K
}
2018-12-01T13:59:43.081-0800: 2003.070: Total time for which application threads were stopped: 0.0239250 seconds, Stopping threads took: 0.0000330 seconds
2018-12-01T13:59:43.686-0800: 2003.675: Total time for which application threads were stopped: 0.0001269 seconds, Stopping threads took: 0.0000335 seconds
2018-12-01T13:59:48.691-0800: 2008.680: Total time for which application threads were stopped: 0.0001306 seconds, Stopping threads took: 0.0000351 seconds
2018-12-01T13:59:54.151-0800: 2014.140: Total time for which application threads were stopped: 0.0001285 seconds, Stopping threads took: 0.0000335 seconds
2018-12-01T13:59:59.156-0800: 2019.144: Total time for which application threads were stopped: 0.0001770 seconds, Stopping threads took: 0.0000368 seconds
2018-12-01T14:00:04.288-0800: 2024.273: Total time for which application threads were stopped: 0.0001294 seconds, Stopping threads took: 0.0000342 seconds
2018-12-01T14:00:07.816-0800: 2027.799: Total time for which application threads were stopped: 0.0001288 seconds, Stopping threads took: 0.0000324 seconds
2018-12-01T14:00:09.160-0800: 2029.142: Total time for which application threads were stopped: 0.0003034 seconds, Stopping threads took: 0.0000340 seconds
2018-12-01T14:00:10.164-0800: 2030.145: Total time for which application threads were stopped: 0.0001475 seconds, Stopping threads took: 0.0000376 seconds
2018-12-01T14:00:14.650-0800: 2034.630: Total time for which application threads were stopped: 0.0001142 seconds, Stopping threads took: 0.0000304 seconds
2018-12-01T14:00:19.654-0800: 2039.632: Total time for which application threads were stopped: 0.0001104 seconds, Stopping threads took: 0.0000295 seconds
2018-12-01T14:00:21.786-0800: 2041.764: Total time for which application threads were stopped: 0.0001480 seconds, Stopping threads took: 0.0000727 seconds
2018-12-01T14:00:21.794-0800: 2041.772: Total time for which application threads were stopped: 0.0000944 seconds, Stopping threads took: 0.0000218 seconds
2018-12-01T14:00:21.795-0800: 2041.772: Total time for which application threads were stopped: 0.0000694 seconds, Stopping threads took: 0.0000155 seconds
2018-12-01T14:00:21.795-0800: 2041.773: Total time for which application threads were stopped: 0.0000370 seconds, Stopping threads took: 0.0000079 seconds
2018-12-01T14:00:21.798-0800: 2041.776: Total time for which application threads were stopped: 0.0001061 seconds, Stopping threads took: 0.0000355 seconds
2018-12-01T14:00:23.807-0800: 2043.784: Total time for which application threads were stopped: 0.0002871 seconds, Stopping threads took: 0.0000367 seconds
2018-12-01T14:00:25.139-0800: 2045.116: Total time for which application threads were stopped: 0.0000767 seconds, Stopping threads took: 0.0000220 seconds
2018-12-01T14:00:26.792-0800: 2046.768: Total time for which application threads were stopped: 0.0001657 seconds, Stopping threads took: 0.0000360 seconds
2018-12-01T14:00:26.792-0800: 2046.769: Total time for which application threads were stopped: 0.0001144 seconds, Stopping threads took: 0.0000173 seconds
2018-12-01T14:00:29.378-0800: 2049.355: Total time for which application threads were stopped: 0.0001340 seconds, Stopping threads took: 0.0000701 seconds
2018-12-01T14:00:29.387-0800: 2049.364: Total time for which application threads were stopped: 0.0000974 seconds, Stopping threads took: 0.0000259 seconds
2018-12-01T14:00:29.391-0800: 2049.368: Total time for which application threads were stopped: 0.0001049 seconds, Stopping threads took: 0.0000235 seconds
2018-12-01T14:00:29.411-0800: 2049.388: Total time for which application threads were stopped: 0.0001045 seconds, Stopping threads took: 0.0000436 seconds
2018-12-01T14:00:29.418-0800: 2049.394: Total time for which application threads were stopped: 0.0001079 seconds, Stopping threads took: 0.0000269 seconds
2018-12-01T14:00:29.419-0800: 2049.396: Total time for which application threads were stopped: 0.0001092 seconds, Stopping threads took: 0.0000277 seconds
2018-12-01T14:00:29.431-0800: 2049.407: Total time for which application threads were stopped: 0.0001072 seconds, Stopping threads took: 0.0000281 seconds
2018-12-01T14:00:29.438-0800: 2049.415: Total time for which application threads were stopped: 0.0001668 seconds, Stopping threads took: 0.0000733 seconds
2018-12-01T14:00:29.440-0800: 2049.416: Total time for which application threads were stopped: 0.0001159 seconds, Stopping threads took: 0.0000223 seconds
2018-12-01T14:00:29.440-0800: 2049.416: Total time for which application threads were stopped: 0.0002436 seconds, Stopping threads took: 0.0000103 seconds
2018-12-01T14:00:29.440-0800: 2049.417: Total time for which application threads were stopped: 0.0001021 seconds, Stopping threads took: 0.0000377 seconds
2018-12-01T14:00:29.441-0800: 2049.417: Total time for which application threads were stopped: 0.0001016 seconds, Stopping threads took: 0.0000251 seconds
2018-12-01T14:00:29.443-0800: 2049.419: Total time for which application threads were stopped: 0.0001035 seconds, Stopping threads took: 0.0000249 seconds
2018-12-01T14:00:29.443-0800: 2049.419: Total time for which application threads were stopped: 0.0000809 seconds, Stopping threads took: 0.0000166 seconds
2018-12-01T14:00:29.443-0800: 2049.419: Total time for which application threads were stopped: 0.0001448 seconds, Stopping threads took: 0.0000103 seconds
2018-12-01T14:00:29.443-0800: 2049.420: Total time for which application threads were stopped: 0.0000818 seconds, Stopping threads took: 0.0000162 seconds
2018-12-01T14:00:29.444-0800: 2049.420: Total time for which application threads were stopped: 0.0000587 seconds, Stopping threads took: 0.0000103 seconds
2018-12-01T14:00:29.444-0800: 2049.420: Total time for which application threads were stopped: 0.0000510 seconds, Stopping threads took: 0.0000091 seconds
2018-12-01T14:00:29.444-0800: 2049.420: Total time for which application threads were stopped: 0.0000533 seconds, Stopping threads took: 0.0000097 seconds
2018-12-01T14:00:29.444-0800: 2049.420: Total time for which application threads were stopped: 0.0000525 seconds, Stopping threads took: 0.0000096 seconds
2018-12-01T14:00:29.444-0800: 2049.420: Total time for which application threads were stopped: 0.0000602 seconds, Stopping threads took: 0.0000112 seconds
2018-12-01T14:00:29.444-0800: 2049.421: Total time for which application threads were stopped: 0.0000572 seconds, Stopping threads took: 0.0000097 seconds
2018-12-01T14:00:29.444-0800: 2049.421: Total time for which application threads were stopped: 0.0000641 seconds, Stopping threads took: 0.0000111 seconds
2018-12-01T14:00:29.445-0800: 2049.422: Total time for which application threads were stopped: 0.0001311 seconds, Stopping threads took: 0.0000271 seconds
2018-12-01T14:00:29.446-0800: 2049.422: Total time for which application threads were stopped: 0.0001258 seconds, Stopping threads took: 0.0000454 seconds
2018-12-01T14:00:29.446-0800: 2049.423: Total time for which application threads were stopped: 0.0002200 seconds, Stopping threads took: 0.0000327 seconds
2018-12-01T14:00:29.462-0800: 2049.439: Total time for which application threads were stopped: 0.0001283 seconds, Stopping threads took: 0.0000471 seconds
2018-12-01T14:00:29.499-0800: 2049.475: Total time for which application threads were stopped: 0.0012338 seconds, Stopping threads took: 0.0004771 seconds
2018-12-01T14:00:29.517-0800: 2049.493: Total time for which application threads were stopped: 0.0001239 seconds, Stopping threads took: 0.0000430 seconds
2018-12-01T14:00:29.517-0800: 2049.494: Total time for which application threads were stopped: 0.0001086 seconds, Stopping threads took: 0.0000351 seconds
2018-12-01T14:00:29.518-0800: 2049.494: Total time for which application threads were stopped: 0.0000851 seconds, Stopping threads took: 0.0000358 seconds
2018-12-01T14:00:29.521-0800: 2049.497: Total time for which application threads were stopped: 0.0001306 seconds, Stopping threads took: 0.0000304 seconds
{Heap before GC invocations=24 (full 2):
 par new generation   total 109248K, used 109248K [0x00000007a0000000, 0x00000007a8000000, 0x00000007a8000000)
  eden space 87424K, 100% used [0x00000007a0000000, 0x00000007a5560000, 0x00000007a5560000)
  from space 21824K, 100% used [0x00000007a5560000, 0x00000007a6ab0000, 0x00000007a6ab0000)
  to   space 21824K,   0% used [0x00000007a6ab0000, 0x00000007a6ab0000, 0x00000007a8000000)
 concurrent mark-sweep generation total 393216K, used 103620K [0x00000007a8000000, 0x00000007c0000000, 0x00000007c0000000)
 Metaspace       used 59527K, capacity 60824K, committed 61204K, reserved 1103872K
  class space    used 7043K, capacity 7347K, committed 7444K, reserved 1048576K
2018-12-01T14:00:29.711-0800: 2049.687: [GC (Allocation Failure) 2018-12-01T14:00:29.712-0800: 2049.688: [ParNew
Desired survivor size 20112992 bytes, new threshold 8 (max 8)
- age   1:    6806128 bytes,    6806128 total
- age   2:     237936 bytes,    7044064 total
- age   3:     121608 bytes,    7165672 total
- age   4:     336808 bytes,    7502480 total
- age   5:    1346624 bytes,    8849104 total
- age   6:    3020464 bytes,   11869568 total
- age   7:    2022048 bytes,   13891616 total
- age   8:    5346400 bytes,   19238016 total
: 109248K->21769K(109248K), 0.0321129 secs] 212868K->125390K(502464K), 0.0333227 secs] [Times: user=0.07 sys=0.00, real=0.03 secs] 
Heap after GC invocations=25 (full 2):
 par new generation   total 109248K, used 21769K [0x00000007a0000000, 0x00000007a8000000, 0x00000007a8000000)
  eden space 87424K,   0% used [0x00000007a0000000, 0x00000007a0000000, 0x00000007a5560000)
  from space 21824K,  99% used [0x00000007a6ab0000, 0x00000007a7ff27c8, 0x00000007a8000000)
  to   space 21824K,   0% used [0x00000007a5560000, 0x00000007a5560000, 0x00000007a6ab0000)
 concurrent mark-sweep generation total 393216K, used 103620K [0x00000007a8000000, 0x00000007c0000000, 0x00000007c0000000)
 Metaspace       used 59527K, capacity 60824K, committed 61204K, reserved 1103872K
  class space    used 7043K, capacity 7347K, committed 7444K, reserved 1048576K
}
2018-12-01T14:00:29.744-0800: 2049.721: Total time for which application threads were stopped: 0.0338993 seconds, Stopping threads took: 0.0000844 seconds
2018-12-01T14:00:29.745-0800: 2049.721: Total time for which application threads were stopped: 0.0001091 seconds, Stopping threads took: 0.0000342 seconds
2018-12-01T14:00:29.831-0800: 2049.808: Total time for which application threads were stopped: 0.0001259 seconds, Stopping threads took: 0.0000262 seconds
2018-12-01T14:00:29.848-0800: 2049.824: Total time for which application threads were stopped: 0.0001023 seconds, Stopping threads took: 0.0000232 seconds
{Heap before GC invocations=25 (full 2):
 par new generation   total 109248K, used 109193K [0x00000007a0000000, 0x00000007a8000000, 0x00000007a8000000)
  eden space 87424K, 100% used [0x00000007a0000000, 0x00000007a5560000, 0x00000007a5560000)
  from space 21824K,  99% used [0x00000007a6ab0000, 0x00000007a7ff27c8, 0x00000007a8000000)
  to   space 21824K,   0% used [0x00000007a5560000, 0x00000007a5560000, 0x00000007a6ab0000)
 concurrent mark-sweep generation total 393216K, used 103620K [0x00000007a8000000, 0x00000007c0000000, 0x00000007c0000000)
 Metaspace       used 59552K, capacity 60824K, committed 61204K, reserved 1103872K
  class space    used 7043K, capacity 7347K, committed 7444K, reserved 1048576K
2018-12-01T14:00:29.983-0800: 2049.959: [GC (Allocation Failure) 2018-12-01T14:00:29.983-0800: 2049.959: [ParNew
Desired survivor size 20112992 bytes, new threshold 8 (max 8)
- age   1:   10538784 bytes,   10538784 total
- age   2:    3789056 bytes,   14327840 total
- age   3:     143504 bytes,   14471344 total
- age   4:     121336 bytes,   14592680 total
- age   5:     336784 bytes,   14929464 total
- age   6:    1346624 bytes,   16276088 total
- age   7:    3020464 bytes,   19296552 total
- age   8:    2022048 bytes,   21318600 total
: 109193K->21824K(109248K), 0.0458283 secs] 212814K->141364K(502464K), 0.0459463 secs] [Times: user=0.13 sys=0.01, real=0.04 secs] 
Heap after GC invocations=26 (full 2):
 par new generation   total 109248K, used 21824K [0x00000007a0000000, 0x00000007a8000000, 0x00000007a8000000)
  eden space 87424K,   0% used [0x00000007a0000000, 0x00000007a0000000, 0x00000007a5560000)
  from space 21824K, 100% used [0x00000007a5560000, 0x00000007a6ab0000, 0x00000007a6ab0000)
  to   space 21824K,   0% used [0x00000007a6ab0000, 0x00000007a6ab0000, 0x00000007a8000000)
 concurrent mark-sweep generation total 393216K, used 119540K [0x00000007a8000000, 0x00000007c0000000, 0x00000007c0000000)
 Metaspace       used 59552K, capacity 60824K, committed 61204K, reserved 1103872K
  class space    used 7043K, capacity 7347K, committed 7444K, reserved 1048576K
}
2018-12-01T14:00:30.029-0800: 2050.005: Total time for which application threads were stopped: 0.0462284 seconds, Stopping threads took: 0.0000462 seconds
2018-12-01T14:00:30.250-0800: 2050.226: Total time for which application threads were stopped: 0.0006441 seconds, Stopping threads took: 0.0005325 seconds
{Heap before GC invocations=26 (full 2):
 par new generation   total 109248K, used 109248K [0x00000007a0000000, 0x00000007a8000000, 0x00000007a8000000)
  eden space 87424K, 100% used [0x00000007a0000000, 0x00000007a5560000, 0x00000007a5560000)
  from space 21824K, 100% used [0x00000007a5560000, 0x00000007a6ab0000, 0x00000007a6ab0000)
  to   space 21824K,   0% used [0x00000007a6ab0000, 0x00000007a6ab0000, 0x00000007a8000000)
 concurrent mark-sweep generation total 393216K, used 119540K [0x00000007a8000000, 0x00000007c0000000, 0x00000007c0000000)
 Metaspace       used 59666K, capacity 60944K, committed 61204K, reserved 1103872K
  class space    used 7054K, capacity 7367K, committed 7444K, reserved 1048576K
2018-12-01T14:00:30.275-0800: 2050.252: [GC (Allocation Failure) 2018-12-01T14:00:30.276-0800: 2050.252: [ParNew
Desired survivor size 20112992 bytes, new threshold 8 (max 8)
- age   1:    4938464 bytes,    4938464 total
- age   2:    4592144 bytes,    9530608 total
- age   3:    3240232 bytes,   12770840 total
- age   4:     143504 bytes,   12914344 total
- age   5:     121296 bytes,   13035640 total
- age   6:     336720 bytes,   13372360 total
- age   7:    1346624 bytes,   14718984 total
- age   8:    3020464 bytes,   17739448 total
: 109248K->21824K(109248K), 0.0208182 secs] 228788K->143854K(502464K), 0.0209440 secs] [Times: user=0.07 sys=0.01, real=0.02 secs] 
Heap after GC invocations=27 (full 2):
 par new generation   total 109248K, used 21824K [0x00000007a0000000, 0x00000007a8000000, 0x00000007a8000000)
  eden space 87424K,   0% used [0x00000007a0000000, 0x00000007a0000000, 0x00000007a5560000)
  from space 21824K, 100% used [0x00000007a6ab0000, 0x00000007a8000000, 0x00000007a8000000)
  to   space 21824K,   0% used [0x00000007a5560000, 0x00000007a5560000, 0x00000007a6ab0000)
 concurrent mark-sweep generation total 393216K, used 122030K [0x00000007a8000000, 0x00000007c0000000, 0x00000007c0000000)
 Metaspace       used 59666K, capacity 60944K, committed 61204K, reserved 1103872K
  class space    used 7054K, capacity 7367K, committed 7444K, reserved 1048576K
}
2018-12-01T14:00:30.296-0800: 2050.273: Total time for which application threads were stopped: 0.0211599 seconds, Stopping threads took: 0.0000287 seconds
2018-12-01T14:00:30.297-0800: 2050.273: Total time for which application threads were stopped: 0.0001775 seconds, Stopping threads took: 0.0000844 seconds
2018-12-01T14:00:30.351-0800: 2050.327: Total time for which application threads were stopped: 0.0001565 seconds, Stopping threads took: 0.0000342 seconds
{Heap before GC invocations=27 (full 2):
 par new generation   total 109248K, used 109248K [0x00000007a0000000, 0x00000007a8000000, 0x00000007a8000000)
  eden space 87424K, 100% used [0x00000007a0000000, 0x00000007a5560000, 0x00000007a5560000)
  from space 21824K, 100% used [0x00000007a6ab0000, 0x00000007a8000000, 0x00000007a8000000)
  to   space 21824K,   0% used [0x00000007a5560000, 0x00000007a5560000, 0x00000007a6ab0000)
 concurrent mark-sweep generation total 393216K, used 122030K [0x00000007a8000000, 0x00000007c0000000, 0x00000007c0000000)
 Metaspace       used 59732K, capacity 61020K, committed 61204K, reserved 1103872K
  class space    used 7055K, capacity 7369K, committed 7444K, reserved 1048576K
2018-12-01T14:00:30.594-0800: 2050.571: [GC (Allocation Failure) 2018-12-01T14:00:30.594-0800: 2050.571: [ParNew
Desired survivor size 20112992 bytes, new threshold 8 (max 8)
- age   1:    2333040 bytes,    2333040 total
- age   2:    3808328 bytes,    6141368 total
- age   3:    4326808 bytes,   10468176 total
- age   4:    2780968 bytes,   13249144 total
- age   5:     143504 bytes,   13392648 total
- age   6:     121296 bytes,   13513944 total
- age   7:     336720 bytes,   13850664 total
- age   8:    1346576 bytes,   15197240 total
: 109248K->21824K(109248K), 0.0260830 secs] 231278K->147422K(502464K), 0.0262339 secs] [Times: user=0.06 sys=0.01, real=0.03 secs] 
Heap after GC invocations=28 (full 2):
 par new generation   total 109248K, used 21824K [0x00000007a0000000, 0x00000007a8000000, 0x00000007a8000000)
  eden space 87424K,   0% used [0x00000007a0000000, 0x00000007a0000000, 0x00000007a5560000)
  from space 21824K, 100% used [0x00000007a5560000, 0x00000007a6ab0000, 0x00000007a6ab0000)
  to   space 21824K,   0% used [0x00000007a6ab0000, 0x00000007a6ab0000, 0x00000007a8000000)
 concurrent mark-sweep generation total 393216K, used 125598K [0x00000007a8000000, 0x00000007c0000000, 0x00000007c0000000)
 Metaspace       used 59732K, capacity 61020K, committed 61204K, reserved 1103872K
  class space    used 7055K, capacity 7369K, committed 7444K, reserved 1048576K
}
2018-12-01T14:00:30.621-0800: 2050.597: Total time for which application threads were stopped: 0.0266292 seconds, Stopping threads took: 0.0001029 seconds
2018-12-01T14:00:30.852-0800: 2050.828: Total time for which application threads were stopped: 0.0002266 seconds, Stopping threads took: 0.0000538 seconds
2018-12-01T14:00:30.854-0800: 2050.830: Total time for which application threads were stopped: 0.0004105 seconds, Stopping threads took: 0.0003188 seconds
2018-12-01T14:00:30.975-0800: 2050.951: Total time for which application threads were stopped: 0.0001133 seconds, Stopping threads took: 0.0000241 seconds
2018-12-01T14:00:30.976-0800: 2050.952: Total time for which application threads were stopped: 0.0001095 seconds, Stopping threads took: 0.0000462 seconds
2018-12-01T14:00:31.006-0800: 2050.982: Total time for which application threads were stopped: 0.0001077 seconds, Stopping threads took: 0.0000254 seconds
2018-12-01T14:00:31.009-0800: 2050.985: Total time for which application threads were stopped: 0.0001044 seconds, Stopping threads took: 0.0000300 seconds
2018-12-01T14:00:32.010-0800: 2051.986: Total time for which application threads were stopped: 0.0001417 seconds, Stopping threads took: 0.0000326 seconds
2018-12-01T14:00:33.012-0800: 2052.988: Total time for which application threads were stopped: 0.0001484 seconds, Stopping threads took: 0.0000369 seconds
2018-12-01T14:00:35.139-0800: 2055.115: Total time for which application threads were stopped: 0.0000796 seconds, Stopping threads took: 0.0000215 seconds
2018-12-01T14:00:40.575-0800: 2060.550: Total time for which application threads were stopped: 0.0001222 seconds, Stopping threads took: 0.0000239 seconds
2018-12-01T14:00:43.125-0800: 2063.100: Total time for which application threads were stopped: 0.0001279 seconds, Stopping threads took: 0.0000325 seconds
2018-12-01T14:00:45.573-0800: 2065.547: Total time for which application threads were stopped: 0.0000901 seconds, Stopping threads took: 0.0000268 seconds
2018-12-01T14:00:47.093-0800: 2067.067: Total time for which application threads were stopped: 0.0000791 seconds, Stopping threads took: 0.0000200 seconds
2018-12-01T14:00:47.093-0800: 2067.067: Total time for which application threads were stopped: 0.0000906 seconds, Stopping threads took: 0.0000476 seconds
2018-12-01T14:00:47.096-0800: 2067.071: Total time for which application threads were stopped: 0.0001006 seconds, Stopping threads took: 0.0000382 seconds
{Heap before GC invocations=28 (full 2):
 par new generation   total 109248K, used 109248K [0x00000007a0000000, 0x00000007a8000000, 0x00000007a8000000)
  eden space 87424K, 100% used [0x00000007a0000000, 0x00000007a5560000, 0x00000007a5560000)
  from space 21824K, 100% used [0x00000007a5560000, 0x00000007a6ab0000, 0x00000007a6ab0000)
  to   space 21824K,   0% used [0x00000007a6ab0000, 0x00000007a6ab0000, 0x00000007a8000000)
 concurrent mark-sweep generation total 393216K, used 125598K [0x00000007a8000000, 0x00000007c0000000, 0x00000007c0000000)
 Metaspace       used 59895K, capacity 61272K, committed 61460K, reserved 1103872K
  class space    used 7068K, capacity 7391K, committed 7444K, reserved 1048576K
2018-12-01T14:00:47.108-0800: 2067.083: [GC (Allocation Failure) 2018-12-01T14:00:47.109-0800: 2067.084: [ParNew
Desired survivor size 20112992 bytes, new threshold 8 (max 8)
- age   1:    2004248 bytes,    2004248 total
- age   2:    1222328 bytes,    3226576 total
- age   3:    2952520 bytes,    6179096 total
- age   4:    4326608 bytes,   10505704 total
- age   5:    2352216 bytes,   12857920 total
- age   6:     143392 bytes,   13001312 total
- age   7:     121144 bytes,   13122456 total
- age   8:     314648 bytes,   13437104 total
: 109248K->17994K(109248K), 0.0115772 secs] 234846K->144908K(502464K), 0.0127483 secs] [Times: user=0.04 sys=0.00, real=0.02 secs] 
Heap after GC invocations=29 (full 2):
 par new generation   total 109248K, used 17994K [0x00000007a0000000, 0x00000007a8000000, 0x00000007a8000000)
  eden space 87424K,   0% used [0x00000007a0000000, 0x00000007a0000000, 0x00000007a5560000)
  from space 21824K,  82% used [0x00000007a6ab0000, 0x00000007a7c42a68, 0x00000007a8000000)
  to   space 21824K,   0% used [0x00000007a5560000, 0x00000007a5560000, 0x00000007a6ab0000)
 concurrent mark-sweep generation total 393216K, used 126914K [0x00000007a8000000, 0x00000007c0000000, 0x00000007c0000000)
 Metaspace       used 59895K, capacity 61272K, committed 61460K, reserved 1103872K
  class space    used 7068K, capacity 7391K, committed 7444K, reserved 1048576K
}
2018-12-01T14:00:47.121-0800: 2067.096: Total time for which application threads were stopped: 0.0129655 seconds, Stopping threads took: 0.0000289 seconds
2018-12-01T14:00:47.121-0800: 2067.096: Total time for which application threads were stopped: 0.0001320 seconds, Stopping threads took: 0.0000695 seconds
2018-12-01T14:00:48.123-0800: 2068.098: Total time for which application threads were stopped: 0.0002285 seconds, Stopping threads took: 0.0000437 seconds
2018-12-01T14:00:51.063-0800: 2071.037: Total time for which application threads were stopped: 0.0001097 seconds, Stopping threads took: 0.0000285 seconds
2018-12-01T14:00:56.060-0800: 2076.034: Total time for which application threads were stopped: 0.0001197 seconds, Stopping threads took: 0.0000290 seconds
2018-12-01T14:00:59.716-0800: 2079.689: Total time for which application threads were stopped: 0.0001095 seconds, Stopping threads took: 0.0000271 seconds
2018-12-01T14:01:01.061-0800: 2081.035: Total time for which application threads were stopped: 0.0001998 seconds, Stopping threads took: 0.0000581 seconds
2018-12-01T14:01:02.801-0800: 2082.774: Total time for which application threads were stopped: 0.0001369 seconds, Stopping threads took: 0.0000317 seconds
2018-12-01T14:01:04.803-0800: 2084.776: Total time for which application threads were stopped: 0.0002448 seconds, Stopping threads took: 0.0000489 seconds
2018-12-01T14:01:06.066-0800: 2086.039: Total time for which application threads were stopped: 0.0001319 seconds, Stopping threads took: 0.0000335 seconds
2018-12-01T14:01:11.537-0800: 2091.510: Total time for which application threads were stopped: 0.0002509 seconds, Stopping threads took: 0.0000721 seconds
2018-12-01T14:01:16.539-0800: 2096.512: Total time for which application threads were stopped: 0.0001525 seconds, Stopping threads took: 0.0000378 seconds
2018-12-01T14:01:21.784-0800: 2101.757: Total time for which application threads were stopped: 0.0002645 seconds, Stopping threads took: 0.0001234 seconds
2018-12-01T14:01:21.795-0800: 2101.768: Total time for which application threads were stopped: 0.0000941 seconds, Stopping threads took: 0.0000242 seconds
2018-12-01T14:01:21.795-0800: 2101.768: Total time for which application threads were stopped: 0.0000570 seconds, Stopping threads took: 0.0000107 seconds
2018-12-01T14:01:21.795-0800: 2101.768: Total time for which application threads were stopped: 0.0000377 seconds, Stopping threads took: 0.0000074 seconds
2018-12-01T14:01:21.799-0800: 2101.772: Total time for which application threads were stopped: 0.0001424 seconds, Stopping threads took: 0.0000789 seconds
2018-12-01T14:01:21.968-0800: 2101.941: Total time for which application threads were stopped: 0.0001294 seconds, Stopping threads took: 0.0000321 seconds
2018-12-01T14:01:24.271-0800: 2104.244: Total time for which application threads were stopped: 0.0001128 seconds, Stopping threads took: 0.0000311 seconds
2018-12-01T14:01:26.791-0800: 2106.764: Total time for which application threads were stopped: 0.0001935 seconds, Stopping threads took: 0.0000490 seconds
2018-12-01T14:01:26.792-0800: 2106.765: Total time for which application threads were stopped: 0.0003842 seconds, Stopping threads took: 0.0000356 seconds
2018-12-01T14:01:26.965-0800: 2106.937: Total time for which application threads were stopped: 0.0001759 seconds, Stopping threads took: 0.0000379 seconds
2018-12-01T14:01:31.968-0800: 2111.941: Total time for which application threads were stopped: 0.0001581 seconds, Stopping threads took: 0.0000422 seconds
2018-12-01T14:01:35.020-0800: 2114.992: Total time for which application threads were stopped: 0.0001321 seconds, Stopping threads took: 0.0000335 seconds
{Heap before GC invocations=29 (full 2):
 par new generation   total 109248K, used 105418K [0x00000007a0000000, 0x00000007a8000000, 0x00000007a8000000)
  eden space 87424K, 100% used [0x00000007a0000000, 0x00000007a5560000, 0x00000007a5560000)
  from space 21824K,  82% used [0x00000007a6ab0000, 0x00000007a7c42a68, 0x00000007a8000000)
  to   space 21824K,   0% used [0x00000007a5560000, 0x00000007a5560000, 0x00000007a6ab0000)
 concurrent mark-sweep generation total 393216K, used 126914K [0x00000007a8000000, 0x00000007c0000000, 0x00000007c0000000)
 Metaspace       used 59917K, capacity 61336K, committed 61460K, reserved 1103872K
  class space    used 7068K, capacity 7391K, committed 7444K, reserved 1048576K
2018-12-01T14:01:35.290-0800: 2115.262: [GC (Allocation Failure) 2018-12-01T14:01:35.290-0800: 2115.262: [ParNew
Desired survivor size 20112992 bytes, new threshold 8 (max 8)
- age   1:     416168 bytes,     416168 total
- age   2:     203288 bytes,     619456 total
- age   3:    1218384 bytes,    1837840 total
- age   4:    2952456 bytes,    4790296 total
- age   5:    4326608 bytes,    9116904 total
- age   6:    2336568 bytes,   11453472 total
- age   7:     143264 bytes,   11596736 total
- age   8:     121144 bytes,   11717880 total
: 105418K->16273K(109248K), 0.0109370 secs] 232332K->143495K(502464K), 0.0110824 secs] [Times: user=0.03 sys=0.00, real=0.01 secs] 
Heap after GC invocations=30 (full 2):
 par new generation   total 109248K, used 16273K [0x00000007a0000000, 0x00000007a8000000, 0x00000007a8000000)
  eden space 87424K,   0% used [0x00000007a0000000, 0x00000007a0000000, 0x00000007a5560000)
  from space 21824K,  74% used [0x00000007a5560000, 0x00000007a65444c8, 0x00000007a6ab0000)
  to   space 21824K,   0% used [0x00000007a6ab0000, 0x00000007a6ab0000, 0x00000007a8000000)
 concurrent mark-sweep generation total 393216K, used 127222K [0x00000007a8000000, 0x00000007c0000000, 0x00000007c0000000)
 Metaspace       used 59917K, capacity 61336K, committed 61460K, reserved 1103872K
  class space    used 7068K, capacity 7391K, committed 7444K, reserved 1048576K
}
2018-12-01T14:01:35.301-0800: 2115.273: Total time for which application threads were stopped: 0.0113336 seconds, Stopping threads took: 0.0000469 seconds
{Heap before GC invocations=30 (full 2):
 par new generation   total 109248K, used 103697K [0x00000007a0000000, 0x00000007a8000000, 0x00000007a8000000)
  eden space 87424K, 100% used [0x00000007a0000000, 0x00000007a5560000, 0x00000007a5560000)
  from space 21824K,  74% used [0x00000007a5560000, 0x00000007a65444c8, 0x00000007a6ab0000)
  to   space 21824K,   0% used [0x00000007a6ab0000, 0x00000007a6ab0000, 0x00000007a8000000)
 concurrent mark-sweep generation total 393216K, used 127222K [0x00000007a8000000, 0x00000007c0000000, 0x00000007c0000000)
 Metaspace       used 59919K, capacity 61336K, committed 61460K, reserved 1103872K
  class space    used 7068K, capacity 7391K, committed 7444K, reserved 1048576K
2018-12-01T14:01:35.399-0800: 2115.371: [GC (Allocation Failure) 2018-12-01T14:01:35.399-0800: 2115.371: [ParNew
Desired survivor size 20112992 bytes, new threshold 8 (max 8)
- age   1:      83680 bytes,      83680 total
- age   2:     262928 bytes,     346608 total
- age   3:     203288 bytes,     549896 total
- age   4:    1218384 bytes,    1768280 total
- age   5:    2952496 bytes,    4720776 total
- age   6:    4326608 bytes,    9047384 total
- age   7:    2242096 bytes,   11289480 total
- age   8:     142992 bytes,   11432472 total
: 103697K->15495K(109248K), 0.0101269 secs] 230919K->142838K(502464K), 0.0102373 secs] [Times: user=0.04 sys=0.00, real=0.01 secs] 
Heap after GC invocations=31 (full 2):
 par new generation   total 109248K, used 15495K [0x00000007a0000000, 0x00000007a8000000, 0x00000007a8000000)
  eden space 87424K,   0% used [0x00000007a0000000, 0x00000007a0000000, 0x00000007a5560000)
  from space 21824K,  71% used [0x00000007a6ab0000, 0x00000007a79d1fa8, 0x00000007a8000000)
  to   space 21824K,   0% used [0x00000007a5560000, 0x00000007a5560000, 0x00000007a6ab0000)
 concurrent mark-sweep generation total 393216K, used 127342K [0x00000007a8000000, 0x00000007c0000000, 0x00000007c0000000)
 Metaspace       used 59919K, capacity 61336K, committed 61460K, reserved 1103872K
  class space    used 7068K, capacity 7391K, committed 7444K, reserved 1048576K
}
2018-12-01T14:01:35.409-0800: 2115.382: Total time for which application threads were stopped: 0.0105182 seconds, Stopping threads took: 0.0000839 seconds
2018-12-01T14:01:36.410-0800: 2116.382: Total time for which application threads were stopped: 0.0000882 seconds, Stopping threads took: 0.0000236 seconds
2018-12-01T14:01:36.971-0800: 2116.943: Total time for which application threads were stopped: 0.0004716 seconds, Stopping threads took: 0.0000407 seconds
2018-12-01T14:01:42.457-0800: 2122.430: Total time for which application threads were stopped: 0.0001289 seconds, Stopping threads took: 0.0000330 seconds
2018-12-01T14:01:47.461-0800: 2127.433: Total time for which application threads were stopped: 0.0001208 seconds, Stopping threads took: 0.0000343 seconds
2018-12-01T14:01:52.935-0800: 2132.907: Total time for which application threads were stopped: 0.0001366 seconds, Stopping threads took: 0.0000345 seconds
2018-12-01T14:01:57.933-0800: 2137.904: Total time for which application threads were stopped: 0.0001182 seconds, Stopping threads took: 0.0000320 seconds
2018-12-01T14:02:03.383-0800: 2143.355: Total time for which application threads were stopped: 0.0004712 seconds, Stopping threads took: 0.0001440 seconds
2018-12-01T14:02:08.386-0800: 2148.357: Total time for which application threads were stopped: 0.0001321 seconds, Stopping threads took: 0.0000365 seconds
2018-12-01T14:02:10.151-0800: 2150.122: Total time for which application threads were stopped: 0.0000966 seconds, Stopping threads took: 0.0000212 seconds
2018-12-01T14:02:13.863-0800: 2153.834: Total time for which application threads were stopped: 0.0001576 seconds, Stopping threads took: 0.0000367 seconds
2018-12-01T14:02:16.530-0800: 2156.501: Total time for which application threads were stopped: 0.0001524 seconds, Stopping threads took: 0.0000376 seconds
2018-12-01T14:02:17.823-0800: 2157.794: Total time for which application threads were stopped: 0.0000889 seconds, Stopping threads took: 0.0000226 seconds
2018-12-01T14:02:19.144-0800: 2159.115: Total time for which application threads were stopped: 0.0001149 seconds, Stopping threads took: 0.0000315 seconds
2018-12-01T14:02:21.754-0800: 2161.725: Total time for which application threads were stopped: 0.0004967 seconds, Stopping threads took: 0.0003885 seconds
2018-12-01T14:02:21.790-0800: 2161.761: Total time for which application threads were stopped: 0.0018561 seconds, Stopping threads took: 0.0016482 seconds
2018-12-01T14:02:21.791-0800: 2161.762: Total time for which application threads were stopped: 0.0003242 seconds, Stopping threads took: 0.0000621 seconds
2018-12-01T14:02:21.791-0800: 2161.762: Total time for which application threads were stopped: 0.0001519 seconds, Stopping threads took: 0.0000340 seconds
2018-12-01T14:02:21.806-0800: 2161.777: Total time for which application threads were stopped: 0.0002210 seconds, Stopping threads took: 0.0000271 seconds
2018-12-01T14:02:21.807-0800: 2161.778: Total time for which application threads were stopped: 0.0001362 seconds, Stopping threads took: 0.0000252 seconds
2018-12-01T14:02:21.807-0800: 2161.778: Total time for which application threads were stopped: 0.0001378 seconds, Stopping threads took: 0.0000665 seconds
2018-12-01T14:02:21.808-0800: 2161.779: Total time for which application threads were stopped: 0.0002017 seconds, Stopping threads took: 0.0001089 seconds
2018-12-01T14:02:21.808-0800: 2161.779: Total time for which application threads were stopped: 0.0000908 seconds, Stopping threads took: 0.0000344 seconds
2018-12-01T14:02:21.811-0800: 2161.782: Total time for which application threads were stopped: 0.0001713 seconds, Stopping threads took: 0.0000679 seconds
2018-12-01T14:02:24.350-0800: 2164.321: Total time for which application threads were stopped: 0.0001613 seconds, Stopping threads took: 0.0000372 seconds
2018-12-01T14:02:25.965-0800: 2165.936: Total time for which application threads were stopped: 0.0001805 seconds, Stopping threads took: 0.0000687 seconds
2018-12-01T14:02:26.799-0800: 2166.770: Total time for which application threads were stopped: 0.0001462 seconds, Stopping threads took: 0.0000361 seconds
2018-12-01T14:02:26.799-0800: 2166.770: Total time for which application threads were stopped: 0.0001015 seconds, Stopping threads took: 0.0000219 seconds
2018-12-01T14:02:27.530-0800: 2167.501: Total time for which application threads were stopped: 0.0002037 seconds, Stopping threads took: 0.0000351 seconds
2018-12-01T14:02:28.864-0800: 2168.835: Total time for which application threads were stopped: 0.0001581 seconds, Stopping threads took: 0.0000302 seconds
2018-12-01T14:02:30.133-0800: 2170.104: Total time for which application threads were stopped: 0.0001197 seconds, Stopping threads took: 0.0000310 seconds
2018-12-01T14:02:33.862-0800: 2173.832: Total time for which application threads were stopped: 0.0001294 seconds, Stopping threads took: 0.0000334 seconds
2018-12-01T14:02:36.365-0800: 2176.336: Total time for which application threads were stopped: 0.0000927 seconds, Stopping threads took: 0.0000253 seconds
2018-12-01T14:02:38.862-0800: 2178.833: Total time for which application threads were stopped: 0.0001729 seconds, Stopping threads took: 0.0000398 seconds
2018-12-01T14:02:42.729-0800: 2182.699: Total time for which application threads were stopped: 0.0001256 seconds, Stopping threads took: 0.0000334 seconds
2018-12-01T14:02:43.105-0800: 2183.075: Total time for which application threads were stopped: 0.0001248 seconds, Stopping threads took: 0.0000404 seconds
2018-12-01T14:02:43.106-0800: 2183.076: Total time for which application threads were stopped: 0.0001051 seconds, Stopping threads took: 0.0000368 seconds
2018-12-01T14:02:43.107-0800: 2183.078: Total time for which application threads were stopped: 0.0001333 seconds, Stopping threads took: 0.0000578 seconds
2018-12-01T14:02:43.108-0800: 2183.078: Total time for which application threads were stopped: 0.0000857 seconds, Stopping threads took: 0.0000236 seconds
2018-12-01T14:02:43.109-0800: 2183.079: Total time for which application threads were stopped: 0.0003082 seconds, Stopping threads took: 0.0001808 seconds
2018-12-01T14:02:43.113-0800: 2183.083: Total time for which application threads were stopped: 0.0001535 seconds, Stopping threads took: 0.0000571 seconds
2018-12-01T14:02:43.113-0800: 2183.084: Total time for which application threads were stopped: 0.0000972 seconds, Stopping threads took: 0.0000453 seconds
2018-12-01T14:02:43.114-0800: 2183.084: Total time for which application threads were stopped: 0.0000672 seconds, Stopping threads took: 0.0000238 seconds
2018-12-01T14:02:43.114-0800: 2183.084: Total time for which application threads were stopped: 0.0000564 seconds, Stopping threads took: 0.0000208 seconds
2018-12-01T14:02:43.114-0800: 2183.084: Total time for which application threads were stopped: 0.0000946 seconds, Stopping threads took: 0.0000441 seconds
2018-12-01T14:02:44.197-0800: 2184.168: Total time for which application threads were stopped: 0.0001351 seconds, Stopping threads took: 0.0000327 seconds
2018-12-01T14:02:45.409-0800: 2185.379: Total time for which application threads were stopped: 0.0001592 seconds, Stopping threads took: 0.0000292 seconds
2018-12-01T14:02:45.409-0800: 2185.380: Total time for which application threads were stopped: 0.0001278 seconds, Stopping threads took: 0.0000121 seconds
2018-12-01T14:02:45.429-0800: 2185.400: Total time for which application threads were stopped: 0.0002417 seconds, Stopping threads took: 0.0000519 seconds
2018-12-01T14:02:45.431-0800: 2185.401: Total time for which application threads were stopped: 0.0001435 seconds, Stopping threads took: 0.0000350 seconds
2018-12-01T14:02:45.465-0800: 2185.435: Total time for which application threads were stopped: 0.0001817 seconds, Stopping threads took: 0.0000277 seconds
2018-12-01T14:02:45.465-0800: 2185.435: Total time for which application threads were stopped: 0.0001673 seconds, Stopping threads took: 0.0000526 seconds
2018-12-01T14:02:45.465-0800: 2185.435: Total time for which application threads were stopped: 0.0001593 seconds, Stopping threads took: 0.0000309 seconds
2018-12-01T14:02:45.466-0800: 2185.436: Total time for which application threads were stopped: 0.0003213 seconds, Stopping threads took: 0.0000114 seconds
2018-12-01T14:02:45.477-0800: 2185.447: Total time for which application threads were stopped: 0.0002007 seconds, Stopping threads took: 0.0000592 seconds
2018-12-01T14:02:45.477-0800: 2185.448: Total time for which application threads were stopped: 0.0001489 seconds, Stopping threads took: 0.0000401 seconds
2018-12-01T14:02:45.483-0800: 2185.453: Total time for which application threads were stopped: 0.0000860 seconds, Stopping threads took: 0.0000227 seconds
2018-12-01T14:02:46.484-0800: 2186.454: Total time for which application threads were stopped: 0.0001457 seconds, Stopping threads took: 0.0000314 seconds
2018-12-01T14:02:48.486-0800: 2188.456: Total time for which application threads were stopped: 0.0001259 seconds, Stopping threads took: 0.0000315 seconds
2018-12-01T14:02:48.864-0800: 2188.834: Total time for which application threads were stopped: 0.0002105 seconds, Stopping threads took: 0.0000411 seconds
2018-12-01T14:02:49.314-0800: 2189.284: Total time for which application threads were stopped: 0.0002582 seconds, Stopping threads took: 0.0000446 seconds
2018-12-01T14:02:49.351-0800: 2189.321: Total time for which application threads were stopped: 0.0001504 seconds, Stopping threads took: 0.0000701 seconds
2018-12-01T14:02:49.351-0800: 2189.321: Total time for which application threads were stopped: 0.0000941 seconds, Stopping threads took: 0.0000426 seconds
2018-12-01T14:02:49.351-0800: 2189.321: Total time for which application threads were stopped: 0.0000840 seconds, Stopping threads took: 0.0000280 seconds
2018-12-01T14:02:49.351-0800: 2189.321: Total time for which application threads were stopped: 0.0000530 seconds, Stopping threads took: 0.0000120 seconds
2018-12-01T14:02:49.351-0800: 2189.321: Total time for which application threads were stopped: 0.0000480 seconds, Stopping threads took: 0.0000098 seconds
2018-12-01T14:02:49.351-0800: 2189.321: Total time for which application threads were stopped: 0.0000871 seconds, Stopping threads took: 0.0000328 seconds
2018-12-01T14:02:49.351-0800: 2189.322: Total time for which application threads were stopped: 0.0000740 seconds, Stopping threads took: 0.0000261 seconds
2018-12-01T14:02:49.352-0800: 2189.322: Total time for which application threads were stopped: 0.0000622 seconds, Stopping threads took: 0.0000123 seconds
2018-12-01T14:02:49.352-0800: 2189.322: Total time for which application threads were stopped: 0.0000823 seconds, Stopping threads took: 0.0000316 seconds
2018-12-01T14:02:49.352-0800: 2189.322: Total time for which application threads were stopped: 0.0000758 seconds, Stopping threads took: 0.0000257 seconds
2018-12-01T14:02:49.352-0800: 2189.322: Total time for which application threads were stopped: 0.0000682 seconds, Stopping threads took: 0.0000199 seconds
2018-12-01T14:02:49.352-0800: 2189.322: Total time for which application threads were stopped: 0.0000904 seconds, Stopping threads took: 0.0000360 seconds
2018-12-01T14:02:49.352-0800: 2189.323: Total time for which application threads were stopped: 0.0000777 seconds, Stopping threads took: 0.0000254 seconds
2018-12-01T14:02:49.352-0800: 2189.323: Total time for which application threads were stopped: 0.0000587 seconds, Stopping threads took: 0.0000122 seconds
2018-12-01T14:02:49.353-0800: 2189.323: Total time for which application threads were stopped: 0.0000699 seconds, Stopping threads took: 0.0000229 seconds
2018-12-01T14:02:49.355-0800: 2189.325: Total time for which application threads were stopped: 0.0005583 seconds, Stopping threads took: 0.0001091 seconds
2018-12-01T14:02:49.355-0800: 2189.326: Total time for which application threads were stopped: 0.0004545 seconds, Stopping threads took: 0.0002406 seconds
2018-12-01T14:02:49.356-0800: 2189.326: Total time for which application threads were stopped: 0.0002114 seconds, Stopping threads took: 0.0000592 seconds
2018-12-01T14:02:49.356-0800: 2189.326: Total time for which application threads were stopped: 0.0000840 seconds, Stopping threads took: 0.0000286 seconds
2018-12-01T14:02:49.356-0800: 2189.327: Total time for which application threads were stopped: 0.0002883 seconds, Stopping threads took: 0.0000348 seconds
2018-12-01T14:02:49.383-0800: 2189.353: Total time for which application threads were stopped: 0.0002289 seconds, Stopping threads took: 0.0000518 seconds
{Heap before GC invocations=31 (full 2):
 par new generation   total 109248K, used 102919K [0x00000007a0000000, 0x00000007a8000000, 0x00000007a8000000)
  eden space 87424K, 100% used [0x00000007a0000000, 0x00000007a5560000, 0x00000007a5560000)
  from space 21824K,  71% used [0x00000007a6ab0000, 0x00000007a79d1fa8, 0x00000007a8000000)
  to   space 21824K,   0% used [0x00000007a5560000, 0x00000007a5560000, 0x00000007a6ab0000)
 concurrent mark-sweep generation total 393216K, used 127342K [0x00000007a8000000, 0x00000007c0000000, 0x00000007c0000000)
 Metaspace       used 60542K, capacity 62014K, committed 62356K, reserved 1103872K
  class space    used 7133K, capacity 7462K, committed 7572K, reserved 1048576K
2018-12-01T14:02:49.394-0800: 2189.365: [GC (Allocation Failure) 2018-12-01T14:02:49.395-0800: 2189.365: [ParNew
Desired survivor size 20112992 bytes, new threshold 8 (max 8)
- age   1:    1403360 bytes,    1403360 total
- age   2:      36776 bytes,    1440136 total
- age   3:     217760 bytes,    1657896 total
- age   4:      77368 bytes,    1735264 total
- age   5:    1218424 bytes,    2953688 total
- age   6:    2952480 bytes,    5906168 total
- age   7:    4326608 bytes,   10232776 total
- age   8:    2167984 bytes,   12400760 total
: 102919K->15761K(109248K), 0.0155915 secs] 230262K->143243K(502464K), 0.0159378 secs] [Times: user=0.06 sys=0.00, real=0.02 secs] 
Heap after GC invocations=32 (full 2):
 par new generation   total 109248K, used 15761K [0x00000007a0000000, 0x00000007a8000000, 0x00000007a8000000)
  eden space 87424K,   0% used [0x00000007a0000000, 0x00000007a0000000, 0x00000007a5560000)
  from space 21824K,  72% used [0x00000007a5560000, 0x00000007a64c4408, 0x00000007a6ab0000)
  to   space 21824K,   0% used [0x00000007a6ab0000, 0x00000007a6ab0000, 0x00000007a8000000)
 concurrent mark-sweep generation total 393216K, used 127482K [0x00000007a8000000, 0x00000007c0000000, 0x00000007c0000000)
 Metaspace       used 60542K, capacity 62014K, committed 62356K, reserved 1103872K
  class space    used 7133K, capacity 7462K, committed 7572K, reserved 1048576K
}
2018-12-01T14:02:49.411-0800: 2189.381: Total time for which application threads were stopped: 0.0162547 seconds, Stopping threads took: 0.0000601 seconds
2018-12-01T14:02:49.511-0800: 2189.481: Total time for which application threads were stopped: 0.0002267 seconds, Stopping threads took: 0.0001121 seconds
{Heap before GC invocations=32 (full 2):
 par new generation   total 109248K, used 103185K [0x00000007a0000000, 0x00000007a8000000, 0x00000007a8000000)
  eden space 87424K, 100% used [0x00000007a0000000, 0x00000007a5560000, 0x00000007a5560000)
  from space 21824K,  72% used [0x00000007a5560000, 0x00000007a64c4408, 0x00000007a6ab0000)
  to   space 21824K,   0% used [0x00000007a6ab0000, 0x00000007a6ab0000, 0x00000007a8000000)
 concurrent mark-sweep generation total 393216K, used 127482K [0x00000007a8000000, 0x00000007c0000000, 0x00000007c0000000)
 Metaspace       used 60572K, capacity 62014K, committed 62356K, reserved 1103872K
  class space    used 7133K, capacity 7462K, committed 7572K, reserved 1048576K
2018-12-01T14:02:49.621-0800: 2189.591: [GC (Allocation Failure) 2018-12-01T14:02:49.621-0800: 2189.591: [ParNew
Desired survivor size 20112992 bytes, new threshold 8 (max 8)
- age   1:   12774560 bytes,   12774560 total
- age   2:     718176 bytes,   13492736 total
- age   3:      36776 bytes,   13529512 total
- age   4:     123328 bytes,   13652840 total
- age   5:      76600 bytes,   13729440 total
- age   6:    1218384 bytes,   14947824 total
- age   7:    2952440 bytes,   17900264 total
- age   8:    4326256 bytes,   22226520 total
: 103185K->21824K(109248K), 0.0608717 secs] 230667K->163155K(502464K), 0.0610602 secs] [Times: user=0.15 sys=0.02, real=0.06 secs] 
Heap after GC invocations=33 (full 2):
 par new generation   total 109248K, used 21824K [0x00000007a0000000, 0x00000007a8000000, 0x00000007a8000000)
  eden space 87424K,   0% used [0x00000007a0000000, 0x00000007a0000000, 0x00000007a5560000)
  from space 21824K, 100% used [0x00000007a6ab0000, 0x00000007a8000000, 0x00000007a8000000)
  to   space 21824K,   0% used [0x00000007a5560000, 0x00000007a5560000, 0x00000007a6ab0000)
 concurrent mark-sweep generation total 393216K, used 141331K [0x00000007a8000000, 0x00000007c0000000, 0x00000007c0000000)
 Metaspace       used 60572K, capacity 62014K, committed 62356K, reserved 1103872K
  class space    used 7133K, capacity 7462K, committed 7572K, reserved 1048576K
}
2018-12-01T14:02:49.682-0800: 2189.652: Total time for which application threads were stopped: 0.0613081 seconds, Stopping threads took: 0.0000306 seconds
2018-12-01T14:02:49.682-0800: 2189.653: Total time for which application threads were stopped: 0.0001729 seconds, Stopping threads took: 0.0000931 seconds
{Heap before GC invocations=33 (full 2):
 par new generation   total 109248K, used 109248K [0x00000007a0000000, 0x00000007a8000000, 0x00000007a8000000)
  eden space 87424K, 100% used [0x00000007a0000000, 0x00000007a5560000, 0x00000007a5560000)
  from space 21824K, 100% used [0x00000007a6ab0000, 0x00000007a8000000, 0x00000007a8000000)
  to   space 21824K,   0% used [0x00000007a5560000, 0x00000007a5560000, 0x00000007a6ab0000)
 concurrent mark-sweep generation total 393216K, used 141331K [0x00000007a8000000, 0x00000007c0000000, 0x00000007c0000000)
 Metaspace       used 60602K, capacity 62078K, committed 62356K, reserved 1103872K
  class space    used 7133K, capacity 7462K, committed 7572K, reserved 1048576K
2018-12-01T14:02:49.865-0800: 2189.836: [GC (Allocation Failure) 2018-12-01T14:02:49.865-0800: 2189.836: [ParNew
Desired survivor size 20112992 bytes, new threshold 8 (max 8)
- age   1:    1532448 bytes,    1532448 total
- age   2:    3616480 bytes,    5148928 total
- age   3:     701528 bytes,    5850456 total
- age   4:      36776 bytes,    5887232 total
- age   5:     123328 bytes,    6010560 total
- age   6:      76600 bytes,    6087160 total
- age   7:    1218384 bytes,    7305544 total
- age   8:    2952440 bytes,   10257984 total
: 109248K->17090K(109248K), 0.0286293 secs] 250579K->162833K(502464K), 0.0287598 secs] [Times: user=0.06 sys=0.01, real=0.03 secs] 
Heap after GC invocations=34 (full 2):
 par new generation   total 109248K, used 17090K [0x00000007a0000000, 0x00000007a8000000, 0x00000007a8000000)
  eden space 87424K,   0% used [0x00000007a0000000, 0x00000007a0000000, 0x00000007a5560000)
  from space 21824K,  78% used [0x00000007a5560000, 0x00000007a6610828, 0x00000007a6ab0000)
  to   space 21824K,   0% used [0x00000007a6ab0000, 0x00000007a6ab0000, 0x00000007a8000000)
 concurrent mark-sweep generation total 393216K, used 145743K [0x00000007a8000000, 0x00000007c0000000, 0x00000007c0000000)
 Metaspace       used 60602K, capacity 62078K, committed 62356K, reserved 1103872K
  class space    used 7133K, capacity 7462K, committed 7572K, reserved 1048576K
}
2018-12-01T14:02:49.894-0800: 2189.864: Total time for which application threads were stopped: 0.0290804 seconds, Stopping threads took: 0.0000855 seconds
{Heap before GC invocations=34 (full 2):
 par new generation   total 109248K, used 104514K [0x00000007a0000000, 0x00000007a8000000, 0x00000007a8000000)
  eden space 87424K, 100% used [0x00000007a0000000, 0x00000007a5560000, 0x00000007a5560000)
  from space 21824K,  78% used [0x00000007a5560000, 0x00000007a6610828, 0x00000007a6ab0000)
  to   space 21824K,   0% used [0x00000007a6ab0000, 0x00000007a6ab0000, 0x00000007a8000000)
 concurrent mark-sweep generation total 393216K, used 145743K [0x00000007a8000000, 0x00000007c0000000, 0x00000007c0000000)
 Metaspace       used 60625K, capacity 62078K, committed 62356K, reserved 1103872K
  class space    used 7133K, capacity 7462K, committed 7572K, reserved 1048576K
2018-12-01T14:02:50.092-0800: 2190.062: [GC (Allocation Failure) 2018-12-01T14:02:50.092-0800: 2190.062: [ParNew
Desired survivor size 20112992 bytes, new threshold 4 (max 8)
- age   1:   15718360 bytes,   15718360 total
- age   2:     919984 bytes,   16638344 total
- age   3:    3447632 bytes,   20085976 total
- age   4:     692320 bytes,   20778296 total
- age   5:      36776 bytes,   20815072 total
- age   6:     123328 bytes,   20938400 total
- age   7:      76600 bytes,   21015000 total
- age   8:    1218384 bytes,   22233384 total
: 104514K->21824K(109248K), 0.0237191 secs] 250257K->171876K(502464K), 0.0238449 secs] [Times: user=0.08 sys=0.00, real=0.02 secs] 
Heap after GC invocations=35 (full 2):
 par new generation   total 109248K, used 21824K [0x00000007a0000000, 0x00000007a8000000, 0x00000007a8000000)
  eden space 87424K,   0% used [0x00000007a0000000, 0x00000007a0000000, 0x00000007a5560000)
  from space 21824K, 100% used [0x00000007a6ab0000, 0x00000007a8000000, 0x00000007a8000000)
  to   space 21824K,   0% used [0x00000007a5560000, 0x00000007a5560000, 0x00000007a6ab0000)
 concurrent mark-sweep generation total 393216K, used 150052K [0x00000007a8000000, 0x00000007c0000000, 0x00000007c0000000)
 Metaspace       used 60625K, capacity 62078K, committed 62356K, reserved 1103872K
  class space    used 7133K, capacity 7462K, committed 7572K, reserved 1048576K
}
2018-12-01T14:02:50.116-0800: 2190.086: Total time for which application threads were stopped: 0.0240832 seconds, Stopping threads took: 0.0000244 seconds
2018-12-01T14:02:50.116-0800: 2190.086: Total time for which application threads were stopped: 0.0001562 seconds, Stopping threads took: 0.0000405 seconds
2018-12-01T14:02:51.117-0800: 2191.087: Total time for which application threads were stopped: 0.0002116 seconds, Stopping threads took: 0.0000357 seconds
2018-12-01T14:02:54.336-0800: 2194.306: Total time for which application threads were stopped: 0.0001314 seconds, Stopping threads took: 0.0000337 seconds
2018-12-01T14:02:58.342-0800: 2198.312: Total time for which application threads were stopped: 0.0001244 seconds, Stopping threads took: 0.0000333 seconds
2018-12-01T14:02:59.333-0800: 2199.302: Total time for which application threads were stopped: 0.0001442 seconds, Stopping threads took: 0.0000333 seconds
2018-12-01T14:03:00.336-0800: 2200.306: Total time for which application threads were stopped: 0.0002070 seconds, Stopping threads took: 0.0000766 seconds
2018-12-01T14:03:02.338-0800: 2202.308: Total time for which application threads were stopped: 0.0002148 seconds, Stopping threads took: 0.0000345 seconds
2018-12-01T14:03:03.321-0800: 2203.291: Total time for which application threads were stopped: 0.0001183 seconds, Stopping threads took: 0.0000336 seconds
2018-12-01T14:03:04.333-0800: 2204.303: Total time for which application threads were stopped: 0.0001753 seconds, Stopping threads took: 0.0000391 seconds
2018-12-01T14:03:05.334-0800: 2205.304: Total time for which application threads were stopped: 0.0001514 seconds, Stopping threads took: 0.0000380 seconds
2018-12-01T14:03:06.336-0800: 2206.305: Total time for which application threads were stopped: 0.0001484 seconds, Stopping threads took: 0.0000366 seconds
2018-12-01T14:03:08.345-0800: 2208.315: Total time for which application threads were stopped: 0.0001548 seconds, Stopping threads took: 0.0000376 seconds
2018-12-01T14:03:09.834-0800: 2209.804: Total time for which application threads were stopped: 0.0001362 seconds, Stopping threads took: 0.0000352 seconds
2018-12-01T14:03:14.834-0800: 2214.803: Total time for which application threads were stopped: 0.0001272 seconds, Stopping threads took: 0.0000330 seconds
2018-12-01T14:03:15.836-0800: 2215.806: Total time for which application threads were stopped: 0.0001475 seconds, Stopping threads took: 0.0000352 seconds
2018-12-01T14:03:17.840-0800: 2217.809: Total time for which application threads were stopped: 0.0001494 seconds, Stopping threads took: 0.0000432 seconds
2018-12-01T14:03:19.834-0800: 2219.803: Total time for which application threads were stopped: 0.0004169 seconds, Stopping threads took: 0.0000876 seconds
2018-12-01T14:03:21.786-0800: 2221.755: Total time for which application threads were stopped: 0.0000819 seconds, Stopping threads took: 0.0000202 seconds
2018-12-01T14:03:21.787-0800: 2221.756: Total time for which application threads were stopped: 0.0000774 seconds, Stopping threads took: 0.0000133 seconds
2018-12-01T14:03:21.787-0800: 2221.756: Total time for which application threads were stopped: 0.0000704 seconds, Stopping threads took: 0.0000129 seconds
2018-12-01T14:03:21.790-0800: 2221.759: Total time for which application threads were stopped: 0.0000880 seconds, Stopping threads took: 0.0000198 seconds
2018-12-01T14:03:22.795-0800: 2222.764: Total time for which application threads were stopped: 0.0001701 seconds, Stopping threads took: 0.0000403 seconds
2018-12-01T14:03:24.802-0800: 2224.772: Total time for which application threads were stopped: 0.0005339 seconds, Stopping threads took: 0.0001503 seconds
2018-12-01T14:03:25.305-0800: 2225.274: Total time for which application threads were stopped: 0.0001391 seconds, Stopping threads took: 0.0000361 seconds
2018-12-01T14:03:26.783-0800: 2226.752: Total time for which application threads were stopped: 0.0001479 seconds, Stopping threads took: 0.0000347 seconds
2018-12-01T14:03:26.783-0800: 2226.752: Total time for which application threads were stopped: 0.0001016 seconds, Stopping threads took: 0.0000209 seconds
2018-12-01T14:03:29.563-0800: 2229.532: Total time for which application threads were stopped: 0.0000982 seconds, Stopping threads took: 0.0000202 seconds
2018-12-01T14:03:29.563-0800: 2229.532: Total time for which application threads were stopped: 0.0000729 seconds, Stopping threads took: 0.0000132 seconds
2018-12-01T14:03:29.563-0800: 2229.532: Total time for which application threads were stopped: 0.0000622 seconds, Stopping threads took: 0.0000105 seconds
{Heap before GC invocations=35 (full 2):
 par new generation   total 109248K, used 109248K [0x00000007a0000000, 0x00000007a8000000, 0x00000007a8000000)
  eden space 87424K, 100% used [0x00000007a0000000, 0x00000007a5560000, 0x00000007a5560000)
  from space 21824K, 100% used [0x00000007a6ab0000, 0x00000007a8000000, 0x00000007a8000000)
  to   space 21824K,   0% used [0x00000007a5560000, 0x00000007a5560000, 0x00000007a6ab0000)
 concurrent mark-sweep generation total 393216K, used 150052K [0x00000007a8000000, 0x00000007c0000000, 0x00000007c0000000)
 Metaspace       used 60773K, capacity 62206K, committed 62356K, reserved 1103872K
  class space    used 7133K, capacity 7462K, committed 7572K, reserved 1048576K
2018-12-01T14:03:29.565-0800: 2229.534: [GC (Allocation Failure) 2018-12-01T14:03:29.565-0800: 2229.534: [ParNew
Desired survivor size 20112992 bytes, new threshold 8 (max 8)
- age   1:    2382552 bytes,    2382552 total
- age   2:    6664592 bytes,    9047144 total
- age   3:     609184 bytes,    9656328 total
- age   4:    3388472 bytes,   13044800 total
: 109248K->21144K(109248K), 0.0147759 secs] 259300K->172975K(502464K), 0.0149035 secs] [Times: user=0.05 sys=0.00, real=0.02 secs] 
Heap after GC invocations=36 (full 2):
 par new generation   total 109248K, used 21144K [0x00000007a0000000, 0x00000007a8000000, 0x00000007a8000000)
  eden space 87424K,   0% used [0x00000007a0000000, 0x00000007a0000000, 0x00000007a5560000)
  from space 21824K,  96% used [0x00000007a5560000, 0x00000007a6a06158, 0x00000007a6ab0000)
  to   space 21824K,   0% used [0x00000007a6ab0000, 0x00000007a6ab0000, 0x00000007a8000000)
 concurrent mark-sweep generation total 393216K, used 151831K [0x00000007a8000000, 0x00000007c0000000, 0x00000007c0000000)
 Metaspace       used 60773K, capacity 62206K, committed 62356K, reserved 1103872K
  class space    used 7133K, capacity 7462K, committed 7572K, reserved 1048576K
}
2018-12-01T14:03:29.580-0800: 2229.549: Total time for which application threads were stopped: 0.0150906 seconds, Stopping threads took: 0.0000207 seconds
2018-12-01T14:03:29.581-0800: 2229.550: Total time for which application threads were stopped: 0.0000908 seconds, Stopping threads took: 0.0000256 seconds
2018-12-01T14:03:30.310-0800: 2230.279: Total time for which application threads were stopped: 0.0001442 seconds, Stopping threads took: 0.0000362 seconds
2018-12-01T14:03:35.310-0800: 2235.279: Total time for which application threads were stopped: 0.0001429 seconds, Stopping threads took: 0.0000375 seconds
2018-12-01T14:03:37.316-0800: 2237.285: Total time for which application threads were stopped: 0.0001174 seconds, Stopping threads took: 0.0000287 seconds
2018-12-01T14:03:38.316-0800: 2238.285: Total time for which application threads were stopped: 0.0000870 seconds, Stopping threads took: 0.0000221 seconds
2018-12-01T14:03:40.306-0800: 2240.275: Total time for which application threads were stopped: 0.0001155 seconds, Stopping threads took: 0.0000306 seconds
2018-12-01T14:03:41.311-0800: 2241.280: Total time for which application threads were stopped: 0.0001796 seconds, Stopping threads took: 0.0000843 seconds
{Heap before GC invocations=36 (full 2):
 par new generation   total 109248K, used 108568K [0x00000007a0000000, 0x00000007a8000000, 0x00000007a8000000)
  eden space 87424K, 100% used [0x00000007a0000000, 0x00000007a5560000, 0x00000007a5560000)
  from space 21824K,  96% used [0x00000007a5560000, 0x00000007a6a06158, 0x00000007a6ab0000)
  to   space 21824K,   0% used [0x00000007a6ab0000, 0x00000007a6ab0000, 0x00000007a8000000)
 concurrent mark-sweep generation total 393216K, used 151831K [0x00000007a8000000, 0x00000007c0000000, 0x00000007c0000000)
 Metaspace       used 60780K, capacity 62206K, committed 62356K, reserved 1103872K
  class space    used 7133K, capacity 7462K, committed 7572K, reserved 1048576K
2018-12-01T14:03:42.936-0800: 2242.905: [GC (Allocation Failure) 2018-12-01T14:03:42.936-0800: 2242.905: [ParNew
Desired survivor size 20112992 bytes, new threshold 8 (max 8)
- age   1:    1342784 bytes,    1342784 total
- age   2:     363536 bytes,    1706320 total
- age   3:    2899712 bytes,    4606032 total
- age   4:     609184 bytes,    5215216 total
- age   5:    3388472 bytes,    8603688 total
: 108568K->11120K(109248K), 0.0091365 secs] 260399K->162952K(502464K), 0.0092394 secs] [Times: user=0.03 sys=0.00, real=0.01 secs] 
Heap after GC invocations=37 (full 2):
 par new generation   total 109248K, used 11120K [0x00000007a0000000, 0x00000007a8000000, 0x00000007a8000000)
  eden space 87424K,   0% used [0x00000007a0000000, 0x00000007a0000000, 0x00000007a5560000)
  from space 21824K,  50% used [0x00000007a6ab0000, 0x00000007a758c1c0, 0x00000007a8000000)
  to   space 21824K,   0% used [0x00000007a5560000, 0x00000007a5560000, 0x00000007a6ab0000)
 concurrent mark-sweep generation total 393216K, used 151831K [0x00000007a8000000, 0x00000007c0000000, 0x00000007c0000000)
 Metaspace       used 60780K, capacity 62206K, committed 62356K, reserved 1103872K
  class space    used 7133K, capacity 7462K, committed 7572K, reserved 1048576K
}
2018-12-01T14:03:42.946-0800: 2242.914: Total time for which application threads were stopped: 0.0094315 seconds, Stopping threads took: 0.0000242 seconds
2018-12-01T14:03:43.946-0800: 2243.915: Total time for which application threads were stopped: 0.0001871 seconds, Stopping threads took: 0.0000381 seconds
2018-12-01T14:03:45.308-0800: 2245.276: Total time for which application threads were stopped: 0.0001522 seconds, Stopping threads took: 0.0000422 seconds
2018-12-01T14:03:46.308-0800: 2246.277: Total time for which application threads were stopped: 0.0001157 seconds, Stopping threads took: 0.0000286 seconds
2018-12-01T14:03:48.311-0800: 2248.279: Total time for which application threads were stopped: 0.0001156 seconds, Stopping threads took: 0.0000266 seconds
2018-12-01T14:03:50.318-0800: 2250.286: Total time for which application threads were stopped: 0.0001536 seconds, Stopping threads took: 0.0000371 seconds
2018-12-01T14:03:50.751-0800: 2250.719: Total time for which application threads were stopped: 0.0001598 seconds, Stopping threads took: 0.0000342 seconds
2018-12-01T14:03:54.759-0800: 2254.727: Total time for which application threads were stopped: 0.0002771 seconds, Stopping threads took: 0.0000449 seconds
2018-12-01T14:03:55.756-0800: 2255.724: Total time for which application threads were stopped: 0.0002277 seconds, Stopping threads took: 0.0001193 seconds
2018-12-01T14:03:55.958-0800: 2255.926: Total time for which application threads were stopped: 0.0000869 seconds, Stopping threads took: 0.0000195 seconds
{Heap before GC invocations=37 (full 2):
 par new generation   total 109248K, used 98544K [0x00000007a0000000, 0x00000007a8000000, 0x00000007a8000000)
  eden space 87424K, 100% used [0x00000007a0000000, 0x00000007a5560000, 0x00000007a5560000)
  from space 21824K,  50% used [0x00000007a6ab0000, 0x00000007a758c1c0, 0x00000007a8000000)
  to   space 21824K,   0% used [0x00000007a5560000, 0x00000007a5560000, 0x00000007a6ab0000)
 concurrent mark-sweep generation total 393216K, used 151831K [0x00000007a8000000, 0x00000007c0000000, 0x00000007c0000000)
 Metaspace       used 60794K, capacity 62206K, committed 62356K, reserved 1103872K
  class space    used 7133K, capacity 7462K, committed 7572K, reserved 1048576K
2018-12-01T14:03:56.010-0800: 2255.978: [GC (Allocation Failure) 2018-12-01T14:03:56.010-0800: 2255.978: [ParNew
Desired survivor size 20112992 bytes, new threshold 8 (max 8)
- age   1:     267432 bytes,     267432 total
- age   2:     128648 bytes,     396080 total
- age   3:     291616 bytes,     687696 total
- age   4:    2899712 bytes,    3587408 total
- age   5:     609184 bytes,    4196592 total
- age   6:    3388472 bytes,    7585064 total
: 98544K->8757K(109248K), 0.0096654 secs] 250376K->160588K(502464K), 0.0098495 secs] [Times: user=0.03 sys=0.00, real=0.01 secs] 
Heap after GC invocations=38 (full 2):
 par new generation   total 109248K, used 8757K [0x00000007a0000000, 0x00000007a8000000, 0x00000007a8000000)
  eden space 87424K,   0% used [0x00000007a0000000, 0x00000007a0000000, 0x00000007a5560000)
  from space 21824K,  40% used [0x00000007a5560000, 0x00000007a5ded518, 0x00000007a6ab0000)
  to   space 21824K,   0% used [0x00000007a6ab0000, 0x00000007a6ab0000, 0x00000007a8000000)
 concurrent mark-sweep generation total 393216K, used 151831K [0x00000007a8000000, 0x00000007c0000000, 0x00000007c0000000)
 Metaspace       used 60794K, capacity 62206K, committed 62356K, reserved 1103872K
  class space    used 7133K, capacity 7462K, committed 7572K, reserved 1048576K
}
2018-12-01T14:03:56.020-0800: 2255.988: Total time for which application threads were stopped: 0.0101630 seconds, Stopping threads took: 0.0000468 seconds
2018-12-01T14:04:00.757-0800: 2260.725: Total time for which application threads were stopped: 0.0001364 seconds, Stopping threads took: 0.0000333 seconds
2018-12-01T14:04:01.761-0800: 2261.729: Total time for which application threads were stopped: 0.0001479 seconds, Stopping threads took: 0.0000318 seconds
2018-12-01T14:04:06.195-0800: 2266.163: Total time for which application threads were stopped: 0.0001345 seconds, Stopping threads took: 0.0000349 seconds
2018-12-01T14:04:09.181-0800: 2269.148: Total time for which application threads were stopped: 0.0000807 seconds, Stopping threads took: 0.0000209 seconds
2018-12-01T14:04:11.184-0800: 2271.152: Total time for which application threads were stopped: 0.0006254 seconds, Stopping threads took: 0.0000494 seconds
2018-12-01T14:04:11.192-0800: 2271.159: Total time for which application threads were stopped: 0.0001673 seconds, Stopping threads took: 0.0000487 seconds
2018-12-01T14:04:12.214-0800: 2272.182: Total time for which application threads were stopped: 0.0001368 seconds, Stopping threads took: 0.0000340 seconds
2018-12-01T14:04:13.216-0800: 2273.184: Total time for which application threads were stopped: 0.0001833 seconds, Stopping threads took: 0.0000455 seconds
2018-12-01T14:04:14.218-0800: 2274.185: Total time for which application threads were stopped: 0.0003509 seconds, Stopping threads took: 0.0000381 seconds
2018-12-01T14:04:16.192-0800: 2276.160: Total time for which application threads were stopped: 0.0001180 seconds, Stopping threads took: 0.0000314 seconds
2018-12-01T14:04:21.608-0800: 2281.576: Total time for which application threads were stopped: 0.0001946 seconds, Stopping threads took: 0.0000436 seconds
2018-12-01T14:04:21.778-0800: 2281.745: Total time for which application threads were stopped: 0.0001108 seconds, Stopping threads took: 0.0000450 seconds
2018-12-01T14:04:21.785-0800: 2281.752: Total time for which application threads were stopped: 0.0000833 seconds, Stopping threads took: 0.0000194 seconds
2018-12-01T14:04:21.785-0800: 2281.753: Total time for which application threads were stopped: 0.0000555 seconds, Stopping threads took: 0.0000096 seconds
2018-12-01T14:04:21.785-0800: 2281.753: Total time for which application threads were stopped: 0.0000367 seconds, Stopping threads took: 0.0000069 seconds
2018-12-01T14:04:21.787-0800: 2281.755: Total time for which application threads were stopped: 0.0001141 seconds, Stopping threads took: 0.0000482 seconds
2018-12-01T14:04:26.611-0800: 2286.578: Total time for which application threads were stopped: 0.0003583 seconds, Stopping threads took: 0.0000365 seconds
2018-12-01T14:04:26.782-0800: 2286.750: Total time for which application threads were stopped: 0.0001434 seconds, Stopping threads took: 0.0000330 seconds
2018-12-01T14:04:27.786-0800: 2287.753: Total time for which application threads were stopped: 0.0001501 seconds, Stopping threads took: 0.0000391 seconds
2018-12-01T14:04:28.285-0800: 2288.253: Total time for which application threads were stopped: 0.0001172 seconds, Stopping threads took: 0.0000230 seconds
2018-12-01T14:04:29.088-0800: 2289.055: Total time for which application threads were stopped: 0.0001069 seconds, Stopping threads took: 0.0000211 seconds
2018-12-01T14:04:29.088-0800: 2289.055: Total time for which application threads were stopped: 0.0001193 seconds, Stopping threads took: 0.0000566 seconds
2018-12-01T14:04:29.100-0800: 2289.067: Total time for which application threads were stopped: 0.0002312 seconds, Stopping threads took: 0.0000847 seconds
2018-12-01T14:04:29.101-0800: 2289.068: Total time for which application threads were stopped: 0.0006059 seconds, Stopping threads took: 0.0003497 seconds
2018-12-01T14:04:31.737-0800: 2291.704: Total time for which application threads were stopped: 0.0000895 seconds, Stopping threads took: 0.0000256 seconds
2018-12-01T14:04:34.952-0800: 2294.919: Total time for which application threads were stopped: 0.0001348 seconds, Stopping threads took: 0.0000329 seconds
2018-12-01T14:04:37.010-0800: 2296.977: Total time for which application threads were stopped: 0.0001172 seconds, Stopping threads took: 0.0000311 seconds
2018-12-01T14:04:39.132-0800: 2299.099: Total time for which application threads were stopped: 0.0001317 seconds, Stopping threads took: 0.0000295 seconds
2018-12-01T14:04:41.610-0800: 2301.577: Total time for which application threads were stopped: 0.0001173 seconds, Stopping threads took: 0.0000307 seconds
2018-12-01T14:04:46.612-0800: 2306.578: Total time for which application threads were stopped: 0.0001656 seconds, Stopping threads took: 0.0000631 seconds
2018-12-01T14:04:47.924-0800: 2307.891: Total time for which application threads were stopped: 0.0001195 seconds, Stopping threads took: 0.0000316 seconds
2018-12-01T14:04:51.610-0800: 2311.577: Total time for which application threads were stopped: 0.0001560 seconds, Stopping threads took: 0.0000380 seconds
2018-12-01T14:04:53.616-0800: 2313.583: Total time for which application threads were stopped: 0.0001312 seconds, Stopping threads took: 0.0000288 seconds
2018-12-01T14:04:53.915-0800: 2313.882: Total time for which application threads were stopped: 0.0001251 seconds, Stopping threads took: 0.0000300 seconds
2018-12-01T14:04:56.614-0800: 2316.580: Total time for which application threads were stopped: 0.0001354 seconds, Stopping threads took: 0.0000332 seconds
2018-12-01T14:05:02.053-0800: 2322.019: Total time for which application threads were stopped: 0.0000995 seconds, Stopping threads took: 0.0000383 seconds
2018-12-01T14:05:07.052-0800: 2327.018: Total time for which application threads were stopped: 0.0001524 seconds, Stopping threads took: 0.0000324 seconds
2018-12-01T14:05:08.055-0800: 2328.021: Total time for which application threads were stopped: 0.0001973 seconds, Stopping threads took: 0.0000452 seconds
2018-12-01T14:05:10.685-0800: 2330.651: Total time for which application threads were stopped: 0.0001892 seconds, Stopping threads took: 0.0000421 seconds
2018-12-01T14:05:12.053-0800: 2332.018: Total time for which application threads were stopped: 0.0001360 seconds, Stopping threads took: 0.0000354 seconds
2018-12-01T14:05:17.554-0800: 2337.520: Total time for which application threads were stopped: 0.0001426 seconds, Stopping threads took: 0.0000349 seconds
2018-12-01T14:05:21.773-0800: 2341.739: Total time for which application threads were stopped: 0.0001362 seconds, Stopping threads took: 0.0000652 seconds
2018-12-01T14:05:21.784-0800: 2341.750: Total time for which application threads were stopped: 0.0001935 seconds, Stopping threads took: 0.0000224 seconds
2018-12-01T14:05:21.784-0800: 2341.750: Total time for which application threads were stopped: 0.0000504 seconds, Stopping threads took: 0.0000096 seconds
2018-12-01T14:05:21.784-0800: 2341.750: Total time for which application threads were stopped: 0.0000593 seconds, Stopping threads took: 0.0000096 seconds
2018-12-01T14:05:21.787-0800: 2341.753: Total time for which application threads were stopped: 0.0001182 seconds, Stopping threads took: 0.0000467 seconds
2018-12-01T14:05:22.555-0800: 2342.521: Total time for which application threads were stopped: 0.0000915 seconds, Stopping threads took: 0.0000272 seconds
2018-12-01T14:05:26.779-0800: 2346.744: Total time for which application threads were stopped: 0.0000962 seconds, Stopping threads took: 0.0000245 seconds
2018-12-01T14:05:26.779-0800: 2346.745: Total time for which application threads were stopped: 0.0000614 seconds, Stopping threads took: 0.0000109 seconds
2018-12-01T14:05:27.972-0800: 2347.938: Total time for which application threads were stopped: 0.0001197 seconds, Stopping threads took: 0.0000312 seconds
2018-12-01T14:05:29.106-0800: 2349.071: Total time for which application threads were stopped: 0.0001332 seconds, Stopping threads took: 0.0000291 seconds
2018-12-01T14:05:32.974-0800: 2352.940: Total time for which application threads were stopped: 0.0001416 seconds, Stopping threads took: 0.0000402 seconds
2018-12-01T14:05:38.450-0800: 2358.415: Total time for which application threads were stopped: 0.0001356 seconds, Stopping threads took: 0.0000343 seconds
2018-12-01T14:05:43.453-0800: 2363.418: Total time for which application threads were stopped: 0.0000790 seconds, Stopping threads took: 0.0000209 seconds
2018-12-01T14:05:48.849-0800: 2368.814: Total time for which application threads were stopped: 0.0002382 seconds, Stopping threads took: 0.0000960 seconds
2018-12-01T14:05:53.457-0800: 2373.421: Total time for which application threads were stopped: 0.0001370 seconds, Stopping threads took: 0.0000380 seconds
2018-12-01T14:05:58.867-0800: 2378.832: Total time for which application threads were stopped: 0.0001176 seconds, Stopping threads took: 0.0000316 seconds
2018-12-01T14:06:02.486-0800: 2382.451: Total time for which application threads were stopped: 0.0001379 seconds, Stopping threads took: 0.0000348 seconds
2018-12-01T14:06:03.865-0800: 2383.829: Total time for which application threads were stopped: 0.0002575 seconds, Stopping threads took: 0.0000297 seconds
2018-12-01T14:06:05.086-0800: 2385.050: Total time for which application threads were stopped: 0.0001165 seconds, Stopping threads took: 0.0000305 seconds
2018-12-01T14:06:08.869-0800: 2388.834: Total time for which application threads were stopped: 0.0001405 seconds, Stopping threads took: 0.0000346 seconds
2018-12-01T14:06:10.859-0800: 2390.823: Total time for which application threads were stopped: 0.0001383 seconds, Stopping threads took: 0.0000355 seconds
2018-12-01T14:06:13.870-0800: 2393.834: Total time for which application threads were stopped: 0.0001350 seconds, Stopping threads took: 0.0000353 seconds
2018-12-01T14:06:18.867-0800: 2398.831: Total time for which application threads were stopped: 0.0001366 seconds, Stopping threads took: 0.0000342 seconds
2018-12-01T14:06:19.871-0800: 2399.835: Total time for which application threads were stopped: 0.0001820 seconds, Stopping threads took: 0.0000397 seconds
2018-12-01T14:06:21.775-0800: 2401.739: Total time for which application threads were stopped: 0.0001434 seconds, Stopping threads took: 0.0000491 seconds
2018-12-01T14:06:21.780-0800: 2401.744: Total time for which application threads were stopped: 0.0001993 seconds, Stopping threads took: 0.0000238 seconds
2018-12-01T14:06:21.781-0800: 2401.744: Total time for which application threads were stopped: 0.0001661 seconds, Stopping threads took: 0.0000229 seconds
2018-12-01T14:06:21.783-0800: 2401.746: Total time for which application threads were stopped: 0.0001995 seconds, Stopping threads took: 0.0000364 seconds
2018-12-01T14:06:21.784-0800: 2401.748: Total time for which application threads were stopped: 0.0000771 seconds, Stopping threads took: 0.0000204 seconds
2018-12-01T14:06:21.785-0800: 2401.749: Total time for which application threads were stopped: 0.0000709 seconds, Stopping threads took: 0.0000152 seconds
2018-12-01T14:06:21.785-0800: 2401.749: Total time for which application threads were stopped: 0.0000384 seconds, Stopping threads took: 0.0000071 seconds
2018-12-01T14:06:21.789-0800: 2401.753: Total time for which application threads were stopped: 0.0001334 seconds, Stopping threads took: 0.0000305 seconds
2018-12-01T14:06:22.793-0800: 2402.757: Total time for which application threads were stopped: 0.0001549 seconds, Stopping threads took: 0.0000384 seconds
2018-12-01T14:06:24.334-0800: 2404.298: Total time for which application threads were stopped: 0.0001432 seconds, Stopping threads took: 0.0000312 seconds
2018-12-01T14:06:25.336-0800: 2405.300: Total time for which application threads were stopped: 0.0001986 seconds, Stopping threads took: 0.0000370 seconds
2018-12-01T14:06:25.973-0800: 2405.936: Total time for which application threads were stopped: 0.0001405 seconds, Stopping threads took: 0.0000335 seconds
2018-12-01T14:06:26.778-0800: 2406.742: Total time for which application threads were stopped: 0.0003118 seconds, Stopping threads took: 0.0000347 seconds
2018-12-01T14:06:26.779-0800: 2406.742: Total time for which application threads were stopped: 0.0001012 seconds, Stopping threads took: 0.0000219 seconds
2018-12-01T14:06:29.332-0800: 2409.295: Total time for which application threads were stopped: 0.0000785 seconds, Stopping threads took: 0.0000209 seconds
2018-12-01T14:06:34.706-0800: 2414.670: Total time for which application threads were stopped: 0.0001781 seconds, Stopping threads took: 0.0000398 seconds
2018-12-01T14:06:37.956-0800: 2417.919: Total time for which application threads were stopped: 0.0000742 seconds, Stopping threads took: 0.0000205 seconds
2018-12-01T14:06:39.708-0800: 2419.671: Total time for which application threads were stopped: 0.0000735 seconds, Stopping threads took: 0.0000198 seconds
2018-12-01T14:06:45.008-0800: 2424.971: Total time for which application threads were stopped: 0.0000959 seconds, Stopping threads took: 0.0000256 seconds
2018-12-01T14:06:50.383-0800: 2430.346: Total time for which application threads were stopped: 0.0002262 seconds, Stopping threads took: 0.0000680 seconds
2018-12-01T14:06:55.382-0800: 2435.344: Total time for which application threads were stopped: 0.0001323 seconds, Stopping threads took: 0.0000339 seconds
2018-12-01T14:07:01.116-0800: 2441.079: Total time for which application threads were stopped: 0.0001351 seconds, Stopping threads took: 0.0000345 seconds
2018-12-01T14:07:05.882-0800: 2445.845: Total time for which application threads were stopped: 0.0001360 seconds, Stopping threads took: 0.0000339 seconds
2018-12-01T14:07:11.373-0800: 2451.336: Total time for which application threads were stopped: 0.0000736 seconds, Stopping threads took: 0.0000198 seconds
2018-12-01T14:07:16.377-0800: 2456.339: Total time for which application threads were stopped: 0.0001354 seconds, Stopping threads took: 0.0000336 seconds
2018-12-01T14:07:21.657-0800: 2461.619: Total time for which application threads were stopped: 0.0001467 seconds, Stopping threads took: 0.0000328 seconds
2018-12-01T14:07:21.771-0800: 2461.733: Total time for which application threads were stopped: 0.0001751 seconds, Stopping threads took: 0.0000193 seconds
2018-12-01T14:07:21.773-0800: 2461.735: Total time for which application threads were stopped: 0.0001515 seconds, Stopping threads took: 0.0000861 seconds
2018-12-01T14:07:21.780-0800: 2461.742: Total time for which application threads were stopped: 0.0001094 seconds, Stopping threads took: 0.0000376 seconds
2018-12-01T14:07:21.780-0800: 2461.742: Total time for which application threads were stopped: 0.0000739 seconds, Stopping threads took: 0.0000261 seconds
2018-12-01T14:07:21.780-0800: 2461.742: Total time for which application threads were stopped: 0.0000638 seconds, Stopping threads took: 0.0000324 seconds
2018-12-01T14:07:21.782-0800: 2461.744: Total time for which application threads were stopped: 0.0001442 seconds, Stopping threads took: 0.0000750 seconds
2018-12-01T14:07:26.658-0800: 2466.620: Total time for which application threads were stopped: 0.0001398 seconds, Stopping threads took: 0.0000338 seconds
2018-12-01T14:07:26.777-0800: 2466.739: Total time for which application threads were stopped: 0.0001228 seconds, Stopping threads took: 0.0000300 seconds
2018-12-01T14:07:26.777-0800: 2466.739: Total time for which application threads were stopped: 0.0000755 seconds, Stopping threads took: 0.0000143 seconds
2018-12-01T14:07:32.118-0800: 2472.079: Total time for which application threads were stopped: 0.0001381 seconds, Stopping threads took: 0.0000362 seconds
2018-12-01T14:07:37.114-0800: 2477.075: Total time for which application threads were stopped: 0.0001366 seconds, Stopping threads took: 0.0000344 seconds
2018-12-01T14:07:42.612-0800: 2482.574: Total time for which application threads were stopped: 0.0001409 seconds, Stopping threads took: 0.0000360 seconds
2018-12-01T14:07:47.610-0800: 2487.571: Total time for which application threads were stopped: 0.0001339 seconds, Stopping threads took: 0.0000339 seconds
2018-12-01T14:07:50.925-0800: 2490.886: Total time for which application threads were stopped: 0.0003431 seconds, Stopping threads took: 0.0000364 seconds
2018-12-01T14:07:52.610-0800: 2492.571: Total time for which application threads were stopped: 0.0001980 seconds, Stopping threads took: 0.0000675 seconds
2018-12-01T14:07:57.937-0800: 2497.898: Total time for which application threads were stopped: 0.0001086 seconds, Stopping threads took: 0.0000299 seconds
2018-12-01T14:08:02.938-0800: 2502.899: Total time for which application threads were stopped: 0.0001336 seconds, Stopping threads took: 0.0000340 seconds
2018-12-01T14:08:08.428-0800: 2508.389: Total time for which application threads were stopped: 0.0001435 seconds, Stopping threads took: 0.0000348 seconds
2018-12-01T14:08:13.431-0800: 2513.391: Total time for which application threads were stopped: 0.0001151 seconds, Stopping threads took: 0.0000306 seconds
2018-12-01T14:08:18.428-0800: 2518.389: Total time for which application threads were stopped: 0.0003618 seconds, Stopping threads took: 0.0000977 seconds
2018-12-01T14:08:21.774-0800: 2521.735: Total time for which application threads were stopped: 0.0001054 seconds, Stopping threads took: 0.0000428 seconds
2018-12-01T14:08:21.786-0800: 2521.746: Total time for which application threads were stopped: 0.0002540 seconds, Stopping threads took: 0.0001720 seconds
2018-12-01T14:08:21.786-0800: 2521.746: Total time for which application threads were stopped: 0.0001177 seconds, Stopping threads took: 0.0000402 seconds
2018-12-01T14:08:21.786-0800: 2521.747: Total time for which application threads were stopped: 0.0000851 seconds, Stopping threads took: 0.0000295 seconds
2018-12-01T14:08:21.797-0800: 2521.757: Total time for which application threads were stopped: 0.0001063 seconds, Stopping threads took: 0.0000292 seconds
2018-12-01T14:08:24.387-0800: 2524.347: Total time for which application threads were stopped: 0.0001069 seconds, Stopping threads took: 0.0000270 seconds
2018-12-01T14:08:26.783-0800: 2526.743: Total time for which application threads were stopped: 0.0001534 seconds, Stopping threads took: 0.0000376 seconds
2018-12-01T14:08:26.783-0800: 2526.743: Total time for which application threads were stopped: 0.0001206 seconds, Stopping threads took: 0.0000294 seconds
2018-12-01T14:08:28.882-0800: 2528.842: Total time for which application threads were stopped: 0.0001380 seconds, Stopping threads took: 0.0000340 seconds
2018-12-01T14:08:33.882-0800: 2533.842: Total time for which application threads were stopped: 0.0001312 seconds, Stopping threads took: 0.0000329 seconds
2018-12-01T14:08:38.884-0800: 2538.844: Total time for which application threads were stopped: 0.0000826 seconds, Stopping threads took: 0.0000224 seconds
2018-12-01T14:08:43.884-0800: 2543.843: Total time for which application threads were stopped: 0.0001588 seconds, Stopping threads took: 0.0000328 seconds
2018-12-01T14:08:48.885-0800: 2548.845: Total time for which application threads were stopped: 0.0001238 seconds, Stopping threads took: 0.0000398 seconds
2018-12-01T14:08:53.885-0800: 2553.845: Total time for which application threads were stopped: 0.0001164 seconds, Stopping threads took: 0.0000300 seconds
2018-12-01T14:08:58.887-0800: 2558.846: Total time for which application threads were stopped: 0.0004935 seconds, Stopping threads took: 0.0002320 seconds
2018-12-01T14:09:04.381-0800: 2564.340: Total time for which application threads were stopped: 0.0001316 seconds, Stopping threads took: 0.0000347 seconds
2018-12-01T14:09:09.385-0800: 2569.344: Total time for which application threads were stopped: 0.0000808 seconds, Stopping threads took: 0.0000203 seconds
2018-12-01T14:09:14.382-0800: 2574.340: Total time for which application threads were stopped: 0.0001147 seconds, Stopping threads took: 0.0000303 seconds
2018-12-01T14:09:18.174-0800: 2578.133: Total time for which application threads were stopped: 0.0001229 seconds, Stopping threads took: 0.0000322 seconds
2018-12-01T14:09:19.387-0800: 2579.345: Total time for which application threads were stopped: 0.0001376 seconds, Stopping threads took: 0.0000331 seconds
2018-12-01T14:09:21.778-0800: 2581.736: Total time for which application threads were stopped: 0.0001218 seconds, Stopping threads took: 0.0000552 seconds
2018-12-01T14:09:21.787-0800: 2581.746: Total time for which application threads were stopped: 0.0001720 seconds, Stopping threads took: 0.0000960 seconds
2018-12-01T14:09:24.840-0800: 2584.799: Total time for which application threads were stopped: 0.0001700 seconds, Stopping threads took: 0.0000318 seconds
2018-12-01T14:09:26.781-0800: 2586.739: Total time for which application threads were stopped: 0.0001055 seconds, Stopping threads took: 0.0000257 seconds
2018-12-01T14:09:26.781-0800: 2586.739: Total time for which application threads were stopped: 0.0000565 seconds, Stopping threads took: 0.0000115 seconds
2018-12-01T14:09:28.219-0800: 2588.177: Total time for which application threads were stopped: 0.0002811 seconds, Stopping threads took: 0.0000331 seconds
2018-12-01T14:09:29.842-0800: 2589.800: Total time for which application threads were stopped: 0.0001331 seconds, Stopping threads took: 0.0000352 seconds
2018-12-01T14:09:35.302-0800: 2595.260: Total time for which application threads were stopped: 0.0001316 seconds, Stopping threads took: 0.0000336 seconds
2018-12-01T14:09:40.606-0800: 2600.563: Total time for which application threads were stopped: 0.0001432 seconds, Stopping threads took: 0.0000362 seconds
2018-12-01T14:09:41.978-0800: 2601.936: Total time for which application threads were stopped: 0.0000813 seconds, Stopping threads took: 0.0000222 seconds
2018-12-01T14:09:45.365-0800: 2605.323: Total time for which application threads were stopped: 0.0001310 seconds, Stopping threads took: 0.0000342 seconds
2018-12-01T14:09:50.307-0800: 2610.265: Total time for which application threads were stopped: 0.0001330 seconds, Stopping threads took: 0.0000335 seconds
2018-12-01T14:09:56.361-0800: 2616.318: Total time for which application threads were stopped: 0.0001319 seconds, Stopping threads took: 0.0000333 seconds
2018-12-01T14:10:00.802-0800: 2620.759: Total time for which application threads were stopped: 0.0001558 seconds, Stopping threads took: 0.0000422 seconds
2018-12-01T14:10:06.227-0800: 2626.184: Total time for which application threads were stopped: 0.0001315 seconds, Stopping threads took: 0.0000337 seconds
2018-12-01T14:10:09.252-0800: 2629.209: Total time for which application threads were stopped: 0.0004084 seconds, Stopping threads took: 0.0001430 seconds
2018-12-01T14:10:11.229-0800: 2631.186: Total time for which application threads were stopped: 0.0001142 seconds, Stopping threads took: 0.0000237 seconds
2018-12-01T14:10:16.492-0800: 2636.449: Total time for which application threads were stopped: 0.0003950 seconds, Stopping threads took: 0.0001192 seconds
2018-12-01T14:10:21.493-0800: 2641.450: Total time for which application threads were stopped: 0.0001291 seconds, Stopping threads took: 0.0000420 seconds
2018-12-01T14:10:21.772-0800: 2641.729: Total time for which application threads were stopped: 0.0001207 seconds, Stopping threads took: 0.0000448 seconds
2018-12-01T14:10:21.786-0800: 2641.742: Total time for which application threads were stopped: 0.0000790 seconds, Stopping threads took: 0.0000187 seconds
2018-12-01T14:10:21.786-0800: 2641.743: Total time for which application threads were stopped: 0.0000636 seconds, Stopping threads took: 0.0000120 seconds
2018-12-01T14:10:21.786-0800: 2641.743: Total time for which application threads were stopped: 0.0000388 seconds, Stopping threads took: 0.0000073 seconds
2018-12-01T14:10:21.789-0800: 2641.746: Total time for which application threads were stopped: 0.0001356 seconds, Stopping threads took: 0.0000299 seconds
2018-12-01T14:10:24.799-0800: 2644.755: Total time for which application threads were stopped: 0.0001567 seconds, Stopping threads took: 0.0000379 seconds
2018-12-01T14:10:26.782-0800: 2646.738: Total time for which application threads were stopped: 0.0001469 seconds, Stopping threads took: 0.0000337 seconds
2018-12-01T14:10:26.782-0800: 2646.738: Total time for which application threads were stopped: 0.0001025 seconds, Stopping threads took: 0.0000217 seconds
2018-12-01T14:10:26.831-0800: 2646.788: Total time for which application threads were stopped: 0.0001317 seconds, Stopping threads took: 0.0000330 seconds
2018-12-01T14:10:31.833-0800: 2651.790: Total time for which application threads were stopped: 0.0001449 seconds, Stopping threads took: 0.0000418 seconds
2018-12-01T14:10:37.327-0800: 2657.283: Total time for which application threads were stopped: 0.0003092 seconds, Stopping threads took: 0.0000672 seconds
2018-12-01T14:10:42.326-0800: 2662.282: Total time for which application threads were stopped: 0.0001097 seconds, Stopping threads took: 0.0000288 seconds
2018-12-01T14:10:43.613-0800: 2663.569: Total time for which application threads were stopped: 0.0001139 seconds, Stopping threads took: 0.0000299 seconds
2018-12-01T14:10:50.396-0800: 2670.352: Total time for which application threads were stopped: 0.0001161 seconds, Stopping threads took: 0.0000307 seconds
2018-12-01T14:10:53.138-0800: 2673.094: Total time for which application threads were stopped: 0.0001263 seconds, Stopping threads took: 0.0000301 seconds
2018-12-01T14:10:57.329-0800: 2677.285: Total time for which application threads were stopped: 0.0001332 seconds, Stopping threads took: 0.0000337 seconds
2018-12-01T14:11:02.728-0800: 2682.684: Total time for which application threads were stopped: 0.0000816 seconds, Stopping threads took: 0.0000202 seconds
2018-12-01T14:11:07.731-0800: 2687.687: Total time for which application threads were stopped: 0.0001240 seconds, Stopping threads took: 0.0000321 seconds
2018-12-01T14:11:13.232-0800: 2693.187: Total time for which application threads were stopped: 0.0001652 seconds, Stopping threads took: 0.0000189 seconds
2018-12-01T14:11:18.229-0800: 2698.184: Total time for which application threads were stopped: 0.0001713 seconds, Stopping threads took: 0.0000306 seconds
2018-12-01T14:11:20.022-0800: 2699.976: Total time for which application threads were stopped: 0.0002274 seconds, Stopping threads took: 0.0000408 seconds
2018-12-01T14:11:21.775-0800: 2701.730: Total time for which application threads were stopped: 0.0001474 seconds, Stopping threads took: 0.0000784 seconds
2018-12-01T14:11:21.782-0800: 2701.737: Total time for which application threads were stopped: 0.0000972 seconds, Stopping threads took: 0.0000229 seconds
2018-12-01T14:11:21.783-0800: 2701.737: Total time for which application threads were stopped: 0.0000514 seconds, Stopping threads took: 0.0000094 seconds
2018-12-01T14:11:21.783-0800: 2701.737: Total time for which application threads were stopped: 0.0000381 seconds, Stopping threads took: 0.0000073 seconds
2018-12-01T14:11:21.785-0800: 2701.740: Total time for which application threads were stopped: 0.0001231 seconds, Stopping threads took: 0.0000515 seconds
2018-12-01T14:11:22.104-0800: 2702.058: Total time for which application threads were stopped: 0.0001150 seconds, Stopping threads took: 0.0000276 seconds
2018-12-01T14:11:23.233-0800: 2703.187: Total time for which application threads were stopped: 0.0001145 seconds, Stopping threads took: 0.0000291 seconds
2018-12-01T14:11:24.722-0800: 2704.677: Total time for which application threads were stopped: 0.0001461 seconds, Stopping threads took: 0.0000575 seconds
2018-12-01T14:11:26.777-0800: 2706.732: Total time for which application threads were stopped: 0.0000982 seconds, Stopping threads took: 0.0000229 seconds
2018-12-01T14:11:26.777-0800: 2706.732: Total time for which application threads were stopped: 0.0000539 seconds, Stopping threads took: 0.0000108 seconds
2018-12-01T14:11:27.782-0800: 2707.736: Total time for which application threads were stopped: 0.0008792 seconds, Stopping threads took: 0.0002438 seconds
2018-12-01T14:11:28.230-0800: 2708.184: Total time for which application threads were stopped: 0.0001056 seconds, Stopping threads took: 0.0000248 seconds
2018-12-01T14:11:33.233-0800: 2713.187: Total time for which application threads were stopped: 0.0001088 seconds, Stopping threads took: 0.0000250 seconds
2018-12-01T14:11:38.684-0800: 2718.639: Total time for which application threads were stopped: 0.0001193 seconds, Stopping threads took: 0.0000328 seconds
2018-12-01T14:11:41.659-0800: 2721.613: Total time for which application threads were stopped: 0.0001354 seconds, Stopping threads took: 0.0000286 seconds
2018-12-01T14:11:43.682-0800: 2723.636: Total time for which application threads were stopped: 0.0001559 seconds, Stopping threads took: 0.0000288 seconds
2018-12-01T14:11:49.339-0800: 2729.293: Total time for which application threads were stopped: 0.0001122 seconds, Stopping threads took: 0.0000293 seconds
2018-12-01T14:11:54.179-0800: 2734.133: Total time for which application threads were stopped: 0.0001230 seconds, Stopping threads took: 0.0000339 seconds
2018-12-01T14:11:59.558-0800: 2739.512: Total time for which application threads were stopped: 0.0001336 seconds, Stopping threads took: 0.0000340 seconds
2018-12-01T14:12:01.409-0800: 2741.362: Total time for which application threads were stopped: 0.0001313 seconds, Stopping threads took: 0.0000339 seconds
2018-12-01T14:12:04.554-0800: 2744.507: Total time for which application threads were stopped: 0.0001135 seconds, Stopping threads took: 0.0000292 seconds
2018-12-01T14:12:10.057-0800: 2750.011: Total time for which application threads were stopped: 0.0001204 seconds, Stopping threads took: 0.0000331 seconds
2018-12-01T14:12:12.205-0800: 2752.158: Total time for which application threads were stopped: 0.0006930 seconds, Stopping threads took: 0.0001520 seconds
2018-12-01T14:12:15.056-0800: 2755.010: Total time for which application threads were stopped: 0.0000901 seconds, Stopping threads took: 0.0000262 seconds
2018-12-01T14:12:17.440-0800: 2757.393: Total time for which application threads were stopped: 0.0001146 seconds, Stopping threads took: 0.0000228 seconds
2018-12-01T14:12:20.056-0800: 2760.009: Total time for which application threads were stopped: 0.0001365 seconds, Stopping threads took: 0.0000327 seconds
2018-12-01T14:12:21.773-0800: 2761.726: Total time for which application threads were stopped: 0.0001364 seconds, Stopping threads took: 0.0000730 seconds
2018-12-01T14:12:21.782-0800: 2761.735: Total time for which application threads were stopped: 0.0001198 seconds, Stopping threads took: 0.0000447 seconds
2018-12-01T14:12:23.501-0800: 2763.454: Total time for which application threads were stopped: 0.0001211 seconds, Stopping threads took: 0.0000316 seconds
2018-12-01T14:12:25.302-0800: 2765.255: Total time for which application threads were stopped: 0.0001204 seconds, Stopping threads took: 0.0000304 seconds
2018-12-01T14:12:26.776-0800: 2766.729: Total time for which application threads were stopped: 0.0001427 seconds, Stopping threads took: 0.0000328 seconds
2018-12-01T14:12:26.776-0800: 2766.729: Total time for which application threads were stopped: 0.0000672 seconds, Stopping threads took: 0.0000126 seconds
2018-12-01T14:12:30.060-0800: 2770.013: Total time for which application threads were stopped: 0.0001222 seconds, Stopping threads took: 0.0000367 seconds
{Heap before GC invocations=38 (full 2):
 par new generation   total 109248K, used 96181K [0x00000007a0000000, 0x00000007a8000000, 0x00000007a8000000)
  eden space 87424K, 100% used [0x00000007a0000000, 0x00000007a5560000, 0x00000007a5560000)
  from space 21824K,  40% used [0x00000007a5560000, 0x00000007a5ded518, 0x00000007a6ab0000)
  to   space 21824K,   0% used [0x00000007a6ab0000, 0x00000007a6ab0000, 0x00000007a8000000)
 concurrent mark-sweep generation total 393216K, used 151831K [0x00000007a8000000, 0x00000007c0000000, 0x00000007c0000000)
 Metaspace       used 60956K, capacity 62338K, committed 62612K, reserved 1103872K
  class space    used 7133K, capacity 7462K, committed 7572K, reserved 1048576K
2018-12-01T14:12:31.123-0800: 2771.076: [GC (Allocation Failure) 2018-12-01T14:12:31.124-0800: 2771.076: [ParNew
Desired survivor size 20112992 bytes, new threshold 8 (max 8)
- age   1:    1653736 bytes,    1653736 total
- age   2:      71736 bytes,    1725472 total
- age   3:      54624 bytes,    1780096 total
- age   4:     272376 bytes,    2052472 total
- age   5:    2899712 bytes,    4952184 total
- age   6:     609184 bytes,    5561368 total
- age   7:    3388472 bytes,    8949840 total
: 96181K->10209K(109248K), 0.0097513 secs] 248012K->162041K(502464K), 0.0101229 secs] [Times: user=0.04 sys=0.00, real=0.01 secs] 
Heap after GC invocations=39 (full 2):
 par new generation   total 109248K, used 10209K [0x00000007a0000000, 0x00000007a8000000, 0x00000007a8000000)
  eden space 87424K,   0% used [0x00000007a0000000, 0x00000007a0000000, 0x00000007a5560000)
  from space 21824K,  46% used [0x00000007a6ab0000, 0x00000007a74a8730, 0x00000007a8000000)
  to   space 21824K,   0% used [0x00000007a5560000, 0x00000007a5560000, 0x00000007a6ab0000)
 concurrent mark-sweep generation total 393216K, used 151831K [0x00000007a8000000, 0x00000007c0000000, 0x00000007c0000000)
 Metaspace       used 60956K, capacity 62338K, committed 62612K, reserved 1103872K
  class space    used 7133K, capacity 7462K, committed 7572K, reserved 1048576K
}
2018-12-01T14:12:31.133-0800: 2771.086: Total time for which application threads were stopped: 0.0103620 seconds, Stopping threads took: 0.0000314 seconds
2018-12-01T14:12:32.134-0800: 2772.087: Total time for which application threads were stopped: 0.0002847 seconds, Stopping threads took: 0.0000425 seconds
2018-12-01T14:12:35.557-0800: 2775.510: Total time for which application threads were stopped: 0.0001190 seconds, Stopping threads took: 0.0000329 seconds
2018-12-01T14:12:40.556-0800: 2780.509: Total time for which application threads were stopped: 0.0002594 seconds, Stopping threads took: 0.0000321 seconds
2018-12-01T14:12:45.981-0800: 2785.933: Total time for which application threads were stopped: 0.0001441 seconds, Stopping threads took: 0.0000392 seconds
2018-12-01T14:12:51.428-0800: 2791.380: Total time for which application threads were stopped: 0.0001301 seconds, Stopping threads took: 0.0000315 seconds
2018-12-01T14:12:56.425-0800: 2796.377: Total time for which application threads were stopped: 0.0001326 seconds, Stopping threads took: 0.0000360 seconds
2018-12-01T14:13:01.920-0800: 2801.872: Total time for which application threads were stopped: 0.0001831 seconds, Stopping threads took: 0.0000387 seconds
2018-12-01T14:13:06.920-0800: 2806.871: Total time for which application threads were stopped: 0.0001222 seconds, Stopping threads took: 0.0000321 seconds
2018-12-01T14:13:12.375-0800: 2812.327: Total time for which application threads were stopped: 0.0002260 seconds, Stopping threads took: 0.0000529 seconds
2018-12-01T14:13:17.379-0800: 2817.331: Total time for which application threads were stopped: 0.0001348 seconds, Stopping threads took: 0.0000343 seconds
2018-12-01T14:13:21.778-0800: 2821.729: Total time for which application threads were stopped: 0.0000963 seconds, Stopping threads took: 0.0000319 seconds
2018-12-01T14:13:21.784-0800: 2821.735: Total time for which application threads were stopped: 0.0000790 seconds, Stopping threads took: 0.0000191 seconds
2018-12-01T14:13:21.784-0800: 2821.735: Total time for which application threads were stopped: 0.0000520 seconds, Stopping threads took: 0.0000087 seconds
2018-12-01T14:13:21.784-0800: 2821.736: Total time for which application threads were stopped: 0.0000400 seconds, Stopping threads took: 0.0000069 seconds
2018-12-01T14:13:21.786-0800: 2821.737: Total time for which application threads were stopped: 0.0000883 seconds, Stopping threads took: 0.0000179 seconds
2018-12-01T14:13:22.379-0800: 2822.330: Total time for which application threads were stopped: 0.0001359 seconds, Stopping threads took: 0.0000328 seconds
{Heap before GC invocations=39 (full 2):
 par new generation   total 109248K, used 97633K [0x00000007a0000000, 0x00000007a8000000, 0x00000007a8000000)
  eden space 87424K, 100% used [0x00000007a0000000, 0x00000007a5560000, 0x00000007a5560000)
  from space 21824K,  46% used [0x00000007a6ab0000, 0x00000007a74a8730, 0x00000007a8000000)
  to   space 21824K,   0% used [0x00000007a5560000, 0x00000007a5560000, 0x00000007a6ab0000)
 concurrent mark-sweep generation total 393216K, used 151831K [0x00000007a8000000, 0x00000007c0000000, 0x00000007c0000000)
 Metaspace       used 60985K, capacity 62402K, committed 62612K, reserved 1103872K
  class space    used 7133K, capacity 7462K, committed 7572K, reserved 1048576K
2018-12-01T14:13:24.721-0800: 2824.672: [GC (Allocation Failure) 2018-12-01T14:13:24.721-0800: 2824.672: [ParNew
Desired survivor size 20112992 bytes, new threshold 8 (max 8)
- age   1:    1664832 bytes,    1664832 total
- age   2:     550384 bytes,    2215216 total
- age   3:      71672 bytes,    2286888 total
- age   4:      54624 bytes,    2341512 total
- age   5:     177592 bytes,    2519104 total
- age   6:    2899712 bytes,    5418816 total
- age   7:     609184 bytes,    6028000 total
- age   8:    3388472 bytes,    9416472 total
: 97633K->12385K(109248K), 0.0098136 secs] 249465K->164216K(502464K), 0.0099429 secs] [Times: user=0.03 sys=0.00, real=0.01 secs] 
Heap after GC invocations=40 (full 2):
 par new generation   total 109248K, used 12385K [0x00000007a0000000, 0x00000007a8000000, 0x00000007a8000000)
  eden space 87424K,   0% used [0x00000007a0000000, 0x00000007a0000000, 0x00000007a5560000)
  from space 21824K,  56% used [0x00000007a5560000, 0x00000007a6178450, 0x00000007a6ab0000)
  to   space 21824K,   0% used [0x00000007a6ab0000, 0x00000007a6ab0000, 0x00000007a8000000)
 concurrent mark-sweep generation total 393216K, used 151831K [0x00000007a8000000, 0x00000007c0000000, 0x00000007c0000000)
 Metaspace       used 60985K, capacity 62402K, committed 62612K, reserved 1103872K
  class space    used 7133K, capacity 7462K, committed 7572K, reserved 1048576K
}
2018-12-01T14:13:24.731-0800: 2824.682: Total time for which application threads were stopped: 0.0101399 seconds, Stopping threads took: 0.0000247 seconds
2018-12-01T14:13:25.735-0800: 2825.686: Total time for which application threads were stopped: 0.0001812 seconds, Stopping threads took: 0.0000440 seconds
2018-12-01T14:13:26.781-0800: 2826.732: Total time for which application threads were stopped: 0.0001379 seconds, Stopping threads took: 0.0000310 seconds
2018-12-01T14:13:26.782-0800: 2826.733: Total time for which application threads were stopped: 0.0000754 seconds, Stopping threads took: 0.0000141 seconds
2018-12-01T14:13:27.755-0800: 2827.706: Total time for which application threads were stopped: 0.0001151 seconds, Stopping threads took: 0.0000295 seconds
2018-12-01T14:13:32.760-0800: 2832.711: Total time for which application threads were stopped: 0.0001373 seconds, Stopping threads took: 0.0000350 seconds
2018-12-01T14:13:33.766-0800: 2833.717: Total time for which application threads were stopped: 0.0001655 seconds, Stopping threads took: 0.0000371 seconds
2018-12-01T14:13:38.176-0800: 2838.127: Total time for which application threads were stopped: 0.0001340 seconds, Stopping threads took: 0.0000328 seconds
2018-12-01T14:13:40.490-0800: 2840.440: Total time for which application threads were stopped: 0.0001129 seconds, Stopping threads took: 0.0000395 seconds
2018-12-01T14:13:43.929-0800: 2843.880: Total time for which application threads were stopped: 0.0001487 seconds, Stopping threads took: 0.0000296 seconds
2018-12-01T14:13:48.172-0800: 2848.123: Total time for which application threads were stopped: 0.0001116 seconds, Stopping threads took: 0.0000284 seconds
2018-12-01T14:13:50.734-0800: 2850.685: Total time for which application threads were stopped: 0.0001170 seconds, Stopping threads took: 0.0000317 seconds
2018-12-01T14:13:53.173-0800: 2853.123: Total time for which application threads were stopped: 0.0001350 seconds, Stopping threads took: 0.0000356 seconds
2018-12-01T14:13:58.613-0800: 2858.563: Total time for which application threads were stopped: 0.0001362 seconds, Stopping threads took: 0.0000364 seconds
2018-12-01T14:14:03.612-0800: 2863.562: Total time for which application threads were stopped: 0.0000846 seconds, Stopping threads took: 0.0000223 seconds
2018-12-01T14:14:05.437-0800: 2865.387: Total time for which application threads were stopped: 0.0001416 seconds, Stopping threads took: 0.0000355 seconds
2018-12-01T14:14:07.473-0800: 2867.423: Total time for which application threads were stopped: 0.0003158 seconds, Stopping threads took: 0.0000991 seconds
2018-12-01T14:14:08.617-0800: 2868.566: Total time for which application threads were stopped: 0.0001354 seconds, Stopping threads took: 0.0000336 seconds
2018-12-01T14:14:14.113-0800: 2874.062: Total time for which application threads were stopped: 0.0003417 seconds, Stopping threads took: 0.0000361 seconds
2018-12-01T14:14:19.112-0800: 2879.061: Total time for which application threads were stopped: 0.0000765 seconds, Stopping threads took: 0.0000210 seconds
2018-12-01T14:14:21.776-0800: 2881.726: Total time for which application threads were stopped: 0.0001499 seconds, Stopping threads took: 0.0000804 seconds
2018-12-01T14:14:21.786-0800: 2881.735: Total time for which application threads were stopped: 0.0002575 seconds, Stopping threads took: 0.0000733 seconds
2018-12-01T14:14:21.787-0800: 2881.736: Total time for which application threads were stopped: 0.0002094 seconds, Stopping threads took: 0.0000231 seconds
2018-12-01T14:14:21.787-0800: 2881.736: Total time for which application threads were stopped: 0.0000417 seconds, Stopping threads took: 0.0000079 seconds
2018-12-01T14:14:21.789-0800: 2881.739: Total time for which application threads were stopped: 0.0001085 seconds, Stopping threads took: 0.0000437 seconds
2018-12-01T14:14:24.796-0800: 2884.745: Total time for which application threads were stopped: 0.0001954 seconds, Stopping threads took: 0.0000442 seconds
2018-12-01T14:14:25.538-0800: 2885.487: Total time for which application threads were stopped: 0.0001551 seconds, Stopping threads took: 0.0000346 seconds
2018-12-01T14:14:26.785-0800: 2886.734: Total time for which application threads were stopped: 0.0001593 seconds, Stopping threads took: 0.0000373 seconds
2018-12-01T14:14:26.785-0800: 2886.734: Total time for which application threads were stopped: 0.0000733 seconds, Stopping threads took: 0.0000134 seconds
2018-12-01T14:14:27.657-0800: 2887.606: Total time for which application threads were stopped: 0.0001374 seconds, Stopping threads took: 0.0000447 seconds
2018-12-01T14:14:29.608-0800: 2889.557: Total time for which application threads were stopped: 0.0000972 seconds, Stopping threads took: 0.0000299 seconds
2018-12-01T14:14:30.787-0800: 2890.736: Total time for which application threads were stopped: 0.0001174 seconds, Stopping threads took: 0.0000291 seconds
2018-12-01T14:14:34.609-0800: 2894.558: Total time for which application threads were stopped: 0.0002841 seconds, Stopping threads took: 0.0000733 seconds
2018-12-01T14:14:37.826-0800: 2897.775: Total time for which application threads were stopped: 0.0002333 seconds, Stopping threads took: 0.0000351 seconds
2018-12-01T14:14:39.611-0800: 2899.560: Total time for which application threads were stopped: 0.0001182 seconds, Stopping threads took: 0.0000304 seconds
2018-12-01T14:14:41.992-0800: 2901.941: Total time for which application threads were stopped: 0.0001813 seconds, Stopping threads took: 0.0000441 seconds
2018-12-01T14:14:45.346-0800: 2905.294: Total time for which application threads were stopped: 0.0001163 seconds, Stopping threads took: 0.0000309 seconds
2018-12-01T14:14:47.347-0800: 2907.295: Total time for which application threads were stopped: 0.0001795 seconds, Stopping threads took: 0.0000508 seconds
2018-12-01T14:14:49.609-0800: 2909.558: Total time for which application threads were stopped: 0.0000774 seconds, Stopping threads took: 0.0000208 seconds
2018-12-01T14:14:54.939-0800: 2914.887: Total time for which application threads were stopped: 0.0001165 seconds, Stopping threads took: 0.0000302 seconds
2018-12-01T14:14:57.481-0800: 2917.429: Total time for which application threads were stopped: 0.0001369 seconds, Stopping threads took: 0.0000349 seconds
2018-12-01T14:14:59.920-0800: 2919.868: Total time for which application threads were stopped: 0.0001144 seconds, Stopping threads took: 0.0000289 seconds
2018-12-01T14:15:05.400-0800: 2925.344: Total time for which application threads were stopped: 0.0001740 seconds, Stopping threads took: 0.0000410 seconds
2018-12-01T14:15:12.716-0800: 2932.656: Total time for which application threads were stopped: 0.0001226 seconds, Stopping threads took: 0.0000307 seconds
2018-12-01T14:15:14.000-0800: 2933.940: Total time for which application threads were stopped: 0.0002246 seconds, Stopping threads took: 0.0000547 seconds
2018-12-01T14:15:16.442-0800: 2936.380: Total time for which application threads were stopped: 0.0001731 seconds, Stopping threads took: 0.0000698 seconds
2018-12-01T14:15:19.028-0800: 2938.966: Total time for which application threads were stopped: 0.0001420 seconds, Stopping threads took: 0.0000351 seconds
2018-12-01T14:15:20.408-0800: 2940.346: Total time for which application threads were stopped: 0.0001226 seconds, Stopping threads took: 0.0000311 seconds
2018-12-01T14:15:21.783-0800: 2941.720: Total time for which application threads were stopped: 0.0001852 seconds, Stopping threads took: 0.0000781 seconds
2018-12-01T14:15:21.790-0800: 2941.727: Total time for which application threads were stopped: 0.0000810 seconds, Stopping threads took: 0.0000181 seconds
2018-12-01T14:15:21.791-0800: 2941.728: Total time for which application threads were stopped: 0.0000495 seconds, Stopping threads took: 0.0000082 seconds
2018-12-01T14:15:21.791-0800: 2941.728: Total time for which application threads were stopped: 0.0001269 seconds, Stopping threads took: 0.0000070 seconds
2018-12-01T14:15:21.793-0800: 2941.730: Total time for which application threads were stopped: 0.0000842 seconds, Stopping threads took: 0.0000191 seconds
2018-12-01T14:15:25.906-0800: 2945.842: Total time for which application threads were stopped: 0.0001343 seconds, Stopping threads took: 0.0000353 seconds
2018-12-01T14:15:26.787-0800: 2946.723: Total time for which application threads were stopped: 0.0001123 seconds, Stopping threads took: 0.0000231 seconds
2018-12-01T14:15:26.787-0800: 2946.723: Total time for which application threads were stopped: 0.0000762 seconds, Stopping threads took: 0.0000170 seconds
2018-12-01T14:15:28.677-0800: 2948.613: Total time for which application threads were stopped: 0.0001030 seconds, Stopping threads took: 0.0000300 seconds
2018-12-01T14:15:31.268-0800: 2951.203: Total time for which application threads were stopped: 0.0000763 seconds, Stopping threads took: 0.0000196 seconds
2018-12-01T14:15:33.979-0800: 2953.914: Total time for which application threads were stopped: 0.0002534 seconds, Stopping threads took: 0.0000316 seconds
2018-12-01T14:15:35.913-0800: 2955.847: Total time for which application threads were stopped: 0.0001367 seconds, Stopping threads took: 0.0000337 seconds
2018-12-01T14:15:41.407-0800: 2961.341: Total time for which application threads were stopped: 0.0001269 seconds, Stopping threads took: 0.0000360 seconds
2018-12-01T14:15:46.408-0800: 2966.342: Total time for which application threads were stopped: 0.0001012 seconds, Stopping threads took: 0.0000270 seconds
2018-12-01T14:15:50.197-0800: 2970.130: Total time for which application threads were stopped: 0.0000829 seconds, Stopping threads took: 0.0000243 seconds
2018-12-01T14:15:51.412-0800: 2971.345: Total time for which application threads were stopped: 0.0001845 seconds, Stopping threads took: 0.0000424 seconds
2018-12-01T14:15:56.582-0800: 2976.515: Total time for which application threads were stopped: 0.0001374 seconds, Stopping threads took: 0.0000337 seconds
2018-12-01T14:16:01.410-0800: 2981.343: Total time for which application threads were stopped: 0.0000959 seconds, Stopping threads took: 0.0000264 seconds
2018-12-01T14:16:06.899-0800: 2986.832: Total time for which application threads were stopped: 0.0001337 seconds, Stopping threads took: 0.0000327 seconds
2018-12-01T14:16:11.901-0800: 2991.833: Total time for which application threads were stopped: 0.0000785 seconds, Stopping threads took: 0.0000226 seconds
2018-12-01T14:16:13.323-0800: 2993.255: Total time for which application threads were stopped: 0.0001282 seconds, Stopping threads took: 0.0000338 seconds
2018-12-01T14:16:15.589-0800: 2995.521: Total time for which application threads were stopped: 0.0001174 seconds, Stopping threads took: 0.0000307 seconds
2018-12-01T14:16:16.900-0800: 2996.832: Total time for which application threads were stopped: 0.0000869 seconds, Stopping threads took: 0.0000240 seconds
2018-12-01T14:16:18.172-0800: 2998.104: Total time for which application threads were stopped: 0.0001229 seconds, Stopping threads took: 0.0000302 seconds
2018-12-01T14:16:21.778-0800: 3001.710: Total time for which application threads were stopped: 0.0000890 seconds, Stopping threads took: 0.0000205 seconds
{Heap before GC invocations=40 (full 2):
 par new generation   total 109248K, used 99809K [0x00000007a0000000, 0x00000007a8000000, 0x00000007a8000000)
  eden space 87424K, 100% used [0x00000007a0000000, 0x00000007a5560000, 0x00000007a5560000)
  from space 21824K,  56% used [0x00000007a5560000, 0x00000007a6178450, 0x00000007a6ab0000)
  to   space 21824K,   0% used [0x00000007a6ab0000, 0x00000007a6ab0000, 0x00000007a8000000)
 concurrent mark-sweep generation total 393216K, used 151831K [0x00000007a8000000, 0x00000007c0000000, 0x00000007c0000000)
 Metaspace       used 61001K, capacity 62406K, committed 62612K, reserved 1103872K
  class space    used 7133K, capacity 7462K, committed 7572K, reserved 1048576K
2018-12-01T14:16:21.779-0800: 3001.710: [GC (Allocation Failure) 2018-12-01T14:16:21.780-0800: 3001.712: [ParNew
Desired survivor size 20112992 bytes, new threshold 8 (max 8)
- age   1:     428864 bytes,     428864 total
- age   2:     140912 bytes,     569776 total
- age   3:     440248 bytes,    1010024 total
- age   4:      71672 bytes,    1081696 total
- age   5:      54624 bytes,    1136320 total
- age   6:     177592 bytes,    1313912 total
- age   7:    2899712 bytes,    4213624 total
- age   8:     609184 bytes,    4822808 total
: 99809K->7146K(109248K), 0.0123483 secs] 251640K->162333K(502464K), 0.0135480 secs] [Times: user=0.03 sys=0.00, real=0.02 secs] 
Heap after GC invocations=41 (full 2):
 par new generation   total 109248K, used 7146K [0x00000007a0000000, 0x00000007a8000000, 0x00000007a8000000)
  eden space 87424K,   0% used [0x00000007a0000000, 0x00000007a0000000, 0x00000007a5560000)
  from space 21824K,  32% used [0x00000007a6ab0000, 0x00000007a71aab08, 0x00000007a8000000)
  to   space 21824K,   0% used [0x00000007a5560000, 0x00000007a5560000, 0x00000007a6ab0000)
 concurrent mark-sweep generation total 393216K, used 155186K [0x00000007a8000000, 0x00000007c0000000, 0x00000007c0000000)
 Metaspace       used 61001K, capacity 62406K, committed 62612K, reserved 1103872K
  class space    used 7133K, capacity 7462K, committed 7572K, reserved 1048576K
}
2018-12-01T14:16:21.792-0800: 3001.724: Total time for which application threads were stopped: 0.0138145 seconds, Stopping threads took: 0.0000875 seconds
2018-12-01T14:16:21.798-0800: 3001.729: Total time for which application threads were stopped: 0.0000936 seconds, Stopping threads took: 0.0000216 seconds
2018-12-01T14:16:21.798-0800: 3001.730: Total time for which application threads were stopped: 0.0001070 seconds, Stopping threads took: 0.0000090 seconds
2018-12-01T14:16:21.798-0800: 3001.730: Total time for which application threads were stopped: 0.0000418 seconds, Stopping threads took: 0.0000072 seconds
2018-12-01T14:16:21.800-0800: 3001.732: Total time for which application threads were stopped: 0.0001300 seconds, Stopping threads took: 0.0000577 seconds
2018-12-01T14:16:21.902-0800: 3001.834: Total time for which application threads were stopped: 0.0001406 seconds, Stopping threads took: 0.0000352 seconds
2018-12-01T14:16:26.796-0800: 3006.728: Total time for which application threads were stopped: 0.0001522 seconds, Stopping threads took: 0.0000339 seconds
2018-12-01T14:16:26.796-0800: 3006.728: Total time for which application threads were stopped: 0.0001031 seconds, Stopping threads took: 0.0000208 seconds
2018-12-01T14:16:27.398-0800: 3007.330: Total time for which application threads were stopped: 0.0001372 seconds, Stopping threads took: 0.0000337 seconds
2018-12-01T14:16:28.708-0800: 3008.639: Total time for which application threads were stopped: 0.0001198 seconds, Stopping threads took: 0.0000298 seconds
2018-12-01T14:16:32.396-0800: 3012.327: Total time for which application threads were stopped: 0.0002017 seconds, Stopping threads took: 0.0000380 seconds
2018-12-01T14:16:38.896-0800: 3018.827: Total time for which application threads were stopped: 0.0001662 seconds, Stopping threads took: 0.0000315 seconds
2018-12-01T14:16:42.843-0800: 3022.774: Total time for which application threads were stopped: 0.0001200 seconds, Stopping threads took: 0.0000307 seconds
2018-12-01T14:16:48.337-0800: 3028.268: Total time for which application threads were stopped: 0.0000767 seconds, Stopping threads took: 0.0000198 seconds
2018-12-01T14:16:49.938-0800: 3029.869: Total time for which application threads were stopped: 0.0001127 seconds, Stopping threads took: 0.0000277 seconds
2018-12-01T14:16:53.864-0800: 3033.795: Total time for which application threads were stopped: 0.0000789 seconds, Stopping threads took: 0.0000202 seconds
2018-12-01T14:16:55.738-0800: 3035.669: Total time for which application threads were stopped: 0.0001712 seconds, Stopping threads took: 0.0000420 seconds
2018-12-01T14:16:58.338-0800: 3038.269: Total time for which application threads were stopped: 0.0003730 seconds, Stopping threads took: 0.0000296 seconds
2018-12-01T14:16:59.402-0800: 3039.333: Total time for which application threads were stopped: 0.0001753 seconds, Stopping threads took: 0.0000338 seconds
2018-12-01T14:17:00.640-0800: 3040.571: Total time for which application threads were stopped: 0.0001372 seconds, Stopping threads took: 0.0000333 seconds
2018-12-01T14:17:03.340-0800: 3043.270: Total time for which application threads were stopped: 0.0001347 seconds, Stopping threads took: 0.0000329 seconds
2018-12-01T14:17:08.671-0800: 3048.602: Total time for which application threads were stopped: 0.0001380 seconds, Stopping threads took: 0.0000335 seconds
2018-12-01T14:17:13.671-0800: 3053.601: Total time for which application threads were stopped: 0.0001404 seconds, Stopping threads took: 0.0000352 seconds
2018-12-01T14:17:19.169-0800: 3059.100: Total time for which application threads were stopped: 0.0001811 seconds, Stopping threads took: 0.0000243 seconds
2018-12-01T14:17:21.771-0800: 3061.701: Total time for which application threads were stopped: 0.0001363 seconds, Stopping threads took: 0.0000720 seconds
2018-12-01T14:17:21.779-0800: 3061.709: Total time for which application threads were stopped: 0.0000835 seconds, Stopping threads took: 0.0000183 seconds
2018-12-01T14:17:21.780-0800: 3061.710: Total time for which application threads were stopped: 0.0000689 seconds, Stopping threads took: 0.0000155 seconds
2018-12-01T14:17:21.780-0800: 3061.710: Total time for which application threads were stopped: 0.0000513 seconds, Stopping threads took: 0.0000093 seconds
2018-12-01T14:17:21.782-0800: 3061.712: Total time for which application threads were stopped: 0.0001759 seconds, Stopping threads took: 0.0000824 seconds
2018-12-01T14:17:24.172-0800: 3064.102: Total time for which application threads were stopped: 0.0001507 seconds, Stopping threads took: 0.0000294 seconds
2018-12-01T14:17:26.775-0800: 3066.705: Total time for which application threads were stopped: 0.0000968 seconds, Stopping threads took: 0.0000224 seconds
2018-12-01T14:17:26.776-0800: 3066.705: Total time for which application threads were stopped: 0.0000483 seconds, Stopping threads took: 0.0000081 seconds
2018-12-01T14:17:29.647-0800: 3069.576: Total time for which application threads were stopped: 0.0000803 seconds, Stopping threads took: 0.0000205 seconds
2018-12-01T14:17:34.646-0800: 3074.576: Total time for which application threads were stopped: 0.0001202 seconds, Stopping threads took: 0.0000308 seconds
2018-12-01T14:17:39.823-0800: 3079.753: Total time for which application threads were stopped: 0.0001254 seconds, Stopping threads took: 0.0000279 seconds
2018-12-01T14:17:43.383-0800: 3083.312: Total time for which application threads were stopped: 0.0002368 seconds, Stopping threads took: 0.0000375 seconds
2018-12-01T14:17:44.649-0800: 3084.578: Total time for which application threads were stopped: 0.0000796 seconds, Stopping threads took: 0.0000208 seconds
2018-12-01T14:17:48.255-0800: 3088.184: Total time for which application threads were stopped: 0.0001205 seconds, Stopping threads took: 0.0000305 seconds
2018-12-01T14:17:49.977-0800: 3089.906: Total time for which application threads were stopped: 0.0001447 seconds, Stopping threads took: 0.0000374 seconds
2018-12-01T14:17:51.458-0800: 3091.387: Total time for which application threads were stopped: 0.0001614 seconds, Stopping threads took: 0.0000627 seconds
2018-12-01T14:17:54.647-0800: 3094.576: Total time for which application threads were stopped: 0.0000939 seconds, Stopping threads took: 0.0000264 seconds
2018-12-01T14:17:56.481-0800: 3096.410: Total time for which application threads were stopped: 0.0001184 seconds, Stopping threads took: 0.0000292 seconds
2018-12-01T14:17:57.714-0800: 3097.643: Total time for which application threads were stopped: 0.0001163 seconds, Stopping threads took: 0.0000297 seconds
2018-12-01T14:17:59.950-0800: 3099.879: Total time for which application threads were stopped: 0.0001175 seconds, Stopping threads took: 0.0000291 seconds
2018-12-01T14:18:02.107-0800: 3102.035: Total time for which application threads were stopped: 0.0001255 seconds, Stopping threads took: 0.0000323 seconds
2018-12-01T14:18:04.650-0800: 3104.579: Total time for which application threads were stopped: 0.0001184 seconds, Stopping threads took: 0.0000298 seconds
2018-12-01T14:18:10.142-0800: 3110.070: Total time for which application threads were stopped: 0.0001185 seconds, Stopping threads took: 0.0000305 seconds
2018-12-01T14:18:15.143-0800: 3115.071: Total time for which application threads were stopped: 0.0000837 seconds, Stopping threads took: 0.0000209 seconds
2018-12-01T14:18:20.634-0800: 3120.562: Total time for which application threads were stopped: 0.0001163 seconds, Stopping threads took: 0.0000300 seconds
2018-12-01T14:18:21.775-0800: 3121.703: Total time for which application threads were stopped: 0.0001569 seconds, Stopping threads took: 0.0000726 seconds
2018-12-01T14:18:21.781-0800: 3121.709: Total time for which application threads were stopped: 0.0000771 seconds, Stopping threads took: 0.0000209 seconds
2018-12-01T14:18:21.781-0800: 3121.709: Total time for which application threads were stopped: 0.0000635 seconds, Stopping threads took: 0.0000126 seconds
2018-12-01T14:18:21.781-0800: 3121.709: Total time for which application threads were stopped: 0.0000474 seconds, Stopping threads took: 0.0000087 seconds
2018-12-01T14:18:21.784-0800: 3121.712: Total time for which application threads were stopped: 0.0001625 seconds, Stopping threads took: 0.0000177 seconds
2018-12-01T14:18:25.635-0800: 3125.563: Total time for which application threads were stopped: 0.0001626 seconds, Stopping threads took: 0.0000366 seconds
2018-12-01T14:18:26.779-0800: 3126.707: Total time for which application threads were stopped: 0.0001628 seconds, Stopping threads took: 0.0000351 seconds
2018-12-01T14:18:31.106-0800: 3131.034: Total time for which application threads were stopped: 0.0002066 seconds, Stopping threads took: 0.0000869 seconds
2018-12-01T14:18:36.107-0800: 3136.035: Total time for which application threads were stopped: 0.0001373 seconds, Stopping threads took: 0.0000326 seconds
2018-12-01T14:18:41.547-0800: 3141.475: Total time for which application threads were stopped: 0.0001431 seconds, Stopping threads took: 0.0000354 seconds
2018-12-01T14:18:46.544-0800: 3146.472: Total time for which application threads were stopped: 0.0001360 seconds, Stopping threads took: 0.0000353 seconds
2018-12-01T14:18:49.550-0800: 3149.478: Total time for which application threads were stopped: 0.0001630 seconds, Stopping threads took: 0.0000436 seconds
2018-12-01T14:18:52.020-0800: 3151.947: Total time for which application threads were stopped: 0.0001403 seconds, Stopping threads took: 0.0000335 seconds
2018-12-01T14:18:57.023-0800: 3156.951: Total time for which application threads were stopped: 0.0001432 seconds, Stopping threads took: 0.0000367 seconds
2018-12-01T14:19:02.492-0800: 3162.419: Total time for which application threads were stopped: 0.0001427 seconds, Stopping threads took: 0.0000341 seconds
2018-12-01T14:19:07.493-0800: 3167.420: Total time for which application threads were stopped: 0.0001371 seconds, Stopping threads took: 0.0000333 seconds
2018-12-01T14:19:12.973-0800: 3172.899: Total time for which application threads were stopped: 0.0001382 seconds, Stopping threads took: 0.0000330 seconds
2018-12-01T14:19:17.971-0800: 3177.897: Total time for which application threads were stopped: 0.0001385 seconds, Stopping threads took: 0.0000326 seconds
2018-12-01T14:19:21.778-0800: 3181.704: Total time for which application threads were stopped: 0.0001344 seconds, Stopping threads took: 0.0000693 seconds
2018-12-01T14:19:21.786-0800: 3181.712: Total time for which application threads were stopped: 0.0000779 seconds, Stopping threads took: 0.0000176 seconds
2018-12-01T14:19:21.786-0800: 3181.712: Total time for which application threads were stopped: 0.0000485 seconds, Stopping threads took: 0.0000087 seconds
2018-12-01T14:19:21.786-0800: 3181.713: Total time for which application threads were stopped: 0.0000377 seconds, Stopping threads took: 0.0000070 seconds
2018-12-01T14:19:21.788-0800: 3181.714: Total time for which application threads were stopped: 0.0000873 seconds, Stopping threads took: 0.0000198 seconds
2018-12-01T14:19:23.411-0800: 3183.338: Total time for which application threads were stopped: 0.0001398 seconds, Stopping threads took: 0.0000339 seconds
2018-12-01T14:19:26.784-0800: 3186.711: Total time for which application threads were stopped: 0.0001491 seconds, Stopping threads took: 0.0000359 seconds
2018-12-01T14:19:26.785-0800: 3186.711: Total time for which application threads were stopped: 0.0001023 seconds, Stopping threads took: 0.0000212 seconds
2018-12-01T14:19:28.415-0800: 3188.341: Total time for which application threads were stopped: 0.0001395 seconds, Stopping threads took: 0.0000392 seconds
2018-12-01T14:19:33.691-0800: 3193.617: Total time for which application threads were stopped: 0.0001434 seconds, Stopping threads took: 0.0000338 seconds
2018-12-01T14:19:38.686-0800: 3198.612: Total time for which application threads were stopped: 0.0001218 seconds, Stopping threads took: 0.0000318 seconds
2018-12-01T14:19:41.738-0800: 3201.664: Total time for which application threads were stopped: 0.0001163 seconds, Stopping threads took: 0.0000296 seconds
2018-12-01T14:19:43.690-0800: 3203.616: Total time for which application threads were stopped: 0.0001206 seconds, Stopping threads took: 0.0000310 seconds
2018-12-01T14:19:46.363-0800: 3206.289: Total time for which application threads were stopped: 0.0001738 seconds, Stopping threads took: 0.0000329 seconds
2018-12-01T14:19:48.690-0800: 3208.616: Total time for which application threads were stopped: 0.0001561 seconds, Stopping threads took: 0.0000357 seconds
2018-12-01T14:19:50.453-0800: 3210.379: Total time for which application threads were stopped: 0.0002300 seconds, Stopping threads took: 0.0000306 seconds
2018-12-01T14:19:52.465-0800: 3212.390: Total time for which application threads were stopped: 0.0000802 seconds, Stopping threads took: 0.0000221 seconds
2018-12-01T14:19:53.690-0800: 3213.615: Total time for which application threads were stopped: 0.0001771 seconds, Stopping threads took: 0.0000362 seconds
2018-12-01T14:19:58.693-0800: 3218.618: Total time for which application threads were stopped: 0.0003050 seconds, Stopping threads took: 0.0000342 seconds
2018-12-01T14:20:03.689-0800: 3223.614: Total time for which application threads were stopped: 0.0001390 seconds, Stopping threads took: 0.0000349 seconds
2018-12-01T14:20:05.289-0800: 3225.214: Total time for which application threads were stopped: 0.0002089 seconds, Stopping threads took: 0.0000743 seconds
2018-12-01T14:20:08.688-0800: 3228.613: Total time for which application threads were stopped: 0.0001860 seconds, Stopping threads took: 0.0000379 seconds
2018-12-01T14:20:11.547-0800: 3231.472: Total time for which application threads were stopped: 0.0001574 seconds, Stopping threads took: 0.0000356 seconds
2018-12-01T14:20:13.839-0800: 3233.763: Total time for which application threads were stopped: 0.0001183 seconds, Stopping threads took: 0.0000320 seconds
2018-12-01T14:20:18.689-0800: 3238.614: Total time for which application threads were stopped: 0.0001220 seconds, Stopping threads took: 0.0000326 seconds
2018-12-01T14:20:21.775-0800: 3241.699: Total time for which application threads were stopped: 0.0001497 seconds, Stopping threads took: 0.0000807 seconds
2018-12-01T14:20:21.781-0800: 3241.706: Total time for which application threads were stopped: 0.0000951 seconds, Stopping threads took: 0.0000220 seconds
2018-12-01T14:20:21.782-0800: 3241.706: Total time for which application threads were stopped: 0.0000535 seconds, Stopping threads took: 0.0000104 seconds
2018-12-01T14:20:21.782-0800: 3241.706: Total time for which application threads were stopped: 0.0000390 seconds, Stopping threads took: 0.0000078 seconds
2018-12-01T14:20:21.785-0800: 3241.709: Total time for which application threads were stopped: 0.0001024 seconds, Stopping threads took: 0.0000247 seconds
2018-12-01T14:20:24.032-0800: 3243.956: Total time for which application threads were stopped: 0.0001725 seconds, Stopping threads took: 0.0000426 seconds
2018-12-01T14:20:26.781-0800: 3246.706: Total time for which application threads were stopped: 0.0001613 seconds, Stopping threads took: 0.0000355 seconds
2018-12-01T14:20:26.782-0800: 3246.706: Total time for which application threads were stopped: 0.0000922 seconds, Stopping threads took: 0.0000172 seconds
2018-12-01T14:20:29.032-0800: 3248.957: Total time for which application threads were stopped: 0.0001378 seconds, Stopping threads took: 0.0000341 seconds
2018-12-01T14:20:34.085-0800: 3254.010: Total time for which application threads were stopped: 0.0001340 seconds, Stopping threads took: 0.0000317 seconds
2018-12-01T14:20:39.560-0800: 3259.484: Total time for which application threads were stopped: 0.0001430 seconds, Stopping threads took: 0.0000350 seconds
2018-12-01T14:20:44.562-0800: 3264.486: Total time for which application threads were stopped: 0.0001440 seconds, Stopping threads took: 0.0000348 seconds
2018-12-01T14:20:50.024-0800: 3269.947: Total time for which application threads were stopped: 0.0001379 seconds, Stopping threads took: 0.0000337 seconds
2018-12-01T14:20:55.027-0800: 3274.950: Total time for which application threads were stopped: 0.0001385 seconds, Stopping threads took: 0.0000348 seconds
2018-12-01T14:21:00.426-0800: 3280.349: Total time for which application threads were stopped: 0.0001359 seconds, Stopping threads took: 0.0000322 seconds
2018-12-01T14:21:05.423-0800: 3285.346: Total time for which application threads were stopped: 0.0001472 seconds, Stopping threads took: 0.0000378 seconds
2018-12-01T14:21:10.853-0800: 3290.776: Total time for which application threads were stopped: 0.0001383 seconds, Stopping threads took: 0.0000343 seconds
2018-12-01T14:21:15.853-0800: 3295.776: Total time for which application threads were stopped: 0.0001405 seconds, Stopping threads took: 0.0000343 seconds
2018-12-01T14:21:20.854-0800: 3300.777: Total time for which application threads were stopped: 0.0001364 seconds, Stopping threads took: 0.0000335 seconds
2018-12-01T14:21:21.778-0800: 3301.701: Total time for which application threads were stopped: 0.0001019 seconds, Stopping threads took: 0.0000385 seconds
2018-12-01T14:21:21.784-0800: 3301.707: Total time for which application threads were stopped: 0.0001285 seconds, Stopping threads took: 0.0000617 seconds
2018-12-01T14:21:21.785-0800: 3301.708: Total time for which application threads were stopped: 0.0001008 seconds, Stopping threads took: 0.0000162 seconds
2018-12-01T14:21:21.785-0800: 3301.708: Total time for which application threads were stopped: 0.0000921 seconds, Stopping threads took: 0.0000156 seconds
2018-12-01T14:21:21.788-0800: 3301.711: Total time for which application threads were stopped: 0.0001208 seconds, Stopping threads took: 0.0000250 seconds
2018-12-01T14:21:24.796-0800: 3304.718: Total time for which application threads were stopped: 0.0002274 seconds, Stopping threads took: 0.0000555 seconds
2018-12-01T14:21:26.132-0800: 3306.055: Total time for which application threads were stopped: 0.0001392 seconds, Stopping threads took: 0.0000343 seconds
2018-12-01T14:21:26.782-0800: 3306.705: Total time for which application threads were stopped: 0.0001538 seconds, Stopping threads took: 0.0000368 seconds
2018-12-01T14:21:26.782-0800: 3306.705: Total time for which application threads were stopped: 0.0000850 seconds, Stopping threads took: 0.0000161 seconds
2018-12-01T14:21:31.133-0800: 3311.055: Total time for which application threads were stopped: 0.0001337 seconds, Stopping threads took: 0.0000327 seconds
2018-12-01T14:21:36.413-0800: 3316.335: Total time for which application threads were stopped: 0.0001353 seconds, Stopping threads took: 0.0000325 seconds
2018-12-01T14:21:41.417-0800: 3321.339: Total time for which application threads were stopped: 0.0001349 seconds, Stopping threads took: 0.0000333 seconds
2018-12-01T14:21:46.498-0800: 3326.420: Total time for which application threads were stopped: 0.0002940 seconds, Stopping threads took: 0.0000340 seconds
2018-12-01T14:21:51.499-0800: 3331.421: Total time for which application threads were stopped: 0.0001376 seconds, Stopping threads took: 0.0000329 seconds
2018-12-01T14:21:56.664-0800: 3336.586: Total time for which application threads were stopped: 0.0001438 seconds, Stopping threads took: 0.0000351 seconds
2018-12-01T14:22:01.668-0800: 3341.590: Total time for which application threads were stopped: 0.0001356 seconds, Stopping threads took: 0.0000300 seconds
2018-12-01T14:22:06.825-0800: 3346.747: Total time for which application threads were stopped: 0.0001342 seconds, Stopping threads took: 0.0000323 seconds
2018-12-01T14:22:11.826-0800: 3351.748: Total time for which application threads were stopped: 0.0001386 seconds, Stopping threads took: 0.0000335 seconds
2018-12-01T14:22:17.003-0800: 3356.924: Total time for which application threads were stopped: 0.0001443 seconds, Stopping threads took: 0.0000360 seconds
2018-12-01T14:22:21.778-0800: 3361.699: Total time for which application threads were stopped: 0.0001666 seconds, Stopping threads took: 0.0000685 seconds
2018-12-01T14:22:21.784-0800: 3361.705: Total time for which application threads were stopped: 0.0000883 seconds, Stopping threads took: 0.0000197 seconds
2018-12-01T14:22:21.784-0800: 3361.705: Total time for which application threads were stopped: 0.0000488 seconds, Stopping threads took: 0.0000087 seconds
2018-12-01T14:22:21.784-0800: 3361.705: Total time for which application threads were stopped: 0.0000386 seconds, Stopping threads took: 0.0000070 seconds
2018-12-01T14:22:21.786-0800: 3361.707: Total time for which application threads were stopped: 0.0000888 seconds, Stopping threads took: 0.0000200 seconds
2018-12-01T14:22:22.478-0800: 3362.399: Total time for which application threads were stopped: 0.0001411 seconds, Stopping threads took: 0.0000329 seconds
2018-12-01T14:22:26.782-0800: 3366.703: Total time for which application threads were stopped: 0.0001668 seconds, Stopping threads took: 0.0000345 seconds
2018-12-01T14:22:26.782-0800: 3366.703: Total time for which application threads were stopped: 0.0001049 seconds, Stopping threads took: 0.0000219 seconds
2018-12-01T14:22:27.475-0800: 3367.396: Total time for which application threads were stopped: 0.0001400 seconds, Stopping threads took: 0.0000349 seconds
2018-12-01T14:22:33.382-0800: 3373.303: Total time for which application threads were stopped: 0.0001406 seconds, Stopping threads took: 0.0000368 seconds
2018-12-01T14:22:37.915-0800: 3377.836: Total time for which application threads were stopped: 0.0001391 seconds, Stopping threads took: 0.0000342 seconds
2018-12-01T14:22:43.299-0800: 3383.220: Total time for which application threads were stopped: 0.0001382 seconds, Stopping threads took: 0.0000344 seconds
2018-12-01T14:22:48.300-0800: 3388.220: Total time for which application threads were stopped: 0.0001336 seconds, Stopping threads took: 0.0000315 seconds
2018-12-01T14:22:53.655-0800: 3393.575: Total time for which application threads were stopped: 0.0001355 seconds, Stopping threads took: 0.0000341 seconds
2018-12-01T14:22:58.656-0800: 3398.576: Total time for which application threads were stopped: 0.0001403 seconds, Stopping threads took: 0.0000349 seconds
2018-12-01T14:23:04.096-0800: 3404.016: Total time for which application threads were stopped: 0.0001389 seconds, Stopping threads took: 0.0000347 seconds
2018-12-01T14:23:09.103-0800: 3409.022: Total time for which application threads were stopped: 0.0001406 seconds, Stopping threads took: 0.0000353 seconds
2018-12-01T14:23:14.546-0800: 3414.463: Total time for which application threads were stopped: 0.0001547 seconds, Stopping threads took: 0.0000431 seconds
2018-12-01T14:23:20.044-0800: 3419.961: Total time for which application threads were stopped: 0.0001348 seconds, Stopping threads took: 0.0000321 seconds
2018-12-01T14:23:21.776-0800: 3421.693: Total time for which application threads were stopped: 0.0002664 seconds, Stopping threads took: 0.0000250 seconds
2018-12-01T14:23:21.782-0800: 3421.698: Total time for which application threads were stopped: 0.0015376 seconds, Stopping threads took: 0.0002991 seconds
2018-12-01T14:23:21.804-0800: 3421.721: Total time for which application threads were stopped: 0.0000861 seconds, Stopping threads took: 0.0000225 seconds
2018-12-01T14:23:21.805-0800: 3421.722: Total time for which application threads were stopped: 0.0000815 seconds, Stopping threads took: 0.0000195 seconds
2018-12-01T14:23:21.805-0800: 3421.722: Total time for which application threads were stopped: 0.0001055 seconds, Stopping threads took: 0.0000504 seconds
2018-12-01T14:23:21.818-0800: 3421.734: Total time for which application threads were stopped: 0.0004337 seconds, Stopping threads took: 0.0003432 seconds
2018-12-01T14:25:12.518-0800: 3424.914: Total time for which application threads were stopped: 0.0001738 seconds, Stopping threads took: 0.0000489 seconds
2018-12-01T14:25:13.194-0800: 3425.590: Total time for which application threads were stopped: 0.0000795 seconds, Stopping threads took: 0.0000219 seconds
2018-12-01T14:25:14.310-0800: 3426.706: Total time for which application threads were stopped: 0.0001144 seconds, Stopping threads took: 0.0000239 seconds
2018-12-01T14:25:14.310-0800: 3426.706: Total time for which application threads were stopped: 0.0000475 seconds, Stopping threads took: 0.0000085 seconds
2018-12-01T14:25:17.568-0800: 3429.964: Total time for which application threads were stopped: 0.0004257 seconds, Stopping threads took: 0.0000727 seconds
2018-12-01T14:25:19.229-0800: 3431.797: Total time for which application threads were stopped: 0.0001453 seconds, Stopping threads took: 0.0000361 seconds
2018-12-01T14:25:22.393-0800: 3434.962: Total time for which application threads were stopped: 0.0001417 seconds, Stopping threads took: 0.0000349 seconds
2018-12-01T14:25:24.008-0800: 3436.576: Total time for which application threads were stopped: 0.0001394 seconds, Stopping threads took: 0.0000356 seconds
2018-12-01T14:25:27.842-0800: 3440.410: Total time for which application threads were stopped: 0.0001274 seconds, Stopping threads took: 0.0000343 seconds
2018-12-01T14:25:30.230-0800: 3442.799: Total time for which application threads were stopped: 0.0001388 seconds, Stopping threads took: 0.0000354 seconds
2018-12-01T14:25:32.843-0800: 3445.411: Total time for which application threads were stopped: 0.0001319 seconds, Stopping threads took: 0.0000318 seconds
2018-12-01T14:25:34.944-0800: 3447.512: Total time for which application threads were stopped: 0.0001775 seconds, Stopping threads took: 0.0000230 seconds
2018-12-01T14:25:36.489-0800: 3449.057: Total time for which application threads were stopped: 0.0001199 seconds, Stopping threads took: 0.0000328 seconds
2018-12-01T14:25:37.844-0800: 3450.412: Total time for which application threads were stopped: 0.0001376 seconds, Stopping threads took: 0.0000343 seconds
2018-12-01T14:25:43.275-0800: 3455.843: Total time for which application threads were stopped: 0.0001294 seconds, Stopping threads took: 0.0000342 seconds
2018-12-01T14:25:45.317-0800: 3457.885: Total time for which application threads were stopped: 0.0001824 seconds, Stopping threads took: 0.0000461 seconds
2018-12-01T14:25:49.044-0800: 3461.612: Total time for which application threads were stopped: 0.0001222 seconds, Stopping threads took: 0.0000233 seconds
2018-12-01T14:25:51.184-0800: 3463.752: Total time for which application threads were stopped: 0.0001198 seconds, Stopping threads took: 0.0000311 seconds
2018-12-01T14:25:53.279-0800: 3465.847: Total time for which application threads were stopped: 0.0002298 seconds, Stopping threads took: 0.0000389 seconds
2018-12-01T14:25:55.361-0800: 3467.928: Total time for which application threads were stopped: 0.0001991 seconds, Stopping threads took: 0.0000357 seconds
2018-12-01T14:25:58.275-0800: 3470.842: Total time for which application threads were stopped: 0.0000841 seconds, Stopping threads took: 0.0000250 seconds
2018-12-01T14:26:03.275-0800: 3475.842: Total time for which application threads were stopped: 0.0001699 seconds, Stopping threads took: 0.0000412 seconds
2018-12-01T14:26:08.770-0800: 3481.337: Total time for which application threads were stopped: 0.0000804 seconds, Stopping threads took: 0.0000202 seconds
2018-12-01T14:26:09.149-0800: 3481.716: Total time for which application threads were stopped: 0.0001636 seconds, Stopping threads took: 0.0000462 seconds
2018-12-01T14:26:09.154-0800: 3481.721: Total time for which application threads were stopped: 0.0001597 seconds, Stopping threads took: 0.0000808 seconds
2018-12-01T14:26:09.170-0800: 3481.737: Total time for which application threads were stopped: 0.0000824 seconds, Stopping threads took: 0.0000187 seconds
2018-12-01T14:26:09.171-0800: 3481.738: Total time for which application threads were stopped: 0.0000860 seconds, Stopping threads took: 0.0000162 seconds
2018-12-01T14:26:09.171-0800: 3481.738: Total time for which application threads were stopped: 0.0000522 seconds, Stopping threads took: 0.0000097 seconds
2018-12-01T14:26:09.178-0800: 3481.745: Total time for which application threads were stopped: 0.0000894 seconds, Stopping threads took: 0.0000204 seconds
2018-12-01T14:26:12.190-0800: 3484.757: Total time for which application threads were stopped: 0.0001546 seconds, Stopping threads took: 0.0000376 seconds
2018-12-01T14:26:14.154-0800: 3486.720: Total time for which application threads were stopped: 0.0000984 seconds, Stopping threads took: 0.0000221 seconds
2018-12-01T14:26:14.154-0800: 3486.721: Total time for which application threads were stopped: 0.0000747 seconds, Stopping threads took: 0.0000165 seconds
2018-12-01T14:26:14.270-0800: 3486.836: Total time for which application threads were stopped: 0.0000973 seconds, Stopping threads took: 0.0000265 seconds
2018-12-01T14:26:19.270-0800: 3491.837: Total time for which application threads were stopped: 0.0001393 seconds, Stopping threads took: 0.0000358 seconds
2018-12-01T14:26:21.784-0800: 3494.351: Total time for which application threads were stopped: 0.0002238 seconds, Stopping threads took: 0.0000173 seconds
2018-12-01T14:26:21.785-0800: 3494.351: Total time for which application threads were stopped: 0.0000537 seconds, Stopping threads took: 0.0000090 seconds
2018-12-01T14:26:21.785-0800: 3494.351: Total time for which application threads were stopped: 0.0000379 seconds, Stopping threads took: 0.0000070 seconds
2018-12-01T14:26:21.788-0800: 3494.354: Total time for which application threads were stopped: 0.0001438 seconds, Stopping threads took: 0.0000658 seconds
2018-12-01T14:26:24.660-0800: 3497.227: Total time for which application threads were stopped: 0.0001387 seconds, Stopping threads took: 0.0000335 seconds
2018-12-01T14:26:26.778-0800: 3499.344: Total time for which application threads were stopped: 0.0001434 seconds, Stopping threads took: 0.0000323 seconds
2018-12-01T14:26:26.778-0800: 3499.345: Total time for which application threads were stopped: 0.0000860 seconds, Stopping threads took: 0.0000153 seconds
2018-12-01T14:26:29.656-0800: 3502.222: Total time for which application threads were stopped: 0.0001262 seconds, Stopping threads took: 0.0000272 seconds
2018-12-01T14:26:35.156-0800: 3507.723: Total time for which application threads were stopped: 0.0001309 seconds, Stopping threads took: 0.0000369 seconds
2018-12-01T14:26:37.349-0800: 3509.915: Total time for which application threads were stopped: 0.0003284 seconds, Stopping threads took: 0.0001058 seconds
2018-12-01T14:26:40.155-0800: 3512.721: Total time for which application threads were stopped: 0.0003640 seconds, Stopping threads took: 0.0000365 seconds
2018-12-01T14:26:43.309-0800: 3515.875: Total time for which application threads were stopped: 0.0001112 seconds, Stopping threads took: 0.0000268 seconds
2018-12-01T14:26:45.851-0800: 3518.417: Total time for which application threads were stopped: 0.0001233 seconds, Stopping threads took: 0.0000312 seconds
2018-12-01T14:26:50.807-0800: 3523.373: Total time for which application threads were stopped: 0.0001395 seconds, Stopping threads took: 0.0000353 seconds
2018-12-01T14:26:53.242-0800: 3525.808: Total time for which application threads were stopped: 0.0001422 seconds, Stopping threads took: 0.0000364 seconds
2018-12-01T14:26:56.350-0800: 3528.915: Total time for which application threads were stopped: 0.0000879 seconds, Stopping threads took: 0.0000247 seconds
2018-12-01T14:26:59.088-0800: 3531.653: Total time for which application threads were stopped: 0.0001579 seconds, Stopping threads took: 0.0000432 seconds
2018-12-01T14:27:00.158-0800: 3532.724: Total time for which application threads were stopped: 0.0001967 seconds, Stopping threads took: 0.0000552 seconds
2018-12-01T14:27:05.650-0800: 3538.215: Total time for which application threads were stopped: 0.0001265 seconds, Stopping threads took: 0.0000303 seconds
2018-12-01T14:27:10.647-0800: 3543.212: Total time for which application threads were stopped: 0.0002891 seconds, Stopping threads took: 0.0000836 seconds
2018-12-01T14:27:11.649-0800: 3544.215: Total time for which application threads were stopped: 0.0002475 seconds, Stopping threads took: 0.0000956 seconds
2018-12-01T14:27:13.732-0800: 3546.297: Total time for which application threads were stopped: 0.0001369 seconds, Stopping threads took: 0.0000329 seconds
2018-12-01T14:27:15.648-0800: 3548.213: Total time for which application threads were stopped: 0.0001447 seconds, Stopping threads took: 0.0000412 seconds
2018-12-01T14:27:21.112-0800: 3553.677: Total time for which application threads were stopped: 0.0001220 seconds, Stopping threads took: 0.0000304 seconds
2018-12-01T14:27:21.775-0800: 3554.340: Total time for which application threads were stopped: 0.0001606 seconds, Stopping threads took: 0.0000871 seconds
2018-12-01T14:27:21.781-0800: 3554.346: Total time for which application threads were stopped: 0.0004827 seconds, Stopping threads took: 0.0000797 seconds
2018-12-01T14:27:21.782-0800: 3554.346: Total time for which application threads were stopped: 0.0002171 seconds, Stopping threads took: 0.0000315 seconds
2018-12-01T14:27:21.785-0800: 3554.350: Total time for which application threads were stopped: 0.0002091 seconds, Stopping threads took: 0.0000234 seconds
2018-12-01T14:27:21.788-0800: 3554.353: Total time for which application threads were stopped: 0.0000874 seconds, Stopping threads took: 0.0000242 seconds
2018-12-01T14:27:21.788-0800: 3554.353: Total time for which application threads were stopped: 0.0000809 seconds, Stopping threads took: 0.0000178 seconds
2018-12-01T14:27:21.788-0800: 3554.353: Total time for which application threads were stopped: 0.0000850 seconds, Stopping threads took: 0.0000447 seconds
2018-12-01T14:27:21.792-0800: 3554.357: Total time for which application threads were stopped: 0.0000953 seconds, Stopping threads took: 0.0000202 seconds
2018-12-01T14:27:22.792-0800: 3555.357: Total time for which application threads were stopped: 0.0001158 seconds, Stopping threads took: 0.0000264 seconds
2018-12-01T14:27:26.114-0800: 3558.678: Total time for which application threads were stopped: 0.0001570 seconds, Stopping threads took: 0.0000361 seconds
2018-12-01T14:27:26.780-0800: 3559.345: Total time for which application threads were stopped: 0.0001847 seconds, Stopping threads took: 0.0000221 seconds
2018-12-01T14:27:26.781-0800: 3559.345: Total time for which application threads were stopped: 0.0000439 seconds, Stopping threads took: 0.0000079 seconds
2018-12-01T14:27:31.528-0800: 3564.092: Total time for which application threads were stopped: 0.0001378 seconds, Stopping threads took: 0.0000342 seconds
2018-12-01T14:27:36.530-0800: 3569.094: Total time for which application threads were stopped: 0.0002621 seconds, Stopping threads took: 0.0000688 seconds
2018-12-01T14:27:41.938-0800: 3574.502: Total time for which application threads were stopped: 0.0001427 seconds, Stopping threads took: 0.0000369 seconds
2018-12-01T14:27:46.938-0800: 3579.503: Total time for which application threads were stopped: 0.0001165 seconds, Stopping threads took: 0.0000287 seconds
2018-12-01T14:27:52.437-0800: 3585.001: Total time for which application threads were stopped: 0.0000826 seconds, Stopping threads took: 0.0000211 seconds
2018-12-01T14:27:57.437-0800: 3590.001: Total time for which application threads were stopped: 0.0001176 seconds, Stopping threads took: 0.0000313 seconds
2018-12-01T14:28:02.885-0800: 3595.449: Total time for which application threads were stopped: 0.0001193 seconds, Stopping threads took: 0.0000300 seconds
2018-12-01T14:28:07.886-0800: 3600.450: Total time for which application threads were stopped: 0.0001382 seconds, Stopping threads took: 0.0000330 seconds
2018-12-01T14:28:11.453-0800: 3604.017: Total time for which application threads were stopped: 0.0001622 seconds, Stopping threads took: 0.0000364 seconds
2018-12-01T14:28:12.889-0800: 3605.452: Total time for which application threads were stopped: 0.0001215 seconds, Stopping threads took: 0.0000311 seconds
2018-12-01T14:28:15.667-0800: 3608.230: Total time for which application threads were stopped: 0.0001153 seconds, Stopping threads took: 0.0000286 seconds
2018-12-01T14:28:17.887-0800: 3610.450: Total time for which application threads were stopped: 0.0002737 seconds, Stopping threads took: 0.0000322 seconds
2018-12-01T14:28:21.777-0800: 3614.340: Total time for which application threads were stopped: 0.0001701 seconds, Stopping threads took: 0.0000769 seconds
2018-12-01T14:28:21.794-0800: 3614.357: Total time for which application threads were stopped: 0.0001953 seconds, Stopping threads took: 0.0000314 seconds
2018-12-01T14:28:21.795-0800: 3614.358: Total time for which application threads were stopped: 0.0001202 seconds, Stopping threads took: 0.0000339 seconds
2018-12-01T14:28:21.795-0800: 3614.358: Total time for which application threads were stopped: 0.0001191 seconds, Stopping threads took: 0.0000311 seconds
2018-12-01T14:28:21.798-0800: 3614.361: Total time for which application threads were stopped: 0.0001164 seconds, Stopping threads took: 0.0000277 seconds
2018-12-01T14:28:23.373-0800: 3615.936: Total time for which application threads were stopped: 0.0001440 seconds, Stopping threads took: 0.0000364 seconds
2018-12-01T14:28:26.797-0800: 3619.360: Total time for which application threads were stopped: 0.0001495 seconds, Stopping threads took: 0.0000321 seconds
2018-12-01T14:28:26.797-0800: 3619.360: Total time for which application threads were stopped: 0.0001019 seconds, Stopping threads took: 0.0000210 seconds
2018-12-01T14:28:28.374-0800: 3620.937: Total time for which application threads were stopped: 0.0001387 seconds, Stopping threads took: 0.0000342 seconds
2018-12-01T14:28:33.836-0800: 3626.398: Total time for which application threads were stopped: 0.0001381 seconds, Stopping threads took: 0.0000341 seconds
2018-12-01T14:28:38.832-0800: 3631.394: Total time for which application threads were stopped: 0.0001127 seconds, Stopping threads took: 0.0000276 seconds
2018-12-01T14:28:43.921-0800: 3636.483: Total time for which application threads were stopped: 0.0002347 seconds, Stopping threads took: 0.0000331 seconds
2018-12-01T14:28:48.926-0800: 3641.489: Total time for which application threads were stopped: 0.0001375 seconds, Stopping threads took: 0.0000339 seconds
2018-12-01T14:28:54.753-0800: 3647.315: Total time for which application threads were stopped: 0.0000943 seconds, Stopping threads took: 0.0000238 seconds
2018-12-01T14:28:58.922-0800: 3651.484: Total time for which application threads were stopped: 0.0001406 seconds, Stopping threads took: 0.0000484 seconds
2018-12-01T14:29:01.526-0800: 3654.088: Total time for which application threads were stopped: 0.0000867 seconds, Stopping threads took: 0.0000239 seconds
2018-12-01T14:29:03.922-0800: 3656.484: Total time for which application threads were stopped: 0.0001972 seconds, Stopping threads took: 0.0000473 seconds
2018-12-01T14:29:07.755-0800: 3660.317: Total time for which application threads were stopped: 0.0001647 seconds, Stopping threads took: 0.0000377 seconds
2018-12-01T14:29:08.924-0800: 3661.486: Total time for which application threads were stopped: 0.0001353 seconds, Stopping threads took: 0.0000393 seconds
2018-12-01T14:29:13.929-0800: 3666.490: Total time for which application threads were stopped: 0.0001392 seconds, Stopping threads took: 0.0000336 seconds
2018-12-01T14:29:18.925-0800: 3671.486: Total time for which application threads were stopped: 0.0001197 seconds, Stopping threads took: 0.0000307 seconds
2018-12-01T14:29:21.552-0800: 3674.113: Total time for which application threads were stopped: 0.0002149 seconds, Stopping threads took: 0.0000488 seconds
2018-12-01T14:29:21.776-0800: 3674.338: Total time for which application threads were stopped: 0.0001640 seconds, Stopping threads took: 0.0000756 seconds
2018-12-01T14:29:21.795-0800: 3674.356: Total time for which application threads were stopped: 0.0001091 seconds, Stopping threads took: 0.0000235 seconds
2018-12-01T14:29:21.795-0800: 3674.356: Total time for which application threads were stopped: 0.0001086 seconds, Stopping threads took: 0.0000220 seconds
2018-12-01T14:29:21.795-0800: 3674.357: Total time for which application threads were stopped: 0.0000581 seconds, Stopping threads took: 0.0000113 seconds
2018-12-01T14:29:21.800-0800: 3674.361: Total time for which application threads were stopped: 0.0001196 seconds, Stopping threads took: 0.0000404 seconds
2018-12-01T14:29:23.929-0800: 3676.490: Total time for which application threads were stopped: 0.0003084 seconds, Stopping threads took: 0.0000639 seconds
2018-12-01T14:29:26.780-0800: 3679.342: Total time for which application threads were stopped: 0.0001586 seconds, Stopping threads took: 0.0000357 seconds
2018-12-01T14:29:26.781-0800: 3679.342: Total time for which application threads were stopped: 0.0001020 seconds, Stopping threads took: 0.0000158 seconds
2018-12-01T14:29:29.742-0800: 3682.303: Total time for which application threads were stopped: 0.0001015 seconds, Stopping threads took: 0.0000303 seconds
2018-12-01T14:29:33.931-0800: 3686.492: Total time for which application threads were stopped: 0.0001399 seconds, Stopping threads took: 0.0000344 seconds
2018-12-01T14:29:36.725-0800: 3689.286: Total time for which application threads were stopped: 0.0001474 seconds, Stopping threads took: 0.0000337 seconds
2018-12-01T14:29:38.927-0800: 3691.488: Total time for which application threads were stopped: 0.0001648 seconds, Stopping threads took: 0.0000542 seconds
2018-12-01T14:29:40.086-0800: 3692.647: Total time for which application threads were stopped: 0.0001386 seconds, Stopping threads took: 0.0000346 seconds
2018-12-01T14:29:44.280-0800: 3696.840: Total time for which application threads were stopped: 0.0002086 seconds, Stopping threads took: 0.0000237 seconds
2018-12-01T14:29:47.699-0800: 3700.260: Total time for which application threads were stopped: 0.0001520 seconds, Stopping threads took: 0.0000388 seconds
2018-12-01T14:29:48.929-0800: 3701.489: Total time for which application threads were stopped: 0.0001205 seconds, Stopping threads took: 0.0000306 seconds
2018-12-01T14:29:52.342-0800: 3704.902: Total time for which application threads were stopped: 0.0001169 seconds, Stopping threads took: 0.0000409 seconds
2018-12-01T14:29:53.932-0800: 3706.493: Total time for which application threads were stopped: 0.0002630 seconds, Stopping threads took: 0.0000339 seconds
2018-12-01T14:29:56.009-0800: 3708.569: Total time for which application threads were stopped: 0.0001351 seconds, Stopping threads took: 0.0000322 seconds
2018-12-01T14:29:58.928-0800: 3711.489: Total time for which application threads were stopped: 0.0000846 seconds, Stopping threads took: 0.0000215 seconds
2018-12-01T14:30:00.620-0800: 3713.180: Total time for which application threads were stopped: 0.0000852 seconds, Stopping threads took: 0.0000217 seconds
2018-12-01T14:30:03.932-0800: 3716.492: Total time for which application threads were stopped: 0.0001190 seconds, Stopping threads took: 0.0000310 seconds
2018-12-01T14:30:05.516-0800: 3718.076: Total time for which application threads were stopped: 0.0001397 seconds, Stopping threads took: 0.0000330 seconds
2018-12-01T14:30:08.933-0800: 3721.493: Total time for which application threads were stopped: 0.0001763 seconds, Stopping threads took: 0.0000387 seconds
2018-12-01T14:30:11.945-0800: 3724.505: Total time for which application threads were stopped: 0.0001766 seconds, Stopping threads took: 0.0000467 seconds
2018-12-01T14:30:14.310-0800: 3726.870: Total time for which application threads were stopped: 0.0001345 seconds, Stopping threads took: 0.0000320 seconds
2018-12-01T14:30:19.306-0800: 3731.866: Total time for which application threads were stopped: 0.0001377 seconds, Stopping threads took: 0.0000342 seconds
2018-12-01T14:30:21.777-0800: 3734.336: Total time for which application threads were stopped: 0.0001469 seconds, Stopping threads took: 0.0000694 seconds
2018-12-01T14:30:21.786-0800: 3734.345: Total time for which application threads were stopped: 0.0001063 seconds, Stopping threads took: 0.0000398 seconds
2018-12-01T14:30:21.786-0800: 3734.346: Total time for which application threads were stopped: 0.0001027 seconds, Stopping threads took: 0.0000276 seconds
2018-12-01T14:30:21.786-0800: 3734.346: Total time for which application threads were stopped: 0.0000758 seconds, Stopping threads took: 0.0000237 seconds
2018-12-01T14:30:21.789-0800: 3734.348: Total time for which application threads were stopped: 0.0000936 seconds, Stopping threads took: 0.0000196 seconds
2018-12-01T14:30:24.791-0800: 3737.351: Total time for which application threads were stopped: 0.0001262 seconds, Stopping threads took: 0.0000335 seconds
2018-12-01T14:30:26.781-0800: 3739.340: Total time for which application threads were stopped: 0.0001225 seconds, Stopping threads took: 0.0000266 seconds
2018-12-01T14:30:26.781-0800: 3739.340: Total time for which application threads were stopped: 0.0000701 seconds, Stopping threads took: 0.0000128 seconds
2018-12-01T14:30:29.794-0800: 3742.353: Total time for which application threads were stopped: 0.0001235 seconds, Stopping threads took: 0.0000313 seconds
2018-12-01T14:30:35.291-0800: 3747.850: Total time for which application threads were stopped: 0.0001339 seconds, Stopping threads took: 0.0000330 seconds
2018-12-01T14:30:40.296-0800: 3752.855: Total time for which application threads were stopped: 0.0001358 seconds, Stopping threads took: 0.0000335 seconds
2018-12-01T14:30:45.649-0800: 3758.207: Total time for which application threads were stopped: 0.0001391 seconds, Stopping threads took: 0.0000342 seconds
2018-12-01T14:30:50.651-0800: 3763.210: Total time for which application threads were stopped: 0.0001398 seconds, Stopping threads took: 0.0000368 seconds
2018-12-01T14:30:55.980-0800: 3768.539: Total time for which application threads were stopped: 0.0001456 seconds, Stopping threads took: 0.0000409 seconds
2018-12-01T14:31:00.981-0800: 3773.540: Total time for which application threads were stopped: 0.0001372 seconds, Stopping threads took: 0.0000334 seconds
2018-12-01T14:31:06.207-0800: 3778.765: Total time for which application threads were stopped: 0.0000928 seconds, Stopping threads took: 0.0000250 seconds
2018-12-01T14:31:11.209-0800: 3783.766: Total time for which application threads were stopped: 0.0001355 seconds, Stopping threads took: 0.0000321 seconds
2018-12-01T14:31:12.212-0800: 3784.770: Total time for which application threads were stopped: 0.0001977 seconds, Stopping threads took: 0.0000441 seconds
2018-12-01T14:31:16.708-0800: 3789.265: Total time for which application threads were stopped: 0.0002148 seconds, Stopping threads took: 0.0000425 seconds
2018-12-01T14:31:21.707-0800: 3794.265: Total time for which application threads were stopped: 0.0001377 seconds, Stopping threads took: 0.0000328 seconds
2018-12-01T14:31:21.775-0800: 3794.333: Total time for which application threads were stopped: 0.0001393 seconds, Stopping threads took: 0.0000707 seconds
2018-12-01T14:31:21.788-0800: 3794.346: Total time for which application threads were stopped: 0.0001103 seconds, Stopping threads took: 0.0000405 seconds
2018-12-01T14:31:21.789-0800: 3794.346: Total time for which application threads were stopped: 0.0001048 seconds, Stopping threads took: 0.0000575 seconds
2018-12-01T14:31:21.789-0800: 3794.346: Total time for which application threads were stopped: 0.0000999 seconds, Stopping threads took: 0.0000610 seconds
2018-12-01T14:31:21.791-0800: 3794.349: Total time for which application threads were stopped: 0.0001070 seconds, Stopping threads took: 0.0000389 seconds
2018-12-01T14:31:26.780-0800: 3799.337: Total time for which application threads were stopped: 0.0001703 seconds, Stopping threads took: 0.0000314 seconds
2018-12-01T14:31:26.780-0800: 3799.338: Total time for which application threads were stopped: 0.0001053 seconds, Stopping threads took: 0.0000221 seconds
2018-12-01T14:31:27.192-0800: 3799.750: Total time for which application threads were stopped: 0.0001354 seconds, Stopping threads took: 0.0000338 seconds
2018-12-01T14:31:32.191-0800: 3804.748: Total time for which application threads were stopped: 0.0002985 seconds, Stopping threads took: 0.0000304 seconds
2018-12-01T14:31:37.309-0800: 3809.866: Total time for which application threads were stopped: 0.0001398 seconds, Stopping threads took: 0.0000342 seconds
2018-12-01T14:31:42.780-0800: 3815.337: Total time for which application threads were stopped: 0.0001370 seconds, Stopping threads took: 0.0000319 seconds
2018-12-01T14:31:47.784-0800: 3820.341: Total time for which application threads were stopped: 0.0001348 seconds, Stopping threads took: 0.0000403 seconds
2018-12-01T14:31:53.238-0800: 3825.795: Total time for which application threads were stopped: 0.0001846 seconds, Stopping threads took: 0.0000420 seconds
2018-12-01T14:31:58.238-0800: 3830.795: Total time for which application threads were stopped: 0.0001828 seconds, Stopping threads took: 0.0000387 seconds
2018-12-01T14:32:03.727-0800: 3836.283: Total time for which application threads were stopped: 0.0001591 seconds, Stopping threads took: 0.0000341 seconds
2018-12-01T14:32:08.728-0800: 3841.284: Total time for which application threads were stopped: 0.0002043 seconds, Stopping threads took: 0.0000416 seconds
2018-12-01T14:32:11.735-0800: 3844.291: Total time for which application threads were stopped: 0.0001939 seconds, Stopping threads took: 0.0000420 seconds
2018-12-01T14:32:14.162-0800: 3846.718: Total time for which application threads were stopped: 0.0001395 seconds, Stopping threads took: 0.0000336 seconds
2018-12-01T14:32:19.164-0800: 3851.720: Total time for which application threads were stopped: 0.0001593 seconds, Stopping threads took: 0.0000371 seconds
2018-12-01T14:32:21.772-0800: 3854.328: Total time for which application threads were stopped: 0.0001206 seconds, Stopping threads took: 0.0000453 seconds
2018-12-01T14:32:21.782-0800: 3854.337: Total time for which application threads were stopped: 0.0000931 seconds, Stopping threads took: 0.0000243 seconds
2018-12-01T14:32:21.782-0800: 3854.338: Total time for which application threads were stopped: 0.0000708 seconds, Stopping threads took: 0.0000141 seconds
2018-12-01T14:32:21.782-0800: 3854.338: Total time for which application threads were stopped: 0.0000629 seconds, Stopping threads took: 0.0000132 seconds
2018-12-01T14:32:21.784-0800: 3854.340: Total time for which application threads were stopped: 0.0001108 seconds, Stopping threads took: 0.0000356 seconds
2018-12-01T14:32:24.476-0800: 3857.031: Total time for which application threads were stopped: 0.0002902 seconds, Stopping threads took: 0.0000828 seconds
2018-12-01T14:32:26.171-0800: 3858.726: Total time for which application threads were stopped: 0.0001453 seconds, Stopping threads took: 0.0000366 seconds
2018-12-01T14:32:26.776-0800: 3859.332: Total time for which application threads were stopped: 0.0000880 seconds, Stopping threads took: 0.0000192 seconds
2018-12-01T14:32:26.777-0800: 3859.332: Total time for which application threads were stopped: 0.0000880 seconds, Stopping threads took: 0.0000207 seconds
2018-12-01T14:32:29.475-0800: 3862.031: Total time for which application threads were stopped: 0.0001399 seconds, Stopping threads took: 0.0000350 seconds
2018-12-01T14:32:34.973-0800: 3867.528: Total time for which application threads were stopped: 0.0001690 seconds, Stopping threads took: 0.0000368 seconds
2018-12-01T14:32:39.976-0800: 3872.531: Total time for which application threads were stopped: 0.0001204 seconds, Stopping threads took: 0.0000302 seconds
2018-12-01T14:32:45.478-0800: 3878.033: Total time for which application threads were stopped: 0.0001409 seconds, Stopping threads took: 0.0000369 seconds
2018-12-01T14:32:50.478-0800: 3883.033: Total time for which application threads were stopped: 0.0001392 seconds, Stopping threads took: 0.0000331 seconds
2018-12-01T14:32:55.975-0800: 3888.530: Total time for which application threads were stopped: 0.0001140 seconds, Stopping threads took: 0.0000329 seconds
2018-12-01T14:32:58.112-0800: 3890.668: Total time for which application threads were stopped: 0.0001175 seconds, Stopping threads took: 0.0000280 seconds
2018-12-01T14:33:00.971-0800: 3893.528: Total time for which application threads were stopped: 0.0001634 seconds, Stopping threads took: 0.0000386 seconds
2018-12-01T14:33:02.502-0800: 3895.059: Total time for which application threads were stopped: 0.0001562 seconds, Stopping threads took: 0.0000340 seconds
2018-12-01T14:33:04.736-0800: 3897.293: Total time for which application threads were stopped: 0.0001852 seconds, Stopping threads took: 0.0000426 seconds
2018-12-01T14:33:05.974-0800: 3898.531: Total time for which application threads were stopped: 0.0002768 seconds, Stopping threads took: 0.0000315 seconds
2018-12-01T14:33:07.144-0800: 3899.701: Total time for which application threads were stopped: 0.0001401 seconds, Stopping threads took: 0.0000361 seconds
2018-12-01T14:33:10.975-0800: 3903.533: Total time for which application threads were stopped: 0.0001182 seconds, Stopping threads took: 0.0000287 seconds
2018-12-01T14:33:13.407-0800: 3905.964: Total time for which application threads were stopped: 0.0001239 seconds, Stopping threads took: 0.0000319 seconds
2018-12-01T14:33:15.971-0800: 3908.529: Total time for which application threads were stopped: 0.0001141 seconds, Stopping threads took: 0.0000257 seconds
2018-12-01T14:33:18.868-0800: 3911.426: Total time for which application threads were stopped: 0.0001613 seconds, Stopping threads took: 0.0000424 seconds
2018-12-01T14:33:20.971-0800: 3913.529: Total time for which application threads were stopped: 0.0001126 seconds, Stopping threads took: 0.0000270 seconds
2018-12-01T14:33:21.773-0800: 3914.330: Total time for which application threads were stopped: 0.0001930 seconds, Stopping threads took: 0.0000355 seconds
2018-12-01T14:33:21.789-0800: 3914.347: Total time for which application threads were stopped: 0.0001635 seconds, Stopping threads took: 0.0000726 seconds
2018-12-01T14:33:21.789-0800: 3914.347: Total time for which application threads were stopped: 0.0001525 seconds, Stopping threads took: 0.0000554 seconds
2018-12-01T14:33:21.790-0800: 3914.348: Total time for which application threads were stopped: 0.0001164 seconds, Stopping threads took: 0.0000379 seconds
2018-12-01T14:33:21.824-0800: 3914.382: Total time for which application threads were stopped: 0.0002031 seconds, Stopping threads took: 0.0000292 seconds
2018-12-01T14:33:26.461-0800: 3919.019: Total time for which application threads were stopped: 0.0000945 seconds, Stopping threads took: 0.0000271 seconds
2018-12-01T14:33:26.782-0800: 3919.340: Total time for which application threads were stopped: 0.0002158 seconds, Stopping threads took: 0.0000687 seconds
2018-12-01T14:33:26.783-0800: 3919.341: Total time for which application threads were stopped: 0.0000474 seconds, Stopping threads took: 0.0000091 seconds
2018-12-01T14:33:31.465-0800: 3924.023: Total time for which application threads were stopped: 0.0003163 seconds, Stopping threads took: 0.0000861 seconds
2018-12-01T14:33:36.954-0800: 3929.512: Total time for which application threads were stopped: 0.0002029 seconds, Stopping threads took: 0.0000417 seconds
2018-12-01T14:33:42.444-0800: 3935.002: Total time for which application threads were stopped: 0.0002231 seconds, Stopping threads took: 0.0000419 seconds
2018-12-01T14:33:44.508-0800: 3937.066: Total time for which application threads were stopped: 0.0000786 seconds, Stopping threads took: 0.0000202 seconds
2018-12-01T14:33:46.958-0800: 3939.515: Total time for which application threads were stopped: 0.0001430 seconds, Stopping threads took: 0.0000359 seconds
2018-12-01T14:33:52.794-0800: 3945.352: Total time for which application threads were stopped: 0.0001253 seconds, Stopping threads took: 0.0000294 seconds
2018-12-01T14:33:54.108-0800: 3946.666: Total time for which application threads were stopped: 0.0002668 seconds, Stopping threads took: 0.0000422 seconds
2018-12-01T14:33:57.442-0800: 3950.000: Total time for which application threads were stopped: 0.0001497 seconds, Stopping threads took: 0.0000365 seconds
2018-12-01T14:34:02.441-0800: 3954.999: Total time for which application threads were stopped: 0.0001708 seconds, Stopping threads took: 0.0000368 seconds
2018-12-01T14:34:04.947-0800: 3957.504: Total time for which application threads were stopped: 0.0000823 seconds, Stopping threads took: 0.0000220 seconds
2018-12-01T14:34:07.445-0800: 3960.003: Total time for which application threads were stopped: 0.0001361 seconds, Stopping threads took: 0.0000343 seconds
2018-12-01T14:34:12.893-0800: 3965.450: Total time for which application threads were stopped: 0.0002342 seconds, Stopping threads took: 0.0000342 seconds
2018-12-01T14:34:17.893-0800: 3970.450: Total time for which application threads were stopped: 0.0001478 seconds, Stopping threads took: 0.0000369 seconds
2018-12-01T14:34:21.777-0800: 3974.334: Total time for which application threads were stopped: 0.0001357 seconds, Stopping threads took: 0.0000561 seconds
2018-12-01T14:34:21.788-0800: 3974.344: Total time for which application threads were stopped: 0.0000924 seconds, Stopping threads took: 0.0000238 seconds
2018-12-01T14:34:21.788-0800: 3974.345: Total time for which application threads were stopped: 0.0000922 seconds, Stopping threads took: 0.0000186 seconds
2018-12-01T14:34:21.788-0800: 3974.345: Total time for which application threads were stopped: 0.0000755 seconds, Stopping threads took: 0.0000151 seconds
2018-12-01T14:34:21.791-0800: 3974.348: Total time for which application threads were stopped: 0.0001214 seconds, Stopping threads took: 0.0000264 seconds
2018-12-01T14:34:23.332-0800: 3975.889: Total time for which application threads were stopped: 0.0001707 seconds, Stopping threads took: 0.0000728 seconds
2018-12-01T14:34:26.781-0800: 3979.338: Total time for which application threads were stopped: 0.0001563 seconds, Stopping threads took: 0.0000342 seconds
2018-12-01T14:34:26.781-0800: 3979.338: Total time for which application threads were stopped: 0.0001040 seconds, Stopping threads took: 0.0000223 seconds
2018-12-01T14:34:28.335-0800: 3980.891: Total time for which application threads were stopped: 0.0001417 seconds, Stopping threads took: 0.0000353 seconds
2018-12-01T14:34:33.747-0800: 3986.304: Total time for which application threads were stopped: 0.0001369 seconds, Stopping threads took: 0.0000345 seconds
2018-12-01T14:34:38.749-0800: 3991.306: Total time for which application threads were stopped: 0.0001264 seconds, Stopping threads took: 0.0000326 seconds
2018-12-01T14:34:44.158-0800: 3996.714: Total time for which application threads were stopped: 0.0007899 seconds, Stopping threads took: 0.0001080 seconds
2018-12-01T14:34:47.357-0800: 3999.913: Total time for which application threads were stopped: 0.0001149 seconds, Stopping threads took: 0.0000287 seconds
2018-12-01T14:34:49.159-0800: 4001.716: Total time for which application threads were stopped: 0.0001820 seconds, Stopping threads took: 0.0000351 seconds
2018-12-01T14:34:55.109-0800: 4007.665: Total time for which application threads were stopped: 0.0001629 seconds, Stopping threads took: 0.0000380 seconds
2018-12-01T14:34:59.159-0800: 4011.715: Total time for which application threads were stopped: 0.0001115 seconds, Stopping threads took: 0.0000209 seconds
2018-12-01T14:35:01.064-0800: 4013.619: Total time for which application threads were stopped: 0.0001174 seconds, Stopping threads took: 0.0000295 seconds
2018-12-01T14:35:04.163-0800: 4016.719: Total time for which application threads were stopped: 0.0001380 seconds, Stopping threads took: 0.0000340 seconds
2018-12-01T14:35:09.657-0800: 4022.212: Total time for which application threads were stopped: 0.0001615 seconds, Stopping threads took: 0.0000367 seconds
2018-12-01T14:35:14.659-0800: 4027.214: Total time for which application threads were stopped: 0.0001284 seconds, Stopping threads took: 0.0000396 seconds
2018-12-01T14:35:17.714-0800: 4030.269: Total time for which application threads were stopped: 0.0001921 seconds, Stopping threads took: 0.0000807 seconds
2018-12-01T14:35:20.265-0800: 4032.821: Total time for which application threads were stopped: 0.0001388 seconds, Stopping threads took: 0.0000349 seconds
2018-12-01T14:35:21.774-0800: 4034.329: Total time for which application threads were stopped: 0.0001487 seconds, Stopping threads took: 0.0000761 seconds
2018-12-01T14:35:21.786-0800: 4034.341: Total time for which application threads were stopped: 0.0001319 seconds, Stopping threads took: 0.0000564 seconds
2018-12-01T14:35:22.792-0800: 4035.347: Total time for which application threads were stopped: 0.0001659 seconds, Stopping threads took: 0.0000385 seconds
2018-12-01T14:35:24.670-0800: 4037.225: Total time for which application threads were stopped: 0.0001253 seconds, Stopping threads took: 0.0000321 seconds
2018-12-01T14:35:25.837-0800: 4038.392: Total time for which application threads were stopped: 0.0001367 seconds, Stopping threads took: 0.0000343 seconds
2018-12-01T14:35:26.780-0800: 4039.335: Total time for which application threads were stopped: 0.0001542 seconds, Stopping threads took: 0.0000335 seconds
2018-12-01T14:35:26.780-0800: 4039.335: Total time for which application threads were stopped: 0.0001054 seconds, Stopping threads took: 0.0000216 seconds
2018-12-01T14:35:27.311-0800: 4039.866: Total time for which application threads were stopped: 0.0001453 seconds, Stopping threads took: 0.0000401 seconds
2018-12-01T14:35:29.660-0800: 4042.215: Total time for which application threads were stopped: 0.0001780 seconds, Stopping threads took: 0.0000674 seconds
2018-12-01T14:35:35.152-0800: 4047.707: Total time for which application threads were stopped: 0.0001449 seconds, Stopping threads took: 0.0000370 seconds
2018-12-01T14:35:40.151-0800: 4052.705: Total time for which application threads were stopped: 0.0001381 seconds, Stopping threads took: 0.0000328 seconds
2018-12-01T14:35:45.347-0800: 4057.901: Total time for which application threads were stopped: 0.0001202 seconds, Stopping threads took: 0.0000296 seconds
2018-12-01T14:35:47.920-0800: 4060.474: Total time for which application threads were stopped: 0.0001303 seconds, Stopping threads took: 0.0000351 seconds
2018-12-01T14:35:51.644-0800: 4064.198: Total time for which application threads were stopped: 0.0001392 seconds, Stopping threads took: 0.0000346 seconds
2018-12-01T14:35:55.351-0800: 4067.905: Total time for which application threads were stopped: 0.0001214 seconds, Stopping threads took: 0.0000295 seconds
2018-12-01T14:36:00.350-0800: 4072.904: Total time for which application threads were stopped: 0.0001458 seconds, Stopping threads took: 0.0000352 seconds
2018-12-01T14:36:05.351-0800: 4077.905: Total time for which application threads were stopped: 0.0001523 seconds, Stopping threads took: 0.0000402 seconds
2018-12-01T14:36:06.724-0800: 4079.278: Total time for which application threads were stopped: 0.0001372 seconds, Stopping threads took: 0.0000337 seconds
2018-12-01T14:36:08.780-0800: 4081.334: Total time for which application threads were stopped: 0.0002779 seconds, Stopping threads took: 0.0000310 seconds
2018-12-01T14:36:10.385-0800: 4082.938: Total time for which application threads were stopped: 0.0001718 seconds, Stopping threads took: 0.0000306 seconds
2018-12-01T14:36:15.350-0800: 4087.904: Total time for which application threads were stopped: 0.0001453 seconds, Stopping threads took: 0.0000371 seconds
2018-12-01T14:36:20.783-0800: 4093.337: Total time for which application threads were stopped: 0.0000823 seconds, Stopping threads took: 0.0000220 seconds
2018-12-01T14:36:21.780-0800: 4094.333: Total time for which application threads were stopped: 0.0001131 seconds, Stopping threads took: 0.0000375 seconds
2018-12-01T14:36:21.790-0800: 4094.344: Total time for which application threads were stopped: 0.0000873 seconds, Stopping threads took: 0.0000216 seconds
2018-12-01T14:36:21.791-0800: 4094.344: Total time for which application threads were stopped: 0.0005933 seconds, Stopping threads took: 0.0000114 seconds
2018-12-01T14:36:21.791-0800: 4094.345: Total time for which application threads were stopped: 0.0000647 seconds, Stopping threads took: 0.0000137 seconds
2018-12-01T14:36:21.795-0800: 4094.348: Total time for which application threads were stopped: 0.0001240 seconds, Stopping threads took: 0.0000460 seconds
2018-12-01T14:36:25.355-0800: 4097.908: Total time for which application threads were stopped: 0.0001520 seconds, Stopping threads took: 0.0000348 seconds
2018-12-01T14:36:26.787-0800: 4099.340: Total time for which application threads were stopped: 0.0001759 seconds, Stopping threads took: 0.0000365 seconds
2018-12-01T14:36:26.787-0800: 4099.341: Total time for which application threads were stopped: 0.0001481 seconds, Stopping threads took: 0.0000279 seconds
2018-12-01T14:36:30.745-0800: 4103.298: Total time for which application threads were stopped: 0.0001391 seconds, Stopping threads took: 0.0000333 seconds
2018-12-01T14:36:35.741-0800: 4108.294: Total time for which application threads were stopped: 0.0001384 seconds, Stopping threads took: 0.0000340 seconds
2018-12-01T14:36:40.742-0800: 4113.295: Total time for which application threads were stopped: 0.0001406 seconds, Stopping threads took: 0.0000338 seconds
2018-12-01T14:36:46.186-0800: 4118.739: Total time for which application threads were stopped: 0.0001127 seconds, Stopping threads took: 0.0000258 seconds
2018-12-01T14:36:51.182-0800: 4123.735: Total time for which application threads were stopped: 0.0000794 seconds, Stopping threads took: 0.0000212 seconds
2018-12-01T14:36:52.628-0800: 4125.180: Total time for which application threads were stopped: 0.0000866 seconds, Stopping threads took: 0.0000231 seconds
2018-12-01T14:36:56.188-0800: 4128.740: Total time for which application threads were stopped: 0.0001464 seconds, Stopping threads took: 0.0000379 seconds
2018-12-01T14:36:59.904-0800: 4132.456: Total time for which application threads were stopped: 0.0000841 seconds, Stopping threads took: 0.0000228 seconds
2018-12-01T14:37:01.184-0800: 4133.736: Total time for which application threads were stopped: 0.0001223 seconds, Stopping threads took: 0.0000304 seconds
2018-12-01T14:37:03.140-0800: 4135.692: Total time for which application threads were stopped: 0.0001472 seconds, Stopping threads took: 0.0000316 seconds
2018-12-01T14:37:04.949-0800: 4137.501: Total time for which application threads were stopped: 0.0001284 seconds, Stopping threads took: 0.0000425 seconds
2018-12-01T14:37:06.234-0800: 4138.786: Total time for which application threads were stopped: 0.0001861 seconds, Stopping threads took: 0.0000684 seconds
2018-12-01T14:37:11.187-0800: 4143.739: Total time for which application threads were stopped: 0.0001393 seconds, Stopping threads took: 0.0000339 seconds
2018-12-01T14:37:16.185-0800: 4148.737: Total time for which application threads were stopped: 0.0001107 seconds, Stopping threads took: 0.0000284 seconds
2018-12-01T14:37:19.701-0800: 4152.252: Total time for which application threads were stopped: 0.0001385 seconds, Stopping threads took: 0.0000451 seconds
2018-12-01T14:37:21.190-0800: 4153.742: Total time for which application threads were stopped: 0.0001387 seconds, Stopping threads took: 0.0000343 seconds
2018-12-01T14:37:21.779-0800: 4154.331: Total time for which application threads were stopped: 0.0001101 seconds, Stopping threads took: 0.0000342 seconds
2018-12-01T14:37:21.789-0800: 4154.340: Total time for which application threads were stopped: 0.0000921 seconds, Stopping threads took: 0.0000221 seconds
2018-12-01T14:37:21.789-0800: 4154.341: Total time for which application threads were stopped: 0.0000941 seconds, Stopping threads took: 0.0000333 seconds
2018-12-01T14:37:21.789-0800: 4154.341: Total time for which application threads were stopped: 0.0001541 seconds, Stopping threads took: 0.0000200 seconds
2018-12-01T14:37:21.792-0800: 4154.344: Total time for which application threads were stopped: 0.0001102 seconds, Stopping threads took: 0.0000367 seconds
2018-12-01T14:37:26.636-0800: 4159.187: Total time for which application threads were stopped: 0.0001390 seconds, Stopping threads took: 0.0000330 seconds
2018-12-01T14:37:26.782-0800: 4159.333: Total time for which application threads were stopped: 0.0001341 seconds, Stopping threads took: 0.0000275 seconds
2018-12-01T14:37:26.782-0800: 4159.334: Total time for which application threads were stopped: 0.0000837 seconds, Stopping threads took: 0.0000169 seconds
2018-12-01T14:37:28.699-0800: 4161.251: Total time for which application threads were stopped: 0.0001724 seconds, Stopping threads took: 0.0000300 seconds
2018-12-01T14:37:31.975-0800: 4164.527: Total time for which application threads were stopped: 0.0001759 seconds, Stopping threads took: 0.0000251 seconds
2018-12-01T14:37:33.340-0800: 4165.891: Total time for which application threads were stopped: 0.0001344 seconds, Stopping threads took: 0.0000522 seconds
2018-12-01T14:37:36.635-0800: 4169.187: Total time for which application threads were stopped: 0.0001395 seconds, Stopping threads took: 0.0000348 seconds
2018-12-01T14:37:42.130-0800: 4174.681: Total time for which application threads were stopped: 0.0001612 seconds, Stopping threads took: 0.0000434 seconds
2018-12-01T14:37:47.130-0800: 4179.681: Total time for which application threads were stopped: 0.0001413 seconds, Stopping threads took: 0.0000353 seconds
2018-12-01T14:37:52.623-0800: 4185.174: Total time for which application threads were stopped: 0.0000782 seconds, Stopping threads took: 0.0000187 seconds
2018-12-01T14:37:57.621-0800: 4190.171: Total time for which application threads were stopped: 0.0001057 seconds, Stopping threads took: 0.0000330 seconds
2018-12-01T14:38:03.075-0800: 4195.626: Total time for which application threads were stopped: 0.0001387 seconds, Stopping threads took: 0.0000330 seconds
2018-12-01T14:38:08.073-0800: 4200.624: Total time for which application threads were stopped: 0.0001572 seconds, Stopping threads took: 0.0000380 seconds
2018-12-01T14:38:13.075-0800: 4205.626: Total time for which application threads were stopped: 0.0001685 seconds, Stopping threads took: 0.0000386 seconds
2018-12-01T14:38:18.540-0800: 4211.090: Total time for which application threads were stopped: 0.0008363 seconds, Stopping threads took: 0.0007088 seconds
2018-12-01T14:38:21.773-0800: 4214.323: Total time for which application threads were stopped: 0.0002481 seconds, Stopping threads took: 0.0001211 seconds
{Heap before GC invocations=41 (full 2):
 par new generation   total 109248K, used 94569K [0x00000007a0000000, 0x00000007a8000000, 0x00000007a8000000)
  eden space 87424K,  99% used [0x00000007a0000000, 0x00000007a555f920, 0x00000007a5560000)
  from space 21824K,  32% used [0x00000007a6ab0000, 0x00000007a71aab08, 0x00000007a8000000)
  to   space 21824K,   0% used [0x00000007a5560000, 0x00000007a5560000, 0x00000007a6ab0000)
 concurrent mark-sweep generation total 393216K, used 155186K [0x00000007a8000000, 0x00000007c0000000, 0x00000007c0000000)
 Metaspace       used 61248K, capacity 62726K, committed 62868K, reserved 1103872K
  class space    used 7134K, capacity 7494K, committed 7572K, reserved 1048576K
2018-12-01T14:38:21.786-0800: 4214.336: [GC (Allocation Failure) 2018-12-01T14:38:21.786-0800: 4214.336: [ParNew
Desired survivor size 20112992 bytes, new threshold 8 (max 8)
- age   1:    2658720 bytes,    2658720 total
- age   2:     273528 bytes,    2932248 total
- age   3:      45544 bytes,    2977792 total
- age   4:     434624 bytes,    3412416 total
- age   5:      70904 bytes,    3483320 total
- age   6:      53712 bytes,    3537032 total
- age   7:     175472 bytes,    3712504 total
- age   8:    2899712 bytes,    6612216 total
: 94569K->8183K(109248K), 0.0406129 secs] 249755K->163965K(502464K), 0.0409583 secs] [Times: user=0.04 sys=0.07, real=0.04 secs] 
Heap after GC invocations=42 (full 2):
 par new generation   total 109248K, used 8183K [0x00000007a0000000, 0x00000007a8000000, 0x00000007a8000000)
  eden space 87424K,   0% used [0x00000007a0000000, 0x00000007a0000000, 0x00000007a5560000)
  from space 21824K,  37% used [0x00000007a5560000, 0x00000007a5d5dfc0, 0x00000007a6ab0000)
  to   space 21824K,   0% used [0x00000007a6ab0000, 0x00000007a6ab0000, 0x00000007a8000000)
 concurrent mark-sweep generation total 393216K, used 155781K [0x00000007a8000000, 0x00000007c0000000, 0x00000007c0000000)
 Metaspace       used 61248K, capacity 62726K, committed 62868K, reserved 1103872K
  class space    used 7134K, capacity 7494K, committed 7572K, reserved 1048576K
}
2018-12-01T14:38:21.827-0800: 4214.377: Total time for which application threads were stopped: 0.0411519 seconds, Stopping threads took: 0.0000176 seconds
2018-12-01T14:38:21.827-0800: 4214.377: Total time for which application threads were stopped: 0.0001369 seconds, Stopping threads took: 0.0000762 seconds
2018-12-01T14:38:21.828-0800: 4214.378: Total time for which application threads were stopped: 0.0000486 seconds, Stopping threads took: 0.0000091 seconds
2018-12-01T14:38:21.828-0800: 4214.378: Total time for which application threads were stopped: 0.0000368 seconds, Stopping threads took: 0.0000065 seconds
2018-12-01T14:38:21.831-0800: 4214.381: Total time for which application threads were stopped: 0.0004366 seconds, Stopping threads took: 0.0001201 seconds
2018-12-01T14:38:23.544-0800: 4216.094: Total time for which application threads were stopped: 0.0001467 seconds, Stopping threads took: 0.0000365 seconds
2018-12-01T14:38:26.775-0800: 4219.325: Total time for which application threads were stopped: 0.0004392 seconds, Stopping threads took: 0.0000419 seconds
2018-12-01T14:38:26.776-0800: 4219.326: Total time for which application threads were stopped: 0.0001658 seconds, Stopping threads took: 0.0000276 seconds
2018-12-01T14:38:29.030-0800: 4221.580: Total time for which application threads were stopped: 0.0001979 seconds, Stopping threads took: 0.0000378 seconds
2018-12-01T14:38:32.973-0800: 4225.523: Total time for which application threads were stopped: 0.0001142 seconds, Stopping threads took: 0.0000267 seconds
2018-12-01T14:38:34.031-0800: 4226.580: Total time for which application threads were stopped: 0.0001384 seconds, Stopping threads took: 0.0000254 seconds
2018-12-01T14:38:39.461-0800: 4232.011: Total time for which application threads were stopped: 0.0001405 seconds, Stopping threads took: 0.0000348 seconds
2018-12-01T14:38:44.466-0800: 4237.015: Total time for which application threads were stopped: 0.0001633 seconds, Stopping threads took: 0.0000377 seconds
2018-12-01T14:38:49.936-0800: 4242.485: Total time for which application threads were stopped: 0.0001451 seconds, Stopping threads took: 0.0000349 seconds
2018-12-01T14:38:54.936-0800: 4247.485: Total time for which application threads were stopped: 0.0001437 seconds, Stopping threads took: 0.0000323 seconds
2018-12-01T14:39:00.412-0800: 4252.961: Total time for which application threads were stopped: 0.0001469 seconds, Stopping threads took: 0.0000360 seconds
2018-12-01T14:39:05.413-0800: 4257.961: Total time for which application threads were stopped: 0.0001364 seconds, Stopping threads took: 0.0000327 seconds
2018-12-01T14:39:10.886-0800: 4263.434: Total time for which application threads were stopped: 0.0001371 seconds, Stopping threads took: 0.0000345 seconds
2018-12-01T14:39:15.889-0800: 4268.438: Total time for which application threads were stopped: 0.0000835 seconds, Stopping threads took: 0.0000219 seconds
2018-12-01T14:39:21.267-0800: 4273.815: Total time for which application threads were stopped: 0.0002323 seconds, Stopping threads took: 0.0000273 seconds
2018-12-01T14:39:21.778-0800: 4274.326: Total time for which application threads were stopped: 0.0002696 seconds, Stopping threads took: 0.0001151 seconds
2018-12-01T14:39:21.788-0800: 4274.336: Total time for which application threads were stopped: 0.0000968 seconds, Stopping threads took: 0.0000181 seconds
2018-12-01T14:39:21.788-0800: 4274.336: Total time for which application threads were stopped: 0.0000885 seconds, Stopping threads took: 0.0000192 seconds
2018-12-01T14:39:21.788-0800: 4274.336: Total time for which application threads were stopped: 0.0000725 seconds, Stopping threads took: 0.0000109 seconds
2018-12-01T14:39:21.791-0800: 4274.339: Total time for which application threads were stopped: 0.0002315 seconds, Stopping threads took: 0.0000279 seconds
2018-12-01T14:39:26.268-0800: 4278.816: Total time for which application threads were stopped: 0.0001586 seconds, Stopping threads took: 0.0000426 seconds
2018-12-01T14:39:26.780-0800: 4279.329: Total time for which application threads were stopped: 0.0001188 seconds, Stopping threads took: 0.0000265 seconds
2018-12-01T14:39:26.781-0800: 4279.329: Total time for which application threads were stopped: 0.0000811 seconds, Stopping threads took: 0.0000145 seconds
2018-12-01T14:39:31.767-0800: 4284.315: Total time for which application threads were stopped: 0.0001923 seconds, Stopping threads took: 0.0000420 seconds
2018-12-01T14:39:36.767-0800: 4289.315: Total time for which application threads were stopped: 0.0001416 seconds, Stopping threads took: 0.0000337 seconds
2018-12-01T14:39:41.770-0800: 4294.317: Total time for which application threads were stopped: 0.0001468 seconds, Stopping threads took: 0.0000363 seconds
2018-12-01T14:39:47.261-0800: 4299.808: Total time for which application threads were stopped: 0.0001425 seconds, Stopping threads took: 0.0000354 seconds
2018-12-01T14:39:52.257-0800: 4304.804: Total time for which application threads were stopped: 0.0001225 seconds, Stopping threads took: 0.0000282 seconds
2018-12-01T14:39:58.133-0800: 4310.680: Total time for which application threads were stopped: 0.0000787 seconds, Stopping threads took: 0.0000196 seconds
2018-12-01T14:40:02.709-0800: 4315.256: Total time for which application threads were stopped: 0.0001393 seconds, Stopping threads took: 0.0000340 seconds
2018-12-01T14:40:07.987-0800: 4320.534: Total time for which application threads were stopped: 0.0001226 seconds, Stopping threads took: 0.0000273 seconds
2018-12-01T14:40:11.991-0800: 4324.538: Total time for which application threads were stopped: 0.0001412 seconds, Stopping threads took: 0.0000366 seconds
2018-12-01T14:40:12.708-0800: 4325.255: Total time for which application threads were stopped: 0.0000821 seconds, Stopping threads took: 0.0000206 seconds
2018-12-01T14:40:18.156-0800: 4330.702: Total time for which application threads were stopped: 0.0001886 seconds, Stopping threads took: 0.0000424 seconds
2018-12-01T14:40:21.780-0800: 4334.327: Total time for which application threads were stopped: 0.0001568 seconds, Stopping threads took: 0.0000734 seconds
2018-12-01T14:40:21.791-0800: 4334.337: Total time for which application threads were stopped: 0.0001473 seconds, Stopping threads took: 0.0000816 seconds
2018-12-01T14:40:21.791-0800: 4334.338: Total time for which application threads were stopped: 0.0000774 seconds, Stopping threads took: 0.0000178 seconds
2018-12-01T14:40:21.792-0800: 4334.338: Total time for which application threads were stopped: 0.0000637 seconds, Stopping threads took: 0.0000127 seconds
2018-12-01T14:40:21.795-0800: 4334.341: Total time for which application threads were stopped: 0.0001223 seconds, Stopping threads took: 0.0000265 seconds
2018-12-01T14:40:22.795-0800: 4335.342: Total time for which application threads were stopped: 0.0002316 seconds, Stopping threads took: 0.0000445 seconds
2018-12-01T14:40:23.161-0800: 4335.708: Total time for which application threads were stopped: 0.0001401 seconds, Stopping threads took: 0.0000311 seconds
2018-12-01T14:40:26.786-0800: 4339.332: Total time for which application threads were stopped: 0.0001681 seconds, Stopping threads took: 0.0000381 seconds
2018-12-01T14:40:26.786-0800: 4339.333: Total time for which application threads were stopped: 0.0000887 seconds, Stopping threads took: 0.0000156 seconds
2018-12-01T14:40:28.370-0800: 4340.916: Total time for which application threads were stopped: 0.0001412 seconds, Stopping threads took: 0.0000356 seconds
2018-12-01T14:40:33.848-0800: 4346.394: Total time for which application threads were stopped: 0.0001627 seconds, Stopping threads took: 0.0000361 seconds
2018-12-01T14:40:38.851-0800: 4351.397: Total time for which application threads were stopped: 0.0002211 seconds, Stopping threads took: 0.0000412 seconds
2018-12-01T14:40:44.241-0800: 4356.787: Total time for which application threads were stopped: 0.0001495 seconds, Stopping threads took: 0.0000371 seconds
2018-12-01T14:40:49.245-0800: 4361.791: Total time for which application threads were stopped: 0.0002037 seconds, Stopping threads took: 0.0000365 seconds
2018-12-01T14:40:54.730-0800: 4367.276: Total time for which application threads were stopped: 0.0000762 seconds, Stopping threads took: 0.0000200 seconds
2018-12-01T14:40:59.734-0800: 4372.279: Total time for which application threads were stopped: 0.0001882 seconds, Stopping threads took: 0.0000426 seconds
2018-12-01T14:41:06.006-0800: 4378.552: Total time for which application threads were stopped: 0.0000949 seconds, Stopping threads took: 0.0000204 seconds
2018-12-01T14:41:08.100-0800: 4380.645: Total time for which application threads were stopped: 0.0001385 seconds, Stopping threads took: 0.0000337 seconds
2018-12-01T14:41:10.216-0800: 4382.761: Total time for which application threads were stopped: 0.0003244 seconds, Stopping threads took: 0.0000658 seconds
2018-12-01T14:41:15.688-0800: 4388.233: Total time for which application threads were stopped: 0.0001412 seconds, Stopping threads took: 0.0000340 seconds
2018-12-01T14:41:20.687-0800: 4393.232: Total time for which application threads were stopped: 0.0001272 seconds, Stopping threads took: 0.0000356 seconds
2018-12-01T14:41:21.779-0800: 4394.324: Total time for which application threads were stopped: 0.0001476 seconds, Stopping threads took: 0.0000662 seconds
2018-12-01T14:41:21.789-0800: 4394.334: Total time for which application threads were stopped: 0.0002974 seconds, Stopping threads took: 0.0000621 seconds
2018-12-01T14:41:21.790-0800: 4394.335: Total time for which application threads were stopped: 0.0001862 seconds, Stopping threads took: 0.0000348 seconds
2018-12-01T14:41:21.790-0800: 4394.335: Total time for which application threads were stopped: 0.0001540 seconds, Stopping threads took: 0.0000310 seconds
2018-12-01T14:41:21.793-0800: 4394.337: Total time for which application threads were stopped: 0.0000987 seconds, Stopping threads took: 0.0000186 seconds
2018-12-01T14:41:26.126-0800: 4398.671: Total time for which application threads were stopped: 0.0001866 seconds, Stopping threads took: 0.0000305 seconds
2018-12-01T14:41:26.783-0800: 4399.328: Total time for which application threads were stopped: 0.0001682 seconds, Stopping threads took: 0.0000296 seconds
2018-12-01T14:41:26.784-0800: 4399.328: Total time for which application threads were stopped: 0.0000867 seconds, Stopping threads took: 0.0000169 seconds
2018-12-01T14:41:31.129-0800: 4403.674: Total time for which application threads were stopped: 0.0001436 seconds, Stopping threads took: 0.0000351 seconds
2018-12-01T14:41:36.287-0800: 4408.832: Total time for which application threads were stopped: 0.0001330 seconds, Stopping threads took: 0.0000611 seconds
2018-12-01T14:41:41.765-0800: 4414.309: Total time for which application threads were stopped: 0.0001853 seconds, Stopping threads took: 0.0000844 seconds
2018-12-01T14:41:46.770-0800: 4419.314: Total time for which application threads were stopped: 0.0001368 seconds, Stopping threads took: 0.0000322 seconds
2018-12-01T14:41:52.259-0800: 4424.803: Total time for which application threads were stopped: 0.0001405 seconds, Stopping threads took: 0.0000338 seconds
2018-12-01T14:41:57.259-0800: 4429.803: Total time for which application threads were stopped: 0.0001409 seconds, Stopping threads took: 0.0000337 seconds
2018-12-01T14:42:02.652-0800: 4435.196: Total time for which application threads were stopped: 0.0001488 seconds, Stopping threads took: 0.0000365 seconds
2018-12-01T14:42:07.652-0800: 4440.196: Total time for which application threads were stopped: 0.0001482 seconds, Stopping threads took: 0.0000334 seconds
2018-12-01T14:42:13.124-0800: 4445.667: Total time for which application threads were stopped: 0.0001222 seconds, Stopping threads took: 0.0000314 seconds
2018-12-01T14:42:18.125-0800: 4450.668: Total time for which application threads were stopped: 0.0001610 seconds, Stopping threads took: 0.0000253 seconds
2018-12-01T14:42:21.778-0800: 4454.321: Total time for which application threads were stopped: 0.0001324 seconds, Stopping threads took: 0.0000579 seconds
2018-12-01T14:42:21.790-0800: 4454.333: Total time for which application threads were stopped: 0.0001352 seconds, Stopping threads took: 0.0000355 seconds
2018-12-01T14:42:21.791-0800: 4454.334: Total time for which application threads were stopped: 0.0001293 seconds, Stopping threads took: 0.0000260 seconds
2018-12-01T14:42:21.791-0800: 4454.334: Total time for which application threads were stopped: 0.0000859 seconds, Stopping threads took: 0.0000142 seconds
2018-12-01T14:42:21.793-0800: 4454.336: Total time for which application threads were stopped: 0.0001041 seconds, Stopping threads took: 0.0000228 seconds
2018-12-01T14:42:23.338-0800: 4455.881: Total time for which application threads were stopped: 0.0001310 seconds, Stopping threads took: 0.0000318 seconds
2018-12-01T14:42:26.785-0800: 4459.327: Total time for which application threads were stopped: 0.0001451 seconds, Stopping threads took: 0.0000300 seconds
2018-12-01T14:42:26.785-0800: 4459.328: Total time for which application threads were stopped: 0.0000854 seconds, Stopping threads took: 0.0000154 seconds
2018-12-01T14:42:28.341-0800: 4460.883: Total time for which application threads were stopped: 0.0001480 seconds, Stopping threads took: 0.0000358 seconds
2018-12-01T14:42:33.683-0800: 4466.225: Total time for which application threads were stopped: 0.0001801 seconds, Stopping threads took: 0.0000391 seconds
2018-12-01T14:42:38.679-0800: 4471.222: Total time for which application threads were stopped: 0.0001439 seconds, Stopping threads took: 0.0000342 seconds
2018-12-01T14:42:44.132-0800: 4476.674: Total time for which application threads were stopped: 0.0001486 seconds, Stopping threads took: 0.0000370 seconds
2018-12-01T14:42:49.133-0800: 4481.675: Total time for which application threads were stopped: 0.0001425 seconds, Stopping threads took: 0.0000344 seconds
2018-12-01T14:42:54.478-0800: 4487.020: Total time for which application threads were stopped: 0.0001381 seconds, Stopping threads took: 0.0000320 seconds
2018-12-01T14:42:59.474-0800: 4492.016: Total time for which application threads were stopped: 0.0001472 seconds, Stopping threads took: 0.0000373 seconds
2018-12-01T14:43:04.953-0800: 4497.495: Total time for which application threads were stopped: 0.0003018 seconds, Stopping threads took: 0.0000337 seconds
2018-12-01T14:43:09.949-0800: 4502.491: Total time for which application threads were stopped: 0.0001420 seconds, Stopping threads took: 0.0000344 seconds
2018-12-01T14:43:14.954-0800: 4507.496: Total time for which application threads were stopped: 0.0001390 seconds, Stopping threads took: 0.0000346 seconds
2018-12-01T14:43:20.373-0800: 4512.914: Total time for which application threads were stopped: 0.0001404 seconds, Stopping threads took: 0.0000334 seconds
2018-12-01T14:43:21.775-0800: 4514.317: Total time for which application threads were stopped: 0.0003166 seconds, Stopping threads took: 0.0000260 seconds
2018-12-01T14:43:21.779-0800: 4514.320: Total time for which application threads were stopped: 0.0001130 seconds, Stopping threads took: 0.0000456 seconds
2018-12-01T14:43:21.787-0800: 4514.328: Total time for which application threads were stopped: 0.0000849 seconds, Stopping threads took: 0.0000226 seconds
2018-12-01T14:43:21.787-0800: 4514.328: Total time for which application threads were stopped: 0.0000595 seconds, Stopping threads took: 0.0000112 seconds
2018-12-01T14:43:21.787-0800: 4514.328: Total time for which application threads were stopped: 0.0000377 seconds, Stopping threads took: 0.0000076 seconds
2018-12-01T14:43:21.789-0800: 4514.331: Total time for which application threads were stopped: 0.0000903 seconds, Stopping threads took: 0.0000174 seconds
2018-12-01T14:43:25.373-0800: 4517.914: Total time for which application threads were stopped: 0.0001470 seconds, Stopping threads took: 0.0000360 seconds
2018-12-01T14:43:26.784-0800: 4519.325: Total time for which application threads were stopped: 0.0001794 seconds, Stopping threads took: 0.0000360 seconds
2018-12-01T14:43:26.784-0800: 4519.326: Total time for which application threads were stopped: 0.0001231 seconds, Stopping threads took: 0.0000251 seconds
2018-12-01T14:43:30.868-0800: 4523.409: Total time for which application threads were stopped: 0.0001788 seconds, Stopping threads took: 0.0000472 seconds
2018-12-01T14:43:35.873-0800: 4528.414: Total time for which application threads were stopped: 0.0001411 seconds, Stopping threads took: 0.0000335 seconds
2018-12-01T14:43:41.362-0800: 4533.902: Total time for which application threads were stopped: 0.0001386 seconds, Stopping threads took: 0.0000333 seconds
2018-12-01T14:43:46.366-0800: 4538.907: Total time for which application threads were stopped: 0.0002152 seconds, Stopping threads took: 0.0000564 seconds
2018-12-01T14:43:51.714-0800: 4544.255: Total time for which application threads were stopped: 0.0002503 seconds, Stopping threads took: 0.0000367 seconds
2018-12-01T14:43:57.212-0800: 4549.752: Total time for which application threads were stopped: 0.0000889 seconds, Stopping threads took: 0.0000228 seconds
2018-12-01T14:44:02.209-0800: 4554.750: Total time for which application threads were stopped: 0.0002999 seconds, Stopping threads took: 0.0000934 seconds
2018-12-01T14:44:07.695-0800: 4560.235: Total time for which application threads were stopped: 0.0002957 seconds, Stopping threads took: 0.0000391 seconds
2018-12-01T14:44:11.706-0800: 4564.246: Total time for which application threads were stopped: 0.0001994 seconds, Stopping threads took: 0.0000743 seconds
2018-12-01T14:44:12.699-0800: 4565.238: Total time for which application threads were stopped: 0.0001447 seconds, Stopping threads took: 0.0000347 seconds
2018-12-01T14:44:18.114-0800: 4570.653: Total time for which application threads were stopped: 0.0001408 seconds, Stopping threads took: 0.0000337 seconds
2018-12-01T14:44:21.774-0800: 4574.313: Total time for which application threads were stopped: 0.0002674 seconds, Stopping threads took: 0.0000756 seconds
2018-12-01T14:44:21.783-0800: 4574.323: Total time for which application threads were stopped: 0.0001047 seconds, Stopping threads took: 0.0000285 seconds
2018-12-01T14:44:21.783-0800: 4574.323: Total time for which application threads were stopped: 0.0000727 seconds, Stopping threads took: 0.0000141 seconds
2018-12-01T14:44:21.784-0800: 4574.323: Total time for which application threads were stopped: 0.0000518 seconds, Stopping threads took: 0.0000091 seconds
2018-12-01T14:44:21.785-0800: 4574.325: Total time for which application threads were stopped: 0.0000896 seconds, Stopping threads took: 0.0000158 seconds
2018-12-01T14:44:23.397-0800: 4575.937: Total time for which application threads were stopped: 0.0004853 seconds, Stopping threads took: 0.0001943 seconds
2018-12-01T14:44:26.777-0800: 4579.316: Total time for which application threads were stopped: 0.0001471 seconds, Stopping threads took: 0.0000317 seconds
2018-12-01T14:44:26.777-0800: 4579.317: Total time for which application threads were stopped: 0.0000869 seconds, Stopping threads took: 0.0000156 seconds
2018-12-01T14:44:28.720-0800: 4581.259: Total time for which application threads were stopped: 0.0002008 seconds, Stopping threads took: 0.0000318 seconds
2018-12-01T14:44:29.930-0800: 4582.469: Total time for which application threads were stopped: 0.0003839 seconds, Stopping threads took: 0.0000793 seconds
2018-12-01T14:44:33.113-0800: 4585.652: Total time for which application threads were stopped: 0.0001408 seconds, Stopping threads took: 0.0000346 seconds
2018-12-01T14:44:38.555-0800: 4591.094: Total time for which application threads were stopped: 0.0001491 seconds, Stopping threads took: 0.0000365 seconds
2018-12-01T14:44:43.556-0800: 4596.095: Total time for which application threads were stopped: 0.0001230 seconds, Stopping threads took: 0.0000319 seconds
2018-12-01T14:44:48.818-0800: 4601.356: Total time for which application threads were stopped: 0.0001288 seconds, Stopping threads took: 0.0000243 seconds
2018-12-01T14:44:53.611-0800: 4606.150: Total time for which application threads were stopped: 0.0004360 seconds, Stopping threads took: 0.0000337 seconds
2018-12-01T14:44:56.203-0800: 4608.741: Total time for which application threads were stopped: 0.0001435 seconds, Stopping threads took: 0.0000350 seconds
2018-12-01T14:44:57.554-0800: 4610.092: Total time for which application threads were stopped: 0.0001280 seconds, Stopping threads took: 0.0000312 seconds
2018-12-01T14:44:58.615-0800: 4611.154: Total time for which application threads were stopped: 0.0001451 seconds, Stopping threads took: 0.0000345 seconds
2018-12-01T14:45:02.557-0800: 4615.095: Total time for which application threads were stopped: 0.0001381 seconds, Stopping threads took: 0.0000328 seconds
2018-12-01T14:45:03.616-0800: 4616.154: Total time for which application threads were stopped: 0.0003122 seconds, Stopping threads took: 0.0000929 seconds
2018-12-01T14:45:06.636-0800: 4619.175: Total time for which application threads were stopped: 0.0001212 seconds, Stopping threads took: 0.0000289 seconds
2018-12-01T14:45:08.615-0800: 4621.153: Total time for which application threads were stopped: 0.0000855 seconds, Stopping threads took: 0.0000224 seconds
2018-12-01T14:45:14.110-0800: 4626.648: Total time for which application threads were stopped: 0.0001296 seconds, Stopping threads took: 0.0000328 seconds
2018-12-01T14:45:19.111-0800: 4631.649: Total time for which application threads were stopped: 0.0000879 seconds, Stopping threads took: 0.0000226 seconds
2018-12-01T14:45:21.779-0800: 4634.316: Total time for which application threads were stopped: 0.0005729 seconds, Stopping threads took: 0.0001568 seconds
2018-12-01T14:45:21.806-0800: 4634.344: Total time for which application threads were stopped: 0.0001444 seconds, Stopping threads took: 0.0000429 seconds
2018-12-01T14:45:24.603-0800: 4637.141: Total time for which application threads were stopped: 0.0006908 seconds, Stopping threads took: 0.0000886 seconds
2018-12-01T14:45:26.784-0800: 4639.322: Total time for which application threads were stopped: 0.0001395 seconds, Stopping threads took: 0.0000330 seconds
2018-12-01T14:45:26.785-0800: 4639.322: Total time for which application threads were stopped: 0.0004118 seconds, Stopping threads took: 0.0000225 seconds
2018-12-01T14:45:29.604-0800: 4642.141: Total time for which application threads were stopped: 0.0001532 seconds, Stopping threads took: 0.0000367 seconds
2018-12-01T14:45:35.073-0800: 4647.611: Total time for which application threads were stopped: 0.0001354 seconds, Stopping threads took: 0.0000321 seconds
2018-12-01T14:45:40.721-0800: 4653.258: Total time for which application threads were stopped: 0.0001222 seconds, Stopping threads took: 0.0000303 seconds
2018-12-01T14:45:43.193-0800: 4655.730: Total time for which application threads were stopped: 0.0002322 seconds, Stopping threads took: 0.0000914 seconds
2018-12-01T14:45:45.074-0800: 4657.611: Total time for which application threads were stopped: 0.0001489 seconds, Stopping threads took: 0.0000363 seconds
2018-12-01T14:45:50.577-0800: 4663.113: Total time for which application threads were stopped: 0.0001415 seconds, Stopping threads took: 0.0000339 seconds
2018-12-01T14:45:55.577-0800: 4668.114: Total time for which application threads were stopped: 0.0001719 seconds, Stopping threads took: 0.0000379 seconds
2018-12-01T14:46:01.062-0800: 4673.598: Total time for which application threads were stopped: 0.0002056 seconds, Stopping threads took: 0.0000213 seconds
2018-12-01T14:46:06.060-0800: 4678.597: Total time for which application threads were stopped: 0.0001640 seconds, Stopping threads took: 0.0000609 seconds
2018-12-01T14:46:11.493-0800: 4684.029: Total time for which application threads were stopped: 0.0001581 seconds, Stopping threads took: 0.0000372 seconds
2018-12-01T14:46:16.496-0800: 4689.033: Total time for which application threads were stopped: 0.0001807 seconds, Stopping threads took: 0.0000407 seconds
2018-12-01T14:46:21.779-0800: 4694.315: Total time for which application threads were stopped: 0.0001456 seconds, Stopping threads took: 0.0000718 seconds
2018-12-01T14:46:21.786-0800: 4694.322: Total time for which application threads were stopped: 0.0001850 seconds, Stopping threads took: 0.0000194 seconds
2018-12-01T14:46:21.787-0800: 4694.323: Total time for which application threads were stopped: 0.0000520 seconds, Stopping threads took: 0.0000091 seconds
2018-12-01T14:46:21.787-0800: 4694.323: Total time for which application threads were stopped: 0.0000396 seconds, Stopping threads took: 0.0000072 seconds
2018-12-01T14:46:21.788-0800: 4694.324: Total time for which application threads were stopped: 0.0000925 seconds, Stopping threads took: 0.0000194 seconds
2018-12-01T14:46:21.931-0800: 4694.467: Total time for which application threads were stopped: 0.0001355 seconds, Stopping threads took: 0.0000321 seconds
2018-12-01T14:46:26.783-0800: 4699.319: Total time for which application threads were stopped: 0.0001629 seconds, Stopping threads took: 0.0000381 seconds
2018-12-01T14:46:26.784-0800: 4699.320: Total time for which application threads were stopped: 0.0001049 seconds, Stopping threads took: 0.0000201 seconds
2018-12-01T14:46:26.931-0800: 4699.466: Total time for which application threads were stopped: 0.0001191 seconds, Stopping threads took: 0.0000283 seconds
2018-12-01T14:46:32.320-0800: 4704.855: Total time for which application threads were stopped: 0.0001750 seconds, Stopping threads took: 0.0000218 seconds
2018-12-01T14:46:37.323-0800: 4709.859: Total time for which application threads were stopped: 0.0001208 seconds, Stopping threads took: 0.0000295 seconds
2018-12-01T14:46:42.800-0800: 4715.335: Total time for which application threads were stopped: 0.0001378 seconds, Stopping threads took: 0.0000337 seconds
2018-12-01T14:46:47.805-0800: 4720.340: Total time for which application threads were stopped: 0.0001413 seconds, Stopping threads took: 0.0000344 seconds
2018-12-01T14:46:53.277-0800: 4725.812: Total time for which application threads were stopped: 0.0001452 seconds, Stopping threads took: 0.0000321 seconds
2018-12-01T14:46:58.281-0800: 4730.816: Total time for which application threads were stopped: 0.0001418 seconds, Stopping threads took: 0.0000348 seconds
2018-12-01T14:47:03.761-0800: 4736.295: Total time for which application threads were stopped: 0.0001432 seconds, Stopping threads took: 0.0000341 seconds
2018-12-01T14:47:08.761-0800: 4741.295: Total time for which application threads were stopped: 0.0001403 seconds, Stopping threads took: 0.0000336 seconds
2018-12-01T14:47:14.157-0800: 4746.691: Total time for which application threads were stopped: 0.0002107 seconds, Stopping threads took: 0.0000414 seconds
2018-12-01T14:47:15.927-0800: 4748.462: Total time for which application threads were stopped: 0.0000860 seconds, Stopping threads took: 0.0000195 seconds
2018-12-01T14:47:19.156-0800: 4751.690: Total time for which application threads were stopped: 0.0004050 seconds, Stopping threads took: 0.0001083 seconds
2018-12-01T14:47:21.776-0800: 4754.310: Total time for which application threads were stopped: 0.0001416 seconds, Stopping threads took: 0.0000713 seconds
2018-12-01T14:47:21.780-0800: 4754.314: Total time for which application threads were stopped: 0.0002326 seconds, Stopping threads took: 0.0000179 seconds
2018-12-01T14:47:21.781-0800: 4754.315: Total time for which application threads were stopped: 0.0002520 seconds, Stopping threads took: 0.0000218 seconds
2018-12-01T14:47:21.785-0800: 4754.319: Total time for which application threads were stopped: 0.0002110 seconds, Stopping threads took: 0.0000267 seconds
2018-12-01T14:47:21.789-0800: 4754.323: Total time for which application threads were stopped: 0.0000920 seconds, Stopping threads took: 0.0000199 seconds
2018-12-01T14:47:22.585-0800: 4755.120: Total time for which application threads were stopped: 0.0001423 seconds, Stopping threads took: 0.0000338 seconds
2018-12-01T14:47:24.161-0800: 4756.695: Total time for which application threads were stopped: 0.0001438 seconds, Stopping threads took: 0.0000343 seconds
2018-12-01T14:47:26.781-0800: 4759.315: Total time for which application threads were stopped: 0.0003233 seconds, Stopping threads took: 0.0000316 seconds
2018-12-01T14:47:26.781-0800: 4759.315: Total time for which application threads were stopped: 0.0001051 seconds, Stopping threads took: 0.0000205 seconds
2018-12-01T14:47:29.157-0800: 4761.691: Total time for which application threads were stopped: 0.0001270 seconds, Stopping threads took: 0.0000311 seconds
2018-12-01T14:47:34.627-0800: 4767.160: Total time for which application threads were stopped: 0.0001420 seconds, Stopping threads took: 0.0000346 seconds
2018-12-01T14:47:39.626-0800: 4772.159: Total time for which application threads were stopped: 0.0000949 seconds, Stopping threads took: 0.0000308 seconds
2018-12-01T14:47:44.852-0800: 4777.386: Total time for which application threads were stopped: 0.0001410 seconds, Stopping threads took: 0.0000347 seconds
2018-12-01T14:47:50.345-0800: 4782.879: Total time for which application threads were stopped: 0.0001390 seconds, Stopping threads took: 0.0000342 seconds
2018-12-01T14:47:55.342-0800: 4787.875: Total time for which application threads were stopped: 0.0001071 seconds, Stopping threads took: 0.0000287 seconds
2018-12-01T14:47:57.018-0800: 4789.552: Total time for which application threads were stopped: 0.0000789 seconds, Stopping threads took: 0.0000199 seconds
2018-12-01T14:47:58.896-0800: 4791.429: Total time for which application threads were stopped: 0.0001479 seconds, Stopping threads took: 0.0000238 seconds
2018-12-01T14:48:00.823-0800: 4793.356: Total time for which application threads were stopped: 0.0001559 seconds, Stopping threads took: 0.0000596 seconds
2018-12-01T14:48:05.343-0800: 4797.876: Total time for which application threads were stopped: 0.0003929 seconds, Stopping threads took: 0.0000363 seconds
2018-12-01T14:48:07.517-0800: 4800.050: Total time for which application threads were stopped: 0.0001236 seconds, Stopping threads took: 0.0000305 seconds
2018-12-01T14:48:10.717-0800: 4803.250: Total time for which application threads were stopped: 0.0001428 seconds, Stopping threads took: 0.0000370 seconds
2018-12-01T14:48:11.721-0800: 4804.254: Total time for which application threads were stopped: 0.0001530 seconds, Stopping threads took: 0.0000320 seconds
2018-12-01T14:48:12.020-0800: 4804.553: Total time for which application threads were stopped: 0.0001244 seconds, Stopping threads took: 0.0000295 seconds
2018-12-01T14:48:15.343-0800: 4807.876: Total time for which application threads were stopped: 0.0001860 seconds, Stopping threads took: 0.0000317 seconds
2018-12-01T14:48:21.665-0800: 4814.198: Total time for which application threads were stopped: 0.0001443 seconds, Stopping threads took: 0.0000354 seconds
2018-12-01T14:48:21.772-0800: 4814.304: Total time for which application threads were stopped: 0.0001396 seconds, Stopping threads took: 0.0000709 seconds
2018-12-01T14:48:21.780-0800: 4814.312: Total time for which application threads were stopped: 0.0001834 seconds, Stopping threads took: 0.0000824 seconds
2018-12-01T14:48:21.782-0800: 4814.315: Total time for which application threads were stopped: 0.0000891 seconds, Stopping threads took: 0.0000189 seconds
2018-12-01T14:48:23.109-0800: 4815.641: Total time for which application threads were stopped: 0.0001420 seconds, Stopping threads took: 0.0000339 seconds
2018-12-01T14:48:25.813-0800: 4818.346: Total time for which application threads were stopped: 0.0001444 seconds, Stopping threads took: 0.0000335 seconds
2018-12-01T14:48:26.777-0800: 4819.310: Total time for which application threads were stopped: 0.0001295 seconds, Stopping threads took: 0.0000290 seconds
2018-12-01T14:48:26.777-0800: 4819.310: Total time for which application threads were stopped: 0.0000762 seconds, Stopping threads took: 0.0000137 seconds
2018-12-01T14:48:29.357-0800: 4821.889: Total time for which application threads were stopped: 0.0001425 seconds, Stopping threads took: 0.0000274 seconds
2018-12-01T14:48:30.810-0800: 4823.342: Total time for which application threads were stopped: 0.0001472 seconds, Stopping threads took: 0.0000344 seconds
2018-12-01T14:48:36.101-0800: 4828.634: Total time for which application threads were stopped: 0.0001493 seconds, Stopping threads took: 0.0000356 seconds
2018-12-01T14:48:41.323-0800: 4833.856: Total time for which application threads were stopped: 0.0001362 seconds, Stopping threads took: 0.0000343 seconds
2018-12-01T14:48:42.715-0800: 4835.247: Total time for which application threads were stopped: 0.0001426 seconds, Stopping threads took: 0.0000350 seconds
2018-12-01T14:48:46.675-0800: 4839.208: Total time for which application threads were stopped: 0.0001403 seconds, Stopping threads took: 0.0000333 seconds
2018-12-01T14:48:48.621-0800: 4841.153: Total time for which application threads were stopped: 0.0001389 seconds, Stopping threads took: 0.0000330 seconds
2018-12-01T14:48:51.099-0800: 4843.632: Total time for which application threads were stopped: 0.0001523 seconds, Stopping threads took: 0.0000315 seconds
2018-12-01T14:48:56.564-0800: 4849.096: Total time for which application threads were stopped: 0.0001500 seconds, Stopping threads took: 0.0000363 seconds
2018-12-01T14:49:01.561-0800: 4854.093: Total time for which application threads were stopped: 0.0000780 seconds, Stopping threads took: 0.0000192 seconds
2018-12-01T14:49:04.878-0800: 4857.410: Total time for which application threads were stopped: 0.0004404 seconds, Stopping threads took: 0.0002308 seconds
2018-12-01T14:49:06.564-0800: 4859.096: Total time for which application threads were stopped: 0.0001446 seconds, Stopping threads took: 0.0000341 seconds
2018-12-01T14:49:12.036-0800: 4864.568: Total time for which application threads were stopped: 0.0001196 seconds, Stopping threads took: 0.0000282 seconds
2018-12-01T14:49:17.036-0800: 4869.568: Total time for which application threads were stopped: 0.0001803 seconds, Stopping threads took: 0.0000377 seconds
2018-12-01T14:49:21.775-0800: 4874.307: Total time for which application threads were stopped: 0.0001190 seconds, Stopping threads took: 0.0000509 seconds
2018-12-01T14:49:21.783-0800: 4874.315: Total time for which application threads were stopped: 0.0001131 seconds, Stopping threads took: 0.0000211 seconds
2018-12-01T14:49:22.533-0800: 4875.065: Total time for which application threads were stopped: 0.0001186 seconds, Stopping threads took: 0.0000279 seconds
2018-12-01T14:49:26.779-0800: 4879.310: Total time for which application threads were stopped: 0.0001398 seconds, Stopping threads took: 0.0000318 seconds
2018-12-01T14:49:26.779-0800: 4879.310: Total time for which application threads were stopped: 0.0000711 seconds, Stopping threads took: 0.0000123 seconds
2018-12-01T14:49:28.467-0800: 4880.999: Total time for which application threads were stopped: 0.0001207 seconds, Stopping threads took: 0.0000297 seconds
2018-12-01T14:49:32.533-0800: 4885.065: Total time for which application threads were stopped: 0.0001225 seconds, Stopping threads took: 0.0000289 seconds
2018-12-01T14:49:38.036-0800: 4890.568: Total time for which application threads were stopped: 0.0001511 seconds, Stopping threads took: 0.0000418 seconds
2018-12-01T14:49:43.037-0800: 4895.568: Total time for which application threads were stopped: 0.0003066 seconds, Stopping threads took: 0.0000342 seconds
2018-12-01T14:49:48.525-0800: 4901.056: Total time for which application threads were stopped: 0.0001435 seconds, Stopping threads took: 0.0000337 seconds
2018-12-01T14:49:53.522-0800: 4906.053: Total time for which application threads were stopped: 0.0001445 seconds, Stopping threads took: 0.0000347 seconds
2018-12-01T14:49:58.973-0800: 4911.504: Total time for which application threads were stopped: 0.0001573 seconds, Stopping threads took: 0.0000413 seconds
2018-12-01T14:50:03.979-0800: 4916.509: Total time for which application threads were stopped: 0.0001420 seconds, Stopping threads took: 0.0000341 seconds
2018-12-01T14:50:08.977-0800: 4921.507: Total time for which application threads were stopped: 0.0002605 seconds, Stopping threads took: 0.0000572 seconds
2018-12-01T14:50:14.451-0800: 4926.981: Total time for which application threads were stopped: 0.0001553 seconds, Stopping threads took: 0.0000326 seconds
2018-12-01T14:50:19.451-0800: 4931.981: Total time for which application threads were stopped: 0.0001408 seconds, Stopping threads took: 0.0000334 seconds
2018-12-01T14:50:21.777-0800: 4934.307: Total time for which application threads were stopped: 0.0001411 seconds, Stopping threads took: 0.0000688 seconds
2018-12-01T14:50:21.783-0800: 4934.313: Total time for which application threads were stopped: 0.0000896 seconds, Stopping threads took: 0.0000247 seconds
2018-12-01T14:50:21.783-0800: 4934.313: Total time for which application threads were stopped: 0.0000582 seconds, Stopping threads took: 0.0000101 seconds
2018-12-01T14:50:21.783-0800: 4934.313: Total time for which application threads were stopped: 0.0000397 seconds, Stopping threads took: 0.0000078 seconds
2018-12-01T14:50:21.785-0800: 4934.315: Total time for which application threads were stopped: 0.0000905 seconds, Stopping threads took: 0.0000171 seconds
2018-12-01T14:50:24.910-0800: 4937.440: Total time for which application threads were stopped: 0.0001467 seconds, Stopping threads took: 0.0000358 seconds
2018-12-01T14:50:26.780-0800: 4939.310: Total time for which application threads were stopped: 0.0001605 seconds, Stopping threads took: 0.0000332 seconds
2018-12-01T14:50:26.780-0800: 4939.310: Total time for which application threads were stopped: 0.0000869 seconds, Stopping threads took: 0.0000154 seconds
2018-12-01T14:50:29.911-0800: 4942.441: Total time for which application threads were stopped: 0.0001431 seconds, Stopping threads took: 0.0000355 seconds
2018-12-01T14:50:35.239-0800: 4947.769: Total time for which application threads were stopped: 0.0001305 seconds, Stopping threads took: 0.0000326 seconds
2018-12-01T14:50:40.244-0800: 4952.774: Total time for which application threads were stopped: 0.0001376 seconds, Stopping threads took: 0.0000332 seconds
2018-12-01T14:50:45.639-0800: 4958.169: Total time for which application threads were stopped: 0.0001490 seconds, Stopping threads took: 0.0000376 seconds
2018-12-01T14:50:50.642-0800: 4963.171: Total time for which application threads were stopped: 0.0001486 seconds, Stopping threads took: 0.0000367 seconds
2018-12-01T14:50:56.039-0800: 4968.568: Total time for which application threads were stopped: 0.0001495 seconds, Stopping threads took: 0.0000317 seconds
2018-12-01T14:51:01.039-0800: 4973.568: Total time for which application threads were stopped: 0.0001399 seconds, Stopping threads took: 0.0000338 seconds
2018-12-01T14:51:06.511-0800: 4979.040: Total time for which application threads were stopped: 0.0001399 seconds, Stopping threads took: 0.0000330 seconds
2018-12-01T14:51:11.512-0800: 4984.040: Total time for which application threads were stopped: 0.0001408 seconds, Stopping threads took: 0.0000328 seconds
2018-12-01T14:51:16.911-0800: 4989.439: Total time for which application threads were stopped: 0.0001460 seconds, Stopping threads took: 0.0000349 seconds
2018-12-01T14:51:21.778-0800: 4994.307: Total time for which application threads were stopped: 0.0001408 seconds, Stopping threads took: 0.0000631 seconds
2018-12-01T14:51:21.785-0800: 4994.313: Total time for which application threads were stopped: 0.0000842 seconds, Stopping threads took: 0.0000210 seconds
2018-12-01T14:51:21.785-0800: 4994.314: Total time for which application threads were stopped: 0.0000504 seconds, Stopping threads took: 0.0000086 seconds
2018-12-01T14:51:21.785-0800: 4994.314: Total time for which application threads were stopped: 0.0000394 seconds, Stopping threads took: 0.0000071 seconds
2018-12-01T14:51:21.787-0800: 4994.316: Total time for which application threads were stopped: 0.0001611 seconds, Stopping threads took: 0.0000235 seconds
2018-12-01T14:51:21.907-0800: 4994.435: Total time for which application threads were stopped: 0.0001275 seconds, Stopping threads took: 0.0000313 seconds
2018-12-01T14:51:26.785-0800: 4999.313: Total time for which application threads were stopped: 0.0001545 seconds, Stopping threads took: 0.0000345 seconds
2018-12-01T14:51:26.785-0800: 4999.313: Total time for which application threads were stopped: 0.0001069 seconds, Stopping threads took: 0.0000217 seconds
2018-12-01T14:51:27.377-0800: 4999.906: Total time for which application threads were stopped: 0.0003135 seconds, Stopping threads took: 0.0000336 seconds
2018-12-01T14:51:32.379-0800: 5004.907: Total time for which application threads were stopped: 0.0001413 seconds, Stopping threads took: 0.0000346 seconds
2018-12-01T14:51:37.863-0800: 5010.391: Total time for which application threads were stopped: 0.0001454 seconds, Stopping threads took: 0.0000354 seconds
2018-12-01T14:51:42.864-0800: 5015.392: Total time for which application threads were stopped: 0.0001437 seconds, Stopping threads took: 0.0000352 seconds
2018-12-01T14:51:48.310-0800: 5020.838: Total time for which application threads were stopped: 0.0001487 seconds, Stopping threads took: 0.0000350 seconds
2018-12-01T14:51:53.313-0800: 5025.841: Total time for which application threads were stopped: 0.0001426 seconds, Stopping threads took: 0.0000349 seconds
2018-12-01T14:51:58.810-0800: 5031.337: Total time for which application threads were stopped: 0.0001512 seconds, Stopping threads took: 0.0000388 seconds
2018-12-01T14:52:03.812-0800: 5036.339: Total time for which application threads were stopped: 0.0001506 seconds, Stopping threads took: 0.0000378 seconds
2018-12-01T14:52:08.809-0800: 5041.336: Total time for which application threads were stopped: 0.0000780 seconds, Stopping threads took: 0.0000198 seconds
2018-12-01T14:52:11.816-0800: 5044.343: Total time for which application threads were stopped: 0.0001630 seconds, Stopping threads took: 0.0000366 seconds
2018-12-01T14:52:14.180-0800: 5046.707: Total time for which application threads were stopped: 0.0001403 seconds, Stopping threads took: 0.0000336 seconds
2018-12-01T14:52:19.181-0800: 5051.707: Total time for which application threads were stopped: 0.0001435 seconds, Stopping threads took: 0.0000363 seconds
2018-12-01T14:52:21.778-0800: 5054.304: Total time for which application threads were stopped: 0.0001042 seconds, Stopping threads took: 0.0000384 seconds
2018-12-01T14:52:21.785-0800: 5054.312: Total time for which application threads were stopped: 0.0000920 seconds, Stopping threads took: 0.0000187 seconds
2018-12-01T14:52:21.785-0800: 5054.312: Total time for which application threads were stopped: 0.0000583 seconds, Stopping threads took: 0.0000105 seconds
2018-12-01T14:52:21.786-0800: 5054.312: Total time for which application threads were stopped: 0.0000517 seconds, Stopping threads took: 0.0000132 seconds
2018-12-01T14:52:21.787-0800: 5054.314: Total time for which application threads were stopped: 0.0000875 seconds, Stopping threads took: 0.0000164 seconds
2018-12-01T14:52:24.647-0800: 5057.173: Total time for which application threads were stopped: 0.0001427 seconds, Stopping threads took: 0.0000336 seconds
2018-12-01T14:52:26.784-0800: 5059.311: Total time for which application threads were stopped: 0.0001534 seconds, Stopping threads took: 0.0000330 seconds
2018-12-01T14:52:26.785-0800: 5059.311: Total time for which application threads were stopped: 0.0001055 seconds, Stopping threads took: 0.0000219 seconds
2018-12-01T14:52:29.647-0800: 5062.173: Total time for which application threads were stopped: 0.0001514 seconds, Stopping threads took: 0.0000366 seconds
2018-12-01T14:52:35.136-0800: 5067.662: Total time for which application threads were stopped: 0.0001405 seconds, Stopping threads took: 0.0000346 seconds
2018-12-01T14:52:40.136-0800: 5072.662: Total time for which application threads were stopped: 0.0001437 seconds, Stopping threads took: 0.0000356 seconds
2018-12-01T14:52:45.613-0800: 5078.139: Total time for which application threads were stopped: 0.0001409 seconds, Stopping threads took: 0.0000345 seconds
2018-12-01T14:52:50.616-0800: 5083.142: Total time for which application threads were stopped: 0.0001431 seconds, Stopping threads took: 0.0000342 seconds
2018-12-01T14:52:55.914-0800: 5088.440: Total time for which application threads were stopped: 0.0001420 seconds, Stopping threads took: 0.0000341 seconds
2018-12-01T14:53:00.913-0800: 5093.439: Total time for which application threads were stopped: 0.0001570 seconds, Stopping threads took: 0.0000383 seconds
2018-12-01T14:53:06.310-0800: 5098.836: Total time for which application threads were stopped: 0.0001501 seconds, Stopping threads took: 0.0000363 seconds
2018-12-01T14:53:11.313-0800: 5103.838: Total time for which application threads were stopped: 0.0001465 seconds, Stopping threads took: 0.0000369 seconds
2018-12-01T14:53:14.590-0800: 5107.116: Total time for which application threads were stopped: 0.0001242 seconds, Stopping threads took: 0.0000313 seconds
2018-12-01T14:53:16.316-0800: 5108.841: Total time for which application threads were stopped: 0.0003141 seconds, Stopping threads took: 0.0000356 seconds
2018-12-01T14:53:21.638-0800: 5114.163: Total time for which application threads were stopped: 0.0001428 seconds, Stopping threads took: 0.0000349 seconds
2018-12-01T14:53:21.778-0800: 5114.303: Total time for which application threads were stopped: 0.0001432 seconds, Stopping threads took: 0.0000748 seconds
2018-12-01T14:53:21.786-0800: 5114.311: Total time for which application threads were stopped: 0.0000973 seconds, Stopping threads took: 0.0000324 seconds
2018-12-01T14:53:21.786-0800: 5114.311: Total time for which application threads were stopped: 0.0000756 seconds, Stopping threads took: 0.0000258 seconds
2018-12-01T14:53:21.786-0800: 5114.311: Total time for which application threads were stopped: 0.0000515 seconds, Stopping threads took: 0.0000115 seconds
2018-12-01T14:53:21.790-0800: 5114.315: Total time for which application threads were stopped: 0.0001009 seconds, Stopping threads took: 0.0000191 seconds
2018-12-01T14:53:26.638-0800: 5119.163: Total time for which application threads were stopped: 0.0001458 seconds, Stopping threads took: 0.0000355 seconds
2018-12-01T14:53:26.783-0800: 5119.308: Total time for which application threads were stopped: 0.0001523 seconds, Stopping threads took: 0.0000320 seconds
2018-12-01T14:53:26.783-0800: 5119.308: Total time for which application threads were stopped: 0.0000858 seconds, Stopping threads took: 0.0000157 seconds
2018-12-01T14:53:32.045-0800: 5124.569: Total time for which application threads were stopped: 0.0001525 seconds, Stopping threads took: 0.0000352 seconds
2018-12-01T14:53:37.046-0800: 5129.570: Total time for which application threads were stopped: 0.0001406 seconds, Stopping threads took: 0.0000344 seconds
2018-12-01T14:53:42.322-0800: 5134.847: Total time for which application threads were stopped: 0.0001413 seconds, Stopping threads took: 0.0000340 seconds
2018-12-01T14:53:47.328-0800: 5139.852: Total time for which application threads were stopped: 0.0001435 seconds, Stopping threads took: 0.0000353 seconds
2018-12-01T14:53:52.818-0800: 5145.339: Total time for which application threads were stopped: 0.0001394 seconds, Stopping threads took: 0.0000341 seconds
2018-12-01T14:53:58.226-0800: 5150.744: Total time for which application threads were stopped: 0.0001943 seconds, Stopping threads took: 0.0000434 seconds
2018-12-01T14:54:03.712-0800: 5156.227: Total time for which application threads were stopped: 0.0001426 seconds, Stopping threads took: 0.0000356 seconds
2018-12-01T14:54:51.253-0800: 5159.238: Total time for which application threads were stopped: 0.0001237 seconds, Stopping threads took: 0.0000309 seconds
2018-12-01T14:54:53.245-0800: 5161.230: Total time for which application threads were stopped: 0.0001420 seconds, Stopping threads took: 0.0000444 seconds
2018-12-01T14:54:54.536-0800: 5162.407: Total time for which application threads were stopped: 0.0001376 seconds, Stopping threads took: 0.0000323 seconds
2018-12-01T14:54:58.351-0800: 5166.221: Total time for which application threads were stopped: 0.0001160 seconds, Stopping threads took: 0.0000255 seconds
2018-12-01T14:55:02.371-0800: 5170.242: Total time for which application threads were stopped: 0.0001398 seconds, Stopping threads took: 0.0000325 seconds
2018-12-01T14:55:03.420-0800: 5171.291: Total time for which application threads were stopped: 0.0001246 seconds, Stopping threads took: 0.0000298 seconds
2018-12-01T14:55:06.427-0800: 5174.298: Total time for which application threads were stopped: 0.0002224 seconds, Stopping threads took: 0.0000843 seconds
2018-12-01T14:55:06.438-0800: 5174.308: Total time for which application threads were stopped: 0.0001029 seconds, Stopping threads took: 0.0000168 seconds
2018-12-01T14:55:08.864-0800: 5176.734: Total time for which application threads were stopped: 0.0001509 seconds, Stopping threads took: 0.0000374 seconds
2018-12-01T14:55:11.429-0800: 5179.300: Total time for which application threads were stopped: 0.0000839 seconds, Stopping threads took: 0.0000186 seconds
2018-12-01T14:55:11.429-0800: 5179.300: Total time for which application threads were stopped: 0.0000426 seconds, Stopping threads took: 0.0000074 seconds
2018-12-01T14:55:13.867-0800: 5181.737: Total time for which application threads were stopped: 0.0001449 seconds, Stopping threads took: 0.0000360 seconds
2018-12-01T14:55:19.348-0800: 5187.218: Total time for which application threads were stopped: 0.0001960 seconds, Stopping threads took: 0.0000405 seconds
2018-12-01T14:55:21.771-0800: 5189.641: Total time for which application threads were stopped: 0.0001141 seconds, Stopping threads took: 0.0000388 seconds
2018-12-01T14:55:21.781-0800: 5189.651: Total time for which application threads were stopped: 0.0001101 seconds, Stopping threads took: 0.0000206 seconds
2018-12-01T14:55:24.349-0800: 5192.219: Total time for which application threads were stopped: 0.0001599 seconds, Stopping threads took: 0.0000386 seconds
2018-12-01T14:55:26.773-0800: 5194.643: Total time for which application threads were stopped: 0.0001519 seconds, Stopping threads took: 0.0000305 seconds
2018-12-01T14:55:26.773-0800: 5194.643: Total time for which application threads were stopped: 0.0001063 seconds, Stopping threads took: 0.0000217 seconds
2018-12-01T14:55:29.749-0800: 5197.619: Total time for which application threads were stopped: 0.0002697 seconds, Stopping threads took: 0.0000308 seconds
2018-12-01T14:55:34.751-0800: 5202.621: Total time for which application threads were stopped: 0.0001450 seconds, Stopping threads took: 0.0000367 seconds
2018-12-01T14:55:40.222-0800: 5208.092: Total time for which application threads were stopped: 0.0001407 seconds, Stopping threads took: 0.0000347 seconds
2018-12-01T14:55:45.223-0800: 5213.092: Total time for which application threads were stopped: 0.0001525 seconds, Stopping threads took: 0.0000353 seconds
2018-12-01T14:55:50.620-0800: 5218.489: Total time for which application threads were stopped: 0.0001519 seconds, Stopping threads took: 0.0000349 seconds
2018-12-01T14:55:55.621-0800: 5223.490: Total time for which application threads were stopped: 0.0001503 seconds, Stopping threads took: 0.0000352 seconds
2018-12-01T14:56:01.009-0800: 5228.878: Total time for which application threads were stopped: 0.0001444 seconds, Stopping threads took: 0.0000354 seconds
2018-12-01T14:56:06.004-0800: 5233.873: Total time for which application threads were stopped: 0.0000858 seconds, Stopping threads took: 0.0000217 seconds
2018-12-01T14:56:11.472-0800: 5239.341: Total time for which application threads were stopped: 0.0001422 seconds, Stopping threads took: 0.0000347 seconds
2018-12-01T14:56:16.473-0800: 5244.341: Total time for which application threads were stopped: 0.0001378 seconds, Stopping threads took: 0.0000329 seconds
2018-12-01T14:56:21.777-0800: 5249.645: Total time for which application threads were stopped: 0.0001413 seconds, Stopping threads took: 0.0000700 seconds
2018-12-01T14:56:21.785-0800: 5249.654: Total time for which application threads were stopped: 0.0000902 seconds, Stopping threads took: 0.0000172 seconds
2018-12-01T14:56:21.938-0800: 5249.806: Total time for which application threads were stopped: 0.0001285 seconds, Stopping threads took: 0.0000317 seconds
2018-12-01T14:56:26.781-0800: 5254.649: Total time for which application threads were stopped: 0.0001595 seconds, Stopping threads took: 0.0000353 seconds
2018-12-01T14:56:26.781-0800: 5254.649: Total time for which application threads were stopped: 0.0000941 seconds, Stopping threads took: 0.0000171 seconds
2018-12-01T14:56:26.942-0800: 5254.810: Total time for which application threads were stopped: 0.0001955 seconds, Stopping threads took: 0.0000449 seconds
2018-12-01T14:56:32.239-0800: 5260.107: Total time for which application threads were stopped: 0.0001448 seconds, Stopping threads took: 0.0000356 seconds
2018-12-01T14:56:37.239-0800: 5265.107: Total time for which application threads were stopped: 0.0001182 seconds, Stopping threads took: 0.0000285 seconds
2018-12-01T14:56:42.703-0800: 5270.571: Total time for which application threads were stopped: 0.0001226 seconds, Stopping threads took: 0.0000301 seconds
2018-12-01T14:56:47.707-0800: 5275.575: Total time for which application threads were stopped: 0.0001389 seconds, Stopping threads took: 0.0000329 seconds
2018-12-01T14:56:53.163-0800: 5281.031: Total time for which application threads were stopped: 0.0001221 seconds, Stopping threads took: 0.0000295 seconds
2018-12-01T14:56:58.162-0800: 5286.029: Total time for which application threads were stopped: 0.0001414 seconds, Stopping threads took: 0.0000356 seconds
2018-12-01T14:57:03.601-0800: 5291.468: Total time for which application threads were stopped: 0.0001430 seconds, Stopping threads took: 0.0000346 seconds
2018-12-01T14:57:07.470-0800: 5295.337: Total time for which application threads were stopped: 0.0001434 seconds, Stopping threads took: 0.0000338 seconds
2018-12-01T14:57:08.599-0800: 5296.466: Total time for which application threads were stopped: 0.0001456 seconds, Stopping threads took: 0.0000367 seconds
2018-12-01T14:57:14.005-0800: 5301.872: Total time for which application threads were stopped: 0.0001410 seconds, Stopping threads took: 0.0000335 seconds
2018-12-01T14:57:19.009-0800: 5306.876: Total time for which application threads were stopped: 0.0003123 seconds, Stopping threads took: 0.0000353 seconds
2018-12-01T14:57:21.777-0800: 5309.644: Total time for which application threads were stopped: 0.0001385 seconds, Stopping threads took: 0.0000701 seconds
2018-12-01T14:57:21.783-0800: 5309.649: Total time for which application threads were stopped: 0.0000844 seconds, Stopping threads took: 0.0000191 seconds
2018-12-01T14:57:21.783-0800: 5309.650: Total time for which application threads were stopped: 0.0000497 seconds, Stopping threads took: 0.0000084 seconds
2018-12-01T14:57:21.783-0800: 5309.650: Total time for which application threads were stopped: 0.0000390 seconds, Stopping threads took: 0.0000070 seconds
2018-12-01T14:57:21.784-0800: 5309.651: Total time for which application threads were stopped: 0.0000866 seconds, Stopping threads took: 0.0000188 seconds
2018-12-01T14:57:24.419-0800: 5312.286: Total time for which application threads were stopped: 0.0001432 seconds, Stopping threads took: 0.0000353 seconds
2018-12-01T14:57:26.783-0800: 5314.649: Total time for which application threads were stopped: 0.0001517 seconds, Stopping threads took: 0.0000320 seconds
2018-12-01T14:57:26.783-0800: 5314.649: Total time for which application threads were stopped: 0.0001045 seconds, Stopping threads took: 0.0000216 seconds
2018-12-01T14:57:29.420-0800: 5317.286: Total time for which application threads were stopped: 0.0001430 seconds, Stopping threads took: 0.0000348 seconds
2018-12-01T14:57:34.876-0800: 5322.742: Total time for which application threads were stopped: 0.0002659 seconds, Stopping threads took: 0.0000438 seconds
2018-12-01T14:57:39.885-0800: 5327.751: Total time for which application threads were stopped: 0.0002593 seconds, Stopping threads took: 0.0000434 seconds
2018-12-01T14:57:45.374-0800: 5333.240: Total time for which application threads were stopped: 0.0001410 seconds, Stopping threads took: 0.0000341 seconds
2018-12-01T14:57:50.816-0800: 5338.679: Total time for which application threads were stopped: 0.0001409 seconds, Stopping threads took: 0.0000357 seconds
2018-12-01T14:57:56.232-0800: 5344.088: Total time for which application threads were stopped: 0.0001475 seconds, Stopping threads took: 0.0000317 seconds
2018-12-01T14:59:53.339-0800: 5347.168: Total time for which application threads were stopped: 0.0004494 seconds, Stopping threads took: 0.0000792 seconds
2018-12-01T14:59:55.471-0800: 5349.299: Total time for which application threads were stopped: 0.0006565 seconds, Stopping threads took: 0.0000869 seconds
2018-12-01T14:59:57.463-0800: 5351.289: Total time for which application threads were stopped: 0.0001444 seconds, Stopping threads took: 0.0000344 seconds
2018-12-01T15:00:00.617-0800: 5354.643: Total time for which application threads were stopped: 0.0001305 seconds, Stopping threads took: 0.0000319 seconds
2018-12-01T15:00:04.089-0800: 5358.116: Total time for which application threads were stopped: 0.0000924 seconds, Stopping threads took: 0.0000243 seconds
2018-12-01T15:00:05.499-0800: 5359.525: Total time for which application threads were stopped: 0.0001031 seconds, Stopping threads took: 0.0000270 seconds
2018-12-01T15:00:10.502-0800: 5364.529: Total time for which application threads were stopped: 0.0001561 seconds, Stopping threads took: 0.0000386 seconds
2018-12-01T15:00:15.618-0800: 5369.644: Total time for which application threads were stopped: 0.0001484 seconds, Stopping threads took: 0.0000587 seconds
2018-12-01T15:00:15.624-0800: 5369.651: Total time for which application threads were stopped: 0.0002081 seconds, Stopping threads took: 0.0000842 seconds
2018-12-01T15:00:15.627-0800: 5369.654: Total time for which application threads were stopped: 0.0000972 seconds, Stopping threads took: 0.0000289 seconds
2018-12-01T15:00:15.627-0800: 5369.654: Total time for which application threads were stopped: 0.0000760 seconds, Stopping threads took: 0.0000242 seconds
2018-12-01T15:00:15.628-0800: 5369.654: Total time for which application threads were stopped: 0.0000719 seconds, Stopping threads took: 0.0000244 seconds
2018-12-01T15:00:15.630-0800: 5369.657: Total time for which application threads were stopped: 0.0000887 seconds, Stopping threads took: 0.0000200 seconds
2018-12-01T15:00:15.851-0800: 5369.877: Total time for which application threads were stopped: 0.0001646 seconds, Stopping threads took: 0.0000335 seconds
2018-12-01T15:00:20.627-0800: 5374.654: Total time for which application threads were stopped: 0.0001562 seconds, Stopping threads took: 0.0000348 seconds
2018-12-01T15:00:20.628-0800: 5374.654: Total time for which application threads were stopped: 0.0001079 seconds, Stopping threads took: 0.0000223 seconds
2018-12-01T15:00:20.853-0800: 5374.880: Total time for which application threads were stopped: 0.0001596 seconds, Stopping threads took: 0.0000356 seconds
2018-12-01T15:00:21.783-0800: 5375.809: Total time for which application threads were stopped: 0.0000980 seconds, Stopping threads took: 0.0000245 seconds
2018-12-01T15:00:26.339-0800: 5380.366: Total time for which application threads were stopped: 0.0001783 seconds, Stopping threads took: 0.0000372 seconds
2018-12-01T15:00:26.778-0800: 5380.805: Total time for which application threads were stopped: 0.0001531 seconds, Stopping threads took: 0.0000345 seconds
2018-12-01T15:00:26.779-0800: 5380.805: Total time for which application threads were stopped: 0.0001045 seconds, Stopping threads took: 0.0000212 seconds
2018-12-01T15:00:31.343-0800: 5385.369: Total time for which application threads were stopped: 0.0001602 seconds, Stopping threads took: 0.0000410 seconds
2018-12-01T15:00:36.819-0800: 5390.846: Total time for which application threads were stopped: 0.0001446 seconds, Stopping threads took: 0.0000360 seconds
2018-12-01T15:00:41.822-0800: 5395.849: Total time for which application threads were stopped: 0.0003230 seconds, Stopping threads took: 0.0000353 seconds
2018-12-01T15:00:47.313-0800: 5401.339: Total time for which application threads were stopped: 0.0001412 seconds, Stopping threads took: 0.0000323 seconds
2018-12-01T15:00:52.316-0800: 5406.342: Total time for which application threads were stopped: 0.0001452 seconds, Stopping threads took: 0.0000353 seconds
2018-12-01T15:00:57.760-0800: 5411.786: Total time for which application threads were stopped: 0.0001524 seconds, Stopping threads took: 0.0000362 seconds
2018-12-01T15:01:02.760-0800: 5416.786: Total time for which application threads were stopped: 0.0001457 seconds, Stopping threads took: 0.0000353 seconds
2018-12-01T15:01:08.260-0800: 5422.286: Total time for which application threads were stopped: 0.0001463 seconds, Stopping threads took: 0.0000350 seconds
2018-12-01T15:01:13.260-0800: 5427.286: Total time for which application threads were stopped: 0.0001453 seconds, Stopping threads took: 0.0000341 seconds
2018-12-01T15:01:18.736-0800: 5432.762: Total time for which application threads were stopped: 0.0001438 seconds, Stopping threads took: 0.0000335 seconds
2018-12-01T15:01:21.775-0800: 5435.801: Total time for which application threads were stopped: 0.0001418 seconds, Stopping threads took: 0.0000710 seconds
2018-12-01T15:01:21.787-0800: 5435.813: Total time for which application threads were stopped: 0.0001191 seconds, Stopping threads took: 0.0000386 seconds
2018-12-01T15:01:23.737-0800: 5437.762: Total time for which application threads were stopped: 0.0001467 seconds, Stopping threads took: 0.0000345 seconds
2018-12-01T15:01:26.782-0800: 5440.808: Total time for which application threads were stopped: 0.0001573 seconds, Stopping threads took: 0.0000340 seconds
2018-12-01T15:01:26.782-0800: 5440.808: Total time for which application threads were stopped: 0.0001057 seconds, Stopping threads took: 0.0000211 seconds
2018-12-01T15:01:28.770-0800: 5442.795: Total time for which application threads were stopped: 0.0001445 seconds, Stopping threads took: 0.0000342 seconds
2018-12-01T15:01:33.766-0800: 5447.792: Total time for which application threads were stopped: 0.0001425 seconds, Stopping threads took: 0.0000347 seconds
2018-12-01T15:01:39.245-0800: 5453.270: Total time for which application threads were stopped: 0.0001265 seconds, Stopping threads took: 0.0000316 seconds
2018-12-01T15:01:44.245-0800: 5458.270: Total time for which application threads were stopped: 0.0001603 seconds, Stopping threads took: 0.0000322 seconds
2018-12-01T15:01:49.607-0800: 5463.632: Total time for which application threads were stopped: 0.0001431 seconds, Stopping threads took: 0.0000325 seconds
2018-12-01T15:01:54.607-0800: 5468.632: Total time for which application threads were stopped: 0.0001441 seconds, Stopping threads took: 0.0000344 seconds
2018-12-01T15:02:00.083-0800: 5474.107: Total time for which application threads were stopped: 0.0001402 seconds, Stopping threads took: 0.0000333 seconds
2018-12-01T15:02:05.088-0800: 5479.112: Total time for which application threads were stopped: 0.0001480 seconds, Stopping threads took: 0.0000387 seconds
2018-12-01T15:02:10.573-0800: 5484.597: Total time for which application threads were stopped: 0.0001418 seconds, Stopping threads took: 0.0000325 seconds
2018-12-01T15:02:15.571-0800: 5489.595: Total time for which application threads were stopped: 0.0001445 seconds, Stopping threads took: 0.0000348 seconds
2018-12-01T15:02:21.774-0800: 5495.798: Total time for which application threads were stopped: 0.0001441 seconds, Stopping threads took: 0.0000712 seconds
2018-12-01T15:02:21.780-0800: 5495.804: Total time for which application threads were stopped: 0.0015308 seconds, Stopping threads took: 0.0000732 seconds
2018-12-01T15:02:21.782-0800: 5495.806: Total time for which application threads were stopped: 0.0001017 seconds, Stopping threads took: 0.0000343 seconds
2018-12-01T15:02:21.782-0800: 5495.806: Total time for which application threads were stopped: 0.0000733 seconds, Stopping threads took: 0.0000269 seconds
2018-12-01T15:02:21.783-0800: 5495.807: Total time for which application threads were stopped: 0.0001134 seconds, Stopping threads took: 0.0000374 seconds
2018-12-01T15:02:22.126-0800: 5496.150: Total time for which application threads were stopped: 0.0001751 seconds, Stopping threads took: 0.0000331 seconds
2018-12-01T15:02:26.035-0800: 5500.059: Total time for which application threads were stopped: 0.0001426 seconds, Stopping threads took: 0.0000337 seconds
2018-12-01T15:02:26.778-0800: 5500.802: Total time for which application threads were stopped: 0.0001549 seconds, Stopping threads took: 0.0000326 seconds
2018-12-01T15:02:26.778-0800: 5500.802: Total time for which application threads were stopped: 0.0002441 seconds, Stopping threads took: 0.0000158 seconds
2018-12-01T15:02:31.412-0800: 5505.436: Total time for which application threads were stopped: 0.0001397 seconds, Stopping threads took: 0.0000326 seconds
2018-12-01T15:02:36.413-0800: 5510.436: Total time for which application threads were stopped: 0.0001708 seconds, Stopping threads took: 0.0000569 seconds
2018-12-01T15:02:41.786-0800: 5515.810: Total time for which application threads were stopped: 0.0001443 seconds, Stopping threads took: 0.0000324 seconds
2018-12-01T15:02:46.788-0800: 5520.811: Total time for which application threads were stopped: 0.0001421 seconds, Stopping threads took: 0.0000329 seconds
2018-12-01T15:02:52.123-0800: 5526.146: Total time for which application threads were stopped: 0.0001432 seconds, Stopping threads took: 0.0000332 seconds
2018-12-01T15:02:57.115-0800: 5531.137: Total time for which application threads were stopped: 0.0001535 seconds, Stopping threads took: 0.0000356 seconds
2018-12-01T15:03:02.593-0800: 5536.623: Total time for which application threads were stopped: 0.0001367 seconds, Stopping threads took: 0.0000308 seconds
2018-12-01T15:03:07.881-0800: 5541.921: Total time for which application threads were stopped: 0.0002541 seconds, Stopping threads took: 0.0000609 seconds
2018-12-01T15:14:47.310-0800: 5548.017: Total time for which application threads were stopped: 0.0001433 seconds, Stopping threads took: 0.0000343 seconds
2018-12-01T15:14:51.132-0800: 5552.336: Total time for which application threads were stopped: 0.0000798 seconds, Stopping threads took: 0.0000202 seconds
2018-12-01T15:14:53.593-0800: 5554.797: Total time for which application threads were stopped: 0.0003390 seconds, Stopping threads took: 0.0000885 seconds
2018-12-01T15:14:54.597-0800: 5555.801: Total time for which application threads were stopped: 0.0004937 seconds, Stopping threads took: 0.0000762 seconds
2018-12-01T15:14:54.603-0800: 5555.807: Total time for which application threads were stopped: 0.0001958 seconds, Stopping threads took: 0.0000812 seconds
2018-12-01T15:14:54.616-0800: 5555.820: Total time for which application threads were stopped: 0.0002732 seconds, Stopping threads took: 0.0000308 seconds
2018-12-01T15:14:54.621-0800: 5555.825: Total time for which application threads were stopped: 0.0001357 seconds, Stopping threads took: 0.0000256 seconds
{Heap before GC invocations=42 (full 2):
 par new generation   total 109248K, used 95600K [0x00000007a0000000, 0x00000007a8000000, 0x00000007a8000000)
  eden space 87424K,  99% used [0x00000007a0000000, 0x00000007a555e330, 0x00000007a5560000)
  from space 21824K,  37% used [0x00000007a5560000, 0x00000007a5d5dfc0, 0x00000007a6ab0000)
  to   space 21824K,   0% used [0x00000007a6ab0000, 0x00000007a6ab0000, 0x00000007a8000000)
 concurrent mark-sweep generation total 393216K, used 155781K [0x00000007a8000000, 0x00000007c0000000, 0x00000007c0000000)
 Metaspace       used 61342K, capacity 62858K, committed 63124K, reserved 1105920K
  class space    used 7134K, capacity 7494K, committed 7572K, reserved 1048576K
2018-12-01T15:14:54.621-0800: 5555.825: [GC (Allocation Failure) 2018-12-01T15:14:54.621-0800: 5555.825: [ParNew
Desired survivor size 20112992 bytes, new threshold 8 (max 8)
- age   1:    2876224 bytes,    2876224 total
- age   2:     602024 bytes,    3478248 total
- age   3:     149536 bytes,    3627784 total
- age   4:      45544 bytes,    3673328 total
- age   5:     255064 bytes,    3928392 total
- age   6:      70904 bytes,    3999296 total
- age   7:      53712 bytes,    4053008 total
- age   8:     156952 bytes,    4209960 total
: 95600K->5401K(109248K), 0.0272206 secs] 251382K->164452K(502464K), 0.0273480 secs] [Times: user=0.06 sys=0.01, real=0.02 secs] 
Heap after GC invocations=43 (full 2):
 par new generation   total 109248K, used 5401K [0x00000007a0000000, 0x00000007a8000000, 0x00000007a8000000)
  eden space 87424K,   0% used [0x00000007a0000000, 0x00000007a0000000, 0x00000007a5560000)
  from space 21824K,  24% used [0x00000007a6ab0000, 0x00000007a6ff64a0, 0x00000007a8000000)
  to   space 21824K,   0% used [0x00000007a5560000, 0x00000007a5560000, 0x00000007a6ab0000)
 concurrent mark-sweep generation total 393216K, used 159050K [0x00000007a8000000, 0x00000007c0000000, 0x00000007c0000000)
 Metaspace       used 61342K, capacity 62858K, committed 63124K, reserved 1105920K
  class space    used 7134K, capacity 7494K, committed 7572K, reserved 1048576K
}
2018-12-01T15:14:54.649-0800: 5555.853: Total time for which application threads were stopped: 0.0276184 seconds, Stopping threads took: 0.0000455 seconds
2018-12-01T15:14:54.650-0800: 5555.853: Total time for which application threads were stopped: 0.0001348 seconds, Stopping threads took: 0.0000239 seconds
2018-12-01T15:14:54.650-0800: 5555.854: Total time for which application threads were stopped: 0.0000821 seconds, Stopping threads took: 0.0000130 seconds
2018-12-01T15:14:54.654-0800: 5555.858: Total time for which application threads were stopped: 0.0001870 seconds, Stopping threads took: 0.0000454 seconds
2018-12-01T15:14:54.671-0800: 5555.875: Total time for which application threads were stopped: 0.0003727 seconds, Stopping threads took: 0.0000670 seconds
2018-12-01T15:14:54.682-0800: 5555.886: Total time for which application threads were stopped: 0.0001825 seconds, Stopping threads took: 0.0000601 seconds
2018-12-01T15:14:54.684-0800: 5555.888: Total time for which application threads were stopped: 0.0001106 seconds, Stopping threads took: 0.0000379 seconds
2018-12-01T15:14:54.684-0800: 5555.888: Total time for which application threads were stopped: 0.0001369 seconds, Stopping threads took: 0.0000346 seconds
2018-12-01T15:14:54.684-0800: 5555.888: Total time for which application threads were stopped: 0.0000999 seconds, Stopping threads took: 0.0000517 seconds
2018-12-01T15:14:54.686-0800: 5555.890: Total time for which application threads were stopped: 0.0001658 seconds, Stopping threads took: 0.0000446 seconds
2018-12-01T15:14:54.700-0800: 5555.904: Total time for which application threads were stopped: 0.0001745 seconds, Stopping threads took: 0.0000487 seconds
2018-12-01T15:14:54.710-0800: 5555.914: Total time for which application threads were stopped: 0.0003258 seconds, Stopping threads took: 0.0001167 seconds
2018-12-01T15:14:54.711-0800: 5555.915: Total time for which application threads were stopped: 0.0003424 seconds, Stopping threads took: 0.0000985 seconds
2018-12-01T15:14:54.712-0800: 5555.916: Total time for which application threads were stopped: 0.0002819 seconds, Stopping threads took: 0.0000746 seconds
2018-12-01T15:14:54.715-0800: 5555.919: Total time for which application threads were stopped: 0.0001207 seconds, Stopping threads took: 0.0000259 seconds
2018-12-01T15:14:56.134-0800: 5557.337: Total time for which application threads were stopped: 0.0001530 seconds, Stopping threads took: 0.0000413 seconds
2018-12-01T15:14:57.759-0800: 5558.963: Total time for which application threads were stopped: 0.0001270 seconds, Stopping threads took: 0.0000309 seconds
2018-12-01T15:14:59.609-0800: 5560.813: Total time for which application threads were stopped: 0.0001484 seconds, Stopping threads took: 0.0000309 seconds
2018-12-01T15:14:59.610-0800: 5560.813: Total time for which application threads were stopped: 0.0000871 seconds, Stopping threads took: 0.0000153 seconds
2018-12-01T15:15:01.608-0800: 5562.811: Total time for which application threads were stopped: 0.0001420 seconds, Stopping threads took: 0.0000333 seconds
2018-12-01T15:15:03.306-0800: 5564.509: Total time for which application threads were stopped: 0.0001834 seconds, Stopping threads took: 0.0000587 seconds
2018-12-01T15:15:03.314-0800: 5564.517: Total time for which application threads were stopped: 0.0001159 seconds, Stopping threads took: 0.0000243 seconds
2018-12-01T15:15:03.314-0800: 5564.518: Total time for which application threads were stopped: 0.0000806 seconds, Stopping threads took: 0.0000123 seconds
2018-12-01T15:15:03.315-0800: 5564.518: Total time for which application threads were stopped: 0.0001037 seconds, Stopping threads took: 0.0000329 seconds
2018-12-01T15:15:03.315-0800: 5564.518: Total time for which application threads were stopped: 0.0001092 seconds, Stopping threads took: 0.0000140 seconds
2018-12-01T15:15:03.316-0800: 5564.520: Total time for which application threads were stopped: 0.0002558 seconds, Stopping threads took: 0.0000432 seconds
2018-12-01T15:15:03.316-0800: 5564.520: Total time for which application threads were stopped: 0.0001751 seconds, Stopping threads took: 0.0001050 seconds
2018-12-01T15:15:03.318-0800: 5564.521: Total time for which application threads were stopped: 0.0001455 seconds, Stopping threads took: 0.0000621 seconds
2018-12-01T15:15:03.318-0800: 5564.522: Total time for which application threads were stopped: 0.0000854 seconds, Stopping threads took: 0.0000329 seconds
2018-12-01T15:15:03.319-0800: 5564.522: Total time for which application threads were stopped: 0.0000850 seconds, Stopping threads took: 0.0000210 seconds
2018-12-01T15:15:03.319-0800: 5564.522: Total time for which application threads were stopped: 0.0001100 seconds, Stopping threads took: 0.0000575 seconds
2018-12-01T15:15:03.319-0800: 5564.522: Total time for which application threads were stopped: 0.0000942 seconds, Stopping threads took: 0.0000256 seconds
2018-12-01T15:15:03.319-0800: 5564.523: Total time for which application threads were stopped: 0.0002421 seconds, Stopping threads took: 0.0000115 seconds
2018-12-01T15:15:03.322-0800: 5564.525: Total time for which application threads were stopped: 0.0001278 seconds, Stopping threads took: 0.0000389 seconds
2018-12-01T15:15:03.324-0800: 5564.528: Total time for which application threads were stopped: 0.0001022 seconds, Stopping threads took: 0.0000406 seconds
2018-12-01T15:15:03.325-0800: 5564.529: Total time for which application threads were stopped: 0.0001171 seconds, Stopping threads took: 0.0000461 seconds
2018-12-01T15:15:03.326-0800: 5564.530: Total time for which application threads were stopped: 0.0000799 seconds, Stopping threads took: 0.0000291 seconds
2018-12-01T15:15:03.326-0800: 5564.530: Total time for which application threads were stopped: 0.0001037 seconds, Stopping threads took: 0.0000376 seconds
2018-12-01T15:15:03.327-0800: 5564.530: Total time for which application threads were stopped: 0.0000799 seconds, Stopping threads took: 0.0000357 seconds
Heap
 par new generation   total 109248K, used 16168K [0x00000007a0000000, 0x00000007a8000000, 0x00000007a8000000)
  eden space 87424K,  12% used [0x00000007a0000000, 0x00000007a0a83e70, 0x00000007a5560000)
  from space 21824K,  24% used [0x00000007a6ab0000, 0x00000007a6ff64a0, 0x00000007a8000000)
  to   space 21824K,   0% used [0x00000007a5560000, 0x00000007a5560000, 0x00000007a6ab0000)
 concurrent mark-sweep generation total 393216K, used 159050K [0x00000007a8000000, 0x00000007c0000000, 0x00000007c0000000)
 Metaspace       used 61493K, capacity 62948K, committed 63124K, reserved 1105920K
  class space    used 7145K, capacity 7501K, committed 7572K, reserved 1048576K
